Warning 1212: /home/user/ATLAS-MICRO-2026/syn/lib/asap7_simple.lib line 71029, timing group from output port.
Warning 1212: /home/user/ATLAS-MICRO-2026/syn/lib/asap7_simple.lib line 71505, timing group from output port.
Warning 1212: /home/user/ATLAS-MICRO-2026/syn/lib/asap7_simple.lib line 71981, timing group from output port.
Warning 1212: /home/user/ATLAS-MICRO-2026/syn/lib/asap7_simple.lib line 72457, timing group from output port.
Warning 1212: /home/user/ATLAS-MICRO-2026/syn/lib/asap7_simple.lib line 72933, timing group from output port.
Warning 1212: /home/user/ATLAS-MICRO-2026/syn/lib/asap7_simple.lib line 73409, timing group from output port.
Warning 1212: /home/user/ATLAS-MICRO-2026/syn/lib/asap7_simple.lib line 73885, timing group from output port.
Warning 1212: /home/user/ATLAS-MICRO-2026/syn/lib/asap7_simple.lib line 81795, timing group from output port.
Warning 1212: /home/user/ATLAS-MICRO-2026/syn/lib/asap7_simple.lib line 82271, timing group from output port.
Warning 1212: /home/user/ATLAS-MICRO-2026/syn/lib/asap7_simple.lib line 82747, timing group from output port.
==========================================================
  ATLAS static timing analysis
==========================================================
 time 1ns
 capacitance 1fF
 resistance 1kohm
 voltage 1v
 current 1mA
 power 1pW
 distance 1um

---------- clocks ----------
Clock                   Period          Waveform
----------------------------------------------------
clk                       1.00        0.00      0.50

---------- setup (max) : critical path ----------
Warning 503: atlas_exp_f32_asap7.tcl line 1, report_checks -group_count is deprecated. Use -group_path_count instead.
Startpoint: _12758_ (rising edge-triggered flip-flop clocked by clk)
Endpoint: _12789_ (rising edge-triggered flip-flop clocked by clk)
Path Group: clk
Path Type: max

    Delay      Time   Description
-------------------------------------------------------------
   0.0000    0.0000   clock clk (rise edge)
   0.0000    0.0000   clock network delay (ideal)
   0.0000    0.0000 ^ _12758_/CLK (DFFHQNx1_ASAP7_75t_R)
   0.0769    0.0769 v _12758_/QN (DFFHQNx1_ASAP7_75t_R)
   0.0460    0.1230 v _06803_/Y (XOR2x2_ASAP7_75t_R)
   0.0358    0.1588 ^ _06943_/Y (NAND2x1_ASAP7_75t_R)
   0.0342    0.1930 v _06944_/Y (XOR2xp5_ASAP7_75t_R)
   0.0392    0.2322 v _07169_/Y (XNOR2xp5_ASAP7_75t_R)
   0.0301    0.2623 v _07218_/Y (XNOR2xp5_ASAP7_75t_R)
   0.0340    0.2963 v _07219_/Y (XNOR2xp5_ASAP7_75t_R)
   0.0277    0.3239 v _07271_/Y (XOR2xp5_ASAP7_75t_R)
   0.0292    0.3531 v _07272_/Y (XNOR2xp5_ASAP7_75t_R)
   0.0280    0.3811 v _07325_/Y (XNOR2xp5_ASAP7_75t_R)
   0.0340    0.4150 v _07326_/Y (XNOR2xp5_ASAP7_75t_R)
   0.0308    0.4458 v _07337_/Y (XNOR2xp5_ASAP7_75t_R)
   0.0307    0.4766 v _07338_/Y (XNOR2xp5_ASAP7_75t_R)
   0.0304    0.5069 v _07394_/Y (XNOR2xp5_ASAP7_75t_R)
   0.0306    0.5375 v _07395_/Y (XNOR2xp5_ASAP7_75t_R)
   0.0334    0.5710 v _07437_/Y (XNOR2xp5_ASAP7_75t_R)
   0.0257    0.5967 v _07570_/Y (AND2x2_ASAP7_75t_R)
   0.0423    0.6390 v _07575_/Y (OR5x1_ASAP7_75t_R)
   0.0112    0.6503 ^ _07576_/Y (INVxp67_ASAP7_75t_R)
   0.0203    0.6706 ^ _07946_/Y (AND2x2_ASAP7_75t_R)
   0.0103    0.6809 v _07947_/Y (NOR2x1_ASAP7_75t_R)
   0.0149    0.6957 ^ _07948_/Y (NOR2x1_ASAP7_75t_R)
   0.0301    0.7258 v _07949_/Y (NOR3x1_ASAP7_75t_R)
   0.0288    0.7546 v _08341_/Y (XOR2xp5_ASAP7_75t_R)
   0.0311    0.7856 ^ _08342_/Y (XNOR2xp5_ASAP7_75t_R)
   0.0199    0.8056 v _08343_/Y (NAND2x1_ASAP7_75t_R)
   0.0162    0.8218 ^ _08347_/Y (NOR2x1_ASAP7_75t_R)
   0.0540    0.8758 v _08348_/Y (NAND5xp2_ASAP7_75t_R)
   0.0960    0.9717 ^ _08349_/Y (NOR5xp2_ASAP7_75t_R)
   0.0351    1.0068 v _08666_/Y (NAND2xp67_ASAP7_75t_R)
   0.0584    1.0652 ^ _08667_/Y (XNOR2x2_ASAP7_75t_R)
   0.0582    1.1234 v _08691_/Y (XNOR2x2_ASAP7_75t_R)
   0.0201    1.1435 ^ _08692_/Y (NOR2x2_ASAP7_75t_R)
   0.0182    1.1618 v _09510_/Y (NOR2x1_ASAP7_75t_R)
   0.0201    1.1819 ^ _09511_/Y (NOR2x1_ASAP7_75t_R)
   0.0167    1.1985 v _10426_/Y (NOR2xp33_ASAP7_75t_R)
   0.0134    1.2119 ^ _10427_/Y (NOR2xp33_ASAP7_75t_R)
   0.0145    1.2265 v _10429_/Y (NOR2xp33_ASAP7_75t_R)
   0.0127    1.2392 ^ _10430_/Y (NOR2xp33_ASAP7_75t_R)
   0.0145    1.2537 v _10434_/Y (NOR2xp33_ASAP7_75t_R)
   0.0133    1.2670 ^ _10435_/Y (NOR2xp33_ASAP7_75t_R)
   0.0124    1.2794 v _10436_/Y (NOR2xp33_ASAP7_75t_R)
   0.0148    1.2942 ^ _10437_/Y (NOR2xp33_ASAP7_75t_R)
   0.0221    1.3164 ^ _10438_/Y (OR2x2_ASAP7_75t_R)
   0.0149    1.3313 ^ _10439_/Y (BUFx3_ASAP7_75t_R)
   0.0000    1.3313 ^ _12789_/D (DFFHQNx1_ASAP7_75t_R)
             1.3313   data arrival time

   1.0000    1.0000   clock clk (rise edge)
   0.0000    1.0000   clock network delay (ideal)
  -0.0500    0.9500   clock uncertainty
   0.0000    0.9500   clock reconvergence pessimism
             0.9500 ^ _12789_/CLK (DFFHQNx1_ASAP7_75t_R)
  -0.0077    0.9423   library setup time
             0.9423   data required time
-------------------------------------------------------------
             0.9423   data required time
            -1.3313   data arrival time
-------------------------------------------------------------
            -0.3890   slack (VIOLATED)


Startpoint: _12758_ (rising edge-triggered flip-flop clocked by clk)
Endpoint: _12763_ (rising edge-triggered flip-flop clocked by clk)
Path Group: clk
Path Type: max

    Delay      Time   Description
-------------------------------------------------------------
   0.0000    0.0000   clock clk (rise edge)
   0.0000    0.0000   clock network delay (ideal)
   0.0000    0.0000 ^ _12758_/CLK (DFFHQNx1_ASAP7_75t_R)
   0.0769    0.0769 v _12758_/QN (DFFHQNx1_ASAP7_75t_R)
   0.0460    0.1230 v _06803_/Y (XOR2x2_ASAP7_75t_R)
   0.0358    0.1588 ^ _06943_/Y (NAND2x1_ASAP7_75t_R)
   0.0342    0.1930 v _06944_/Y (XOR2xp5_ASAP7_75t_R)
   0.0392    0.2322 v _07169_/Y (XNOR2xp5_ASAP7_75t_R)
   0.0301    0.2623 v _07218_/Y (XNOR2xp5_ASAP7_75t_R)
   0.0340    0.2963 v _07219_/Y (XNOR2xp5_ASAP7_75t_R)
   0.0277    0.3239 v _07271_/Y (XOR2xp5_ASAP7_75t_R)
   0.0292    0.3531 v _07272_/Y (XNOR2xp5_ASAP7_75t_R)
   0.0280    0.3811 v _07325_/Y (XNOR2xp5_ASAP7_75t_R)
   0.0340    0.4150 v _07326_/Y (XNOR2xp5_ASAP7_75t_R)
   0.0308    0.4458 v _07337_/Y (XNOR2xp5_ASAP7_75t_R)
   0.0307    0.4766 v _07338_/Y (XNOR2xp5_ASAP7_75t_R)
   0.0304    0.5069 v _07394_/Y (XNOR2xp5_ASAP7_75t_R)
   0.0306    0.5375 v _07395_/Y (XNOR2xp5_ASAP7_75t_R)
   0.0334    0.5710 v _07437_/Y (XNOR2xp5_ASAP7_75t_R)
   0.0257    0.5967 v _07570_/Y (AND2x2_ASAP7_75t_R)
   0.0423    0.6390 v _07575_/Y (OR5x1_ASAP7_75t_R)
   0.0112    0.6503 ^ _07576_/Y (INVxp67_ASAP7_75t_R)
   0.0203    0.6706 ^ _07946_/Y (AND2x2_ASAP7_75t_R)
   0.0103    0.6809 v _07947_/Y (NOR2x1_ASAP7_75t_R)
   0.0149    0.6957 ^ _07948_/Y (NOR2x1_ASAP7_75t_R)
   0.0301    0.7258 v _07949_/Y (NOR3x1_ASAP7_75t_R)
   0.0288    0.7546 v _08341_/Y (XOR2xp5_ASAP7_75t_R)
   0.0311    0.7856 ^ _08342_/Y (XNOR2xp5_ASAP7_75t_R)
   0.0199    0.8056 v _08343_/Y (NAND2x1_ASAP7_75t_R)
   0.0162    0.8218 ^ _08347_/Y (NOR2x1_ASAP7_75t_R)
   0.0540    0.8758 v _08348_/Y (NAND5xp2_ASAP7_75t_R)
   0.0960    0.9717 ^ _08349_/Y (NOR5xp2_ASAP7_75t_R)
   0.0351    1.0068 v _08666_/Y (NAND2xp67_ASAP7_75t_R)
   0.0423    1.0491 ^ _08708_/Y (XNOR2x2_ASAP7_75t_R)
   0.0339    1.0830 ^ _08709_/Y (BUFx2_ASAP7_75t_R)
   0.0267    1.1097 v _08710_/Y (NOR2x1_ASAP7_75t_R)
   0.0287    1.1384 ^ _08727_/Y (NAND2x1_ASAP7_75t_R)
   0.0211    1.1595 v _08852_/Y (NAND2xp5_ASAP7_75t_R)
   0.0246    1.1841 ^ _08853_/Y (NAND2xp33_ASAP7_75t_R)
   0.0240    1.2082 ^ _08854_/Y (AND2x2_ASAP7_75t_R)
   0.0097    1.2179 v _08855_/Y (NOR2xp33_ASAP7_75t_R)
   0.0133    1.2312 ^ _08861_/Y (NOR2xp33_ASAP7_75t_R)
   0.0125    1.2437 v _08862_/Y (NOR2xp33_ASAP7_75t_R)
   0.0132    1.2570 ^ _08863_/Y (NOR2xp33_ASAP7_75t_R)
   0.0125    1.2694 v _08864_/Y (NOR2xp33_ASAP7_75t_R)
   0.0130    1.2824 ^ _08865_/Y (NOR2xp33_ASAP7_75t_R)
   0.0142    1.2967 v _08866_/Y (NOR2xp33_ASAP7_75t_R)
   0.0251    1.3218 v _08867_/Y (OR2x2_ASAP7_75t_R)
   0.0165    1.3383 v _08868_/Y (BUFx3_ASAP7_75t_R)
   0.0000    1.3383 v _12763_/D (DFFHQNx1_ASAP7_75t_R)
             1.3383   data arrival time

   1.0000    1.0000   clock clk (rise edge)
   0.0000    1.0000   clock network delay (ideal)
  -0.0500    0.9500   clock uncertainty
   0.0000    0.9500   clock reconvergence pessimism
             0.9500 ^ _12763_/CLK (DFFHQNx1_ASAP7_75t_R)
   0.0005    0.9505   library setup time
             0.9505   data required time
-------------------------------------------------------------
             0.9505   data required time
            -1.3383   data arrival time
-------------------------------------------------------------
            -0.3878   slack (VIOLATED)


Startpoint: _12758_ (rising edge-triggered flip-flop clocked by clk)
Endpoint: _12771_ (rising edge-triggered flip-flop clocked by clk)
Path Group: clk
Path Type: max

    Delay      Time   Description
-------------------------------------------------------------
   0.0000    0.0000   clock clk (rise edge)
   0.0000    0.0000   clock network delay (ideal)
   0.0000    0.0000 ^ _12758_/CLK (DFFHQNx1_ASAP7_75t_R)
   0.0769    0.0769 v _12758_/QN (DFFHQNx1_ASAP7_75t_R)
   0.0460    0.1230 v _06803_/Y (XOR2x2_ASAP7_75t_R)
   0.0358    0.1588 ^ _06943_/Y (NAND2x1_ASAP7_75t_R)
   0.0342    0.1930 v _06944_/Y (XOR2xp5_ASAP7_75t_R)
   0.0392    0.2322 v _07169_/Y (XNOR2xp5_ASAP7_75t_R)
   0.0301    0.2623 v _07218_/Y (XNOR2xp5_ASAP7_75t_R)
   0.0340    0.2963 v _07219_/Y (XNOR2xp5_ASAP7_75t_R)
   0.0277    0.3239 v _07271_/Y (XOR2xp5_ASAP7_75t_R)
   0.0292    0.3531 v _07272_/Y (XNOR2xp5_ASAP7_75t_R)
   0.0280    0.3811 v _07325_/Y (XNOR2xp5_ASAP7_75t_R)
   0.0340    0.4150 v _07326_/Y (XNOR2xp5_ASAP7_75t_R)
   0.0308    0.4458 v _07337_/Y (XNOR2xp5_ASAP7_75t_R)
   0.0307    0.4766 v _07338_/Y (XNOR2xp5_ASAP7_75t_R)
   0.0304    0.5069 v _07394_/Y (XNOR2xp5_ASAP7_75t_R)
   0.0306    0.5375 v _07395_/Y (XNOR2xp5_ASAP7_75t_R)
   0.0334    0.5710 v _07437_/Y (XNOR2xp5_ASAP7_75t_R)
   0.0257    0.5967 v _07570_/Y (AND2x2_ASAP7_75t_R)
   0.0423    0.6390 v _07575_/Y (OR5x1_ASAP7_75t_R)
   0.0112    0.6503 ^ _07576_/Y (INVxp67_ASAP7_75t_R)
   0.0203    0.6706 ^ _07946_/Y (AND2x2_ASAP7_75t_R)
   0.0103    0.6809 v _07947_/Y (NOR2x1_ASAP7_75t_R)
   0.0149    0.6957 ^ _07948_/Y (NOR2x1_ASAP7_75t_R)
   0.0301    0.7258 v _07949_/Y (NOR3x1_ASAP7_75t_R)
   0.0288    0.7546 v _08341_/Y (XOR2xp5_ASAP7_75t_R)
   0.0311    0.7856 ^ _08342_/Y (XNOR2xp5_ASAP7_75t_R)
   0.0199    0.8056 v _08343_/Y (NAND2x1_ASAP7_75t_R)
   0.0162    0.8218 ^ _08347_/Y (NOR2x1_ASAP7_75t_R)
   0.0540    0.8758 v _08348_/Y (NAND5xp2_ASAP7_75t_R)
   0.0960    0.9717 ^ _08349_/Y (NOR5xp2_ASAP7_75t_R)
   0.0443    1.0161 v _08350_/Y (NAND3xp33_ASAP7_75t_R)
   0.0473    1.0633 ^ _08665_/Y (XNOR2x2_ASAP7_75t_R)
   0.0194    1.0828 v _08673_/Y (INVx3_ASAP7_75t_R)
   0.0280    1.1108 v _08702_/Y (BUFx6f_ASAP7_75t_R)
   0.0226    1.1334 ^ _08847_/Y (NAND2x1p5_ASAP7_75t_R)
   0.0184    1.1518 v _09001_/Y (NOR2x1_ASAP7_75t_R)
   0.0215    1.1733 ^ _09125_/Y (NOR2xp33_ASAP7_75t_R)
   0.0231    1.1964 ^ _09544_/Y (AND2x2_ASAP7_75t_R)
   0.0115    1.2079 v _09545_/Y (NOR2xp33_ASAP7_75t_R)
   0.0177    1.2256 ^ _09548_/Y (NOR3xp33_ASAP7_75t_R)
   0.0143    1.2400 v _09549_/Y (NOR2xp33_ASAP7_75t_R)
   0.0147    1.2547 ^ _09550_/Y (NOR2xp33_ASAP7_75t_R)
   0.0128    1.2675 v _09551_/Y (NOR2xp33_ASAP7_75t_R)
   0.0130    1.2804 ^ _09552_/Y (NOR2xp33_ASAP7_75t_R)
   0.0141    1.2945 v _09553_/Y (NOR2xp33_ASAP7_75t_R)
   0.0266    1.3211 v _09587_/Y (OR2x2_ASAP7_75t_R)
   0.0165    1.3377 v _09588_/Y (BUFx3_ASAP7_75t_R)
   0.0000    1.3377 v _12771_/D (DFFHQNx1_ASAP7_75t_R)
             1.3377   data arrival time

   1.0000    1.0000   clock clk (rise edge)
   0.0000    1.0000   clock network delay (ideal)
  -0.0500    0.9500   clock uncertainty
   0.0000    0.9500   clock reconvergence pessimism
             0.9500 ^ _12771_/CLK (DFFHQNx1_ASAP7_75t_R)
   0.0005    0.9505   library setup time
             0.9505   data required time
-------------------------------------------------------------
             0.9505   data required time
            -1.3377   data arrival time
-------------------------------------------------------------
            -0.3872   slack (VIOLATED)



---------- hold (min) : critical path ----------
Warning 503: atlas_exp_f32_asap7.tcl line 1, report_checks -group_count is deprecated. Use -group_path_count instead.
Startpoint: _12835_ (rising edge-triggered flip-flop clocked by clk)
Endpoint: _12866_ (rising edge-triggered flip-flop clocked by clk)
Path Group: clk
Path Type: min

    Delay      Time   Description
-------------------------------------------------------------
   0.0000    0.0000   clock clk (rise edge)
   0.0000    0.0000   clock network delay (ideal)
   0.0000    0.0000 ^ _12835_/CLK (DFFHQNx1_ASAP7_75t_R)
   0.0501    0.0501 ^ _12835_/QN (DFFHQNx1_ASAP7_75t_R)
   0.0080    0.0581 v _12727_/Y (INVx1_ASAP7_75t_R)
   0.0000    0.0581 v _12866_/D (DFFHQNx1_ASAP7_75t_R)
             0.0581   data arrival time

   0.0000    0.0000   clock clk (rise edge)
   0.0000    0.0000   clock network delay (ideal)
   0.0500    0.0500   clock uncertainty
   0.0000    0.0500   clock reconvergence pessimism
             0.0500 ^ _12866_/CLK (DFFHQNx1_ASAP7_75t_R)
   0.0149    0.0649   library hold time
             0.0649   data required time
-------------------------------------------------------------
             0.0649   data required time
            -0.0581   data arrival time
-------------------------------------------------------------
            -0.0068   slack (VIOLATED)


Startpoint: _12837_ (rising edge-triggered flip-flop clocked by clk)
Endpoint: _12868_ (rising edge-triggered flip-flop clocked by clk)
Path Group: clk
Path Type: min

    Delay      Time   Description
-------------------------------------------------------------
   0.0000    0.0000   clock clk (rise edge)
   0.0000    0.0000   clock network delay (ideal)
   0.0000    0.0000 ^ _12837_/CLK (DFFHQNx1_ASAP7_75t_R)
   0.0501    0.0501 ^ _12837_/QN (DFFHQNx1_ASAP7_75t_R)
   0.0080    0.0581 v _12728_/Y (INVx1_ASAP7_75t_R)
   0.0000    0.0581 v _12868_/D (DFFHQNx1_ASAP7_75t_R)
             0.0581   data arrival time

   0.0000    0.0000   clock clk (rise edge)
   0.0000    0.0000   clock network delay (ideal)
   0.0500    0.0500   clock uncertainty
   0.0000    0.0500   clock reconvergence pessimism
             0.0500 ^ _12868_/CLK (DFFHQNx1_ASAP7_75t_R)
   0.0149    0.0649   library hold time
             0.0649   data required time
-------------------------------------------------------------
             0.0649   data required time
            -0.0581   data arrival time
-------------------------------------------------------------
            -0.0068   slack (VIOLATED)


Startpoint: _12838_ (rising edge-triggered flip-flop clocked by clk)
Endpoint: _12869_ (rising edge-triggered flip-flop clocked by clk)
Path Group: clk
Path Type: min

    Delay      Time   Description
-------------------------------------------------------------
   0.0000    0.0000   clock clk (rise edge)
   0.0000    0.0000   clock network delay (ideal)
   0.0000    0.0000 ^ _12838_/CLK (DFFHQNx1_ASAP7_75t_R)
   0.0501    0.0501 ^ _12838_/QN (DFFHQNx1_ASAP7_75t_R)
   0.0080    0.0581 v _12729_/Y (INVx1_ASAP7_75t_R)
   0.0000    0.0581 v _12869_/D (DFFHQNx1_ASAP7_75t_R)
             0.0581   data arrival time

   0.0000    0.0000   clock clk (rise edge)
   0.0000    0.0000   clock network delay (ideal)
   0.0500    0.0500   clock uncertainty
   0.0000    0.0500   clock reconvergence pessimism
             0.0500 ^ _12869_/CLK (DFFHQNx1_ASAP7_75t_R)
   0.0149    0.0649   library hold time
             0.0649   data required time
-------------------------------------------------------------
             0.0649   data required time
            -0.0581   data arrival time
-------------------------------------------------------------
            -0.0068   slack (VIOLATED)



---------- slack summary ----------
setup WNS : -0.3890 ns
hold  WNS : -0.0068 ns
tns max -19.61
wns max -0.39

---------- design rule checks ----------

---------- power ----------
Group                  Internal  Switching    Leakage      Total
                          Power      Power      Power      Power (Watts)
----------------------------------------------------------------
Sequential           1.0940e-03 3.1152e-05 3.1725e-08 1.1251e-03   2.1%
Combinational        2.3524e-02 2.9395e-02 2.6773e-07 5.2919e-02  97.9%
Clock                0.0000e+00 0.0000e+00 0.0000e+00 0.0000e+00   0.0%
Macro                0.0000e+00 0.0000e+00 0.0000e+00 0.0000e+00   0.0%
Pad                  0.0000e+00 0.0000e+00 0.0000e+00 0.0000e+00   0.0%
----------------------------------------------------------------
Total                2.4618e-02 2.9426e-02 2.9945e-07 5.4044e-02 100.0%
                          45.6%      54.4%       0.0%

RESULT: TIMING NOT MET (setup WNS -0.3890 ns)
