Warning 1212: /home/user/ATLAS-MICRO-2026/syn/lib/asap7_simple.lib line 71029, timing group from output port.
Warning 1212: /home/user/ATLAS-MICRO-2026/syn/lib/asap7_simple.lib line 71505, timing group from output port.
Warning 1212: /home/user/ATLAS-MICRO-2026/syn/lib/asap7_simple.lib line 71981, timing group from output port.
Warning 1212: /home/user/ATLAS-MICRO-2026/syn/lib/asap7_simple.lib line 72457, timing group from output port.
Warning 1212: /home/user/ATLAS-MICRO-2026/syn/lib/asap7_simple.lib line 72933, timing group from output port.
Warning 1212: /home/user/ATLAS-MICRO-2026/syn/lib/asap7_simple.lib line 73409, timing group from output port.
Warning 1212: /home/user/ATLAS-MICRO-2026/syn/lib/asap7_simple.lib line 73885, timing group from output port.
Warning 1212: /home/user/ATLAS-MICRO-2026/syn/lib/asap7_simple.lib line 81795, timing group from output port.
Warning 1212: /home/user/ATLAS-MICRO-2026/syn/lib/asap7_simple.lib line 82271, timing group from output port.
Warning 1212: /home/user/ATLAS-MICRO-2026/syn/lib/asap7_simple.lib line 82747, timing group from output port.
==========================================================
  ATLAS static timing analysis
==========================================================
 time 1ns
 capacitance 1fF
 resistance 1kohm
 voltage 1v
 current 1mA
 power 1pW
 distance 1um

---------- clocks ----------
Clock                   Period          Waveform
----------------------------------------------------
clk                       1.00        0.00      0.50

---------- setup (max) : critical path ----------
Warning 503: atlas_silu_f32_asap7.tcl line 1, report_checks -group_count is deprecated. Use -group_path_count instead.
Startpoint: _29248_ (rising edge-triggered flip-flop clocked by clk)
Endpoint: _29223_ (rising edge-triggered flip-flop clocked by clk)
Path Group: clk
Path Type: max

    Delay      Time   Description
-------------------------------------------------------------
   0.0000    0.0000   clock clk (rise edge)
   0.0000    0.0000   clock network delay (ideal)
   0.0000    0.0000 ^ _29248_/CLK (DFFHQNx1_ASAP7_75t_R)
   0.0814    0.0814 ^ _29248_/QN (DFFHQNx1_ASAP7_75t_R)
   0.0369    0.1183 ^ _22623_/Y (XNOR2x1_ASAP7_75t_R)
   0.0221    0.1404 v _22624_/Y (NAND2xp5_ASAP7_75t_R)
   0.0190    0.1595 ^ _22625_/Y (NAND2x1_ASAP7_75t_R)
   0.0277    0.1872 ^ _22626_/Y (XNOR2x1_ASAP7_75t_R)
   0.0281    0.2152 ^ _22627_/Y (XOR2x1_ASAP7_75t_R)
   0.0271    0.2423 ^ _22628_/Y (XNOR2x1_ASAP7_75t_R)
   0.0332    0.2755 ^ _22731_/Y (XOR2xp5_ASAP7_75t_R)
   0.0313    0.3068 ^ _22732_/Y (XNOR2x1_ASAP7_75t_R)
   0.0284    0.3352 ^ _22758_/Y (XNOR2x1_ASAP7_75t_R)
   0.0288    0.3640 ^ _22759_/Y (XNOR2x1_ASAP7_75t_R)
   0.0337    0.3977 ^ _22786_/Y (XOR2xp5_ASAP7_75t_R)
   0.0291    0.4268 ^ _22787_/Y (XNOR2x1_ASAP7_75t_R)
   0.0201    0.4469 v _22936_/Y (XOR2xp5_ASAP7_75t_R)
   0.0289    0.4758 v _22937_/Y (XNOR2xp5_ASAP7_75t_R)
   0.0160    0.4918 ^ _22945_/Y (NOR2xp33_ASAP7_75t_R)
   0.0144    0.5062 v _22948_/Y (NOR2xp33_ASAP7_75t_R)
   0.0129    0.5191 ^ _22949_/Y (NOR2xp33_ASAP7_75t_R)
   0.0188    0.5379 v _22950_/Y (NOR2xp33_ASAP7_75t_R)
   0.0179    0.5557 ^ _22951_/Y (MAJIxp5_ASAP7_75t_R)
   0.0136    0.5693 v _22952_/Y (NOR2xp33_ASAP7_75t_R)
   0.0129    0.5822 ^ _22956_/Y (NOR2xp33_ASAP7_75t_R)
   0.0186    0.6008 v _22957_/Y (NOR2xp33_ASAP7_75t_R)
   0.0194    0.6201 ^ _22958_/Y (MAJIxp5_ASAP7_75t_R)
   0.0151    0.6352 v _23030_/Y (NAND3xp33_ASAP7_75t_R)
   0.0144    0.6496 ^ _23032_/Y (NAND2xp5_ASAP7_75t_R)
   0.0304    0.6800 ^ _23120_/Y (AND4x1_ASAP7_75t_R)
   0.0149    0.6949 v _23122_/Y (NOR2x1_ASAP7_75t_R)
   0.0135    0.7084 ^ _23191_/Y (NOR3x1_ASAP7_75t_R)
   0.0129    0.7213 v _23193_/Y (NOR2x1_ASAP7_75t_R)
   0.0141    0.7354 ^ _23225_/Y (NOR3xp33_ASAP7_75t_R)
   0.0166    0.7520 v _23228_/Y (NOR2xp33_ASAP7_75t_R)
   0.0178    0.7697 ^ _23242_/Y (NOR3xp33_ASAP7_75t_R)
   0.0263    0.7961 ^ _23245_/Y (OR2x2_ASAP7_75t_R)
   0.0202    0.8163 v _23246_/Y (MAJIxp5_ASAP7_75t_R)
   0.0319    0.8483 ^ _23247_/Y (MAJIxp5_ASAP7_75t_R)
   0.0276    0.8759 v _23248_/Y (MAJIxp5_ASAP7_75t_R)
   0.0322    0.9081 ^ _23249_/Y (MAJIxp5_ASAP7_75t_R)
   0.0273    0.9354 v _23250_/Y (MAJIxp5_ASAP7_75t_R)
   0.0327    0.9681 ^ _23251_/Y (MAJIxp5_ASAP7_75t_R)
   0.0273    0.9954 v _23252_/Y (MAJIxp5_ASAP7_75t_R)
   0.0322    1.0276 ^ _23253_/Y (MAJIxp5_ASAP7_75t_R)
   0.0281    1.0556 v _23254_/Y (MAJIxp5_ASAP7_75t_R)
   0.0333    1.0889 ^ _23255_/Y (MAJIxp5_ASAP7_75t_R)
   0.0275    1.1164 v _23256_/Y (MAJIxp5_ASAP7_75t_R)
   0.0329    1.1493 ^ _23257_/Y (MAJIxp5_ASAP7_75t_R)
   0.0275    1.1769 v _23258_/Y (MAJIxp5_ASAP7_75t_R)
   0.0335    1.2103 ^ _23259_/Y (MAJIxp5_ASAP7_75t_R)
   0.0331    1.2435 v _23260_/Y (MAJIxp5_ASAP7_75t_R)
   0.0422    1.2856 ^ _23261_/Y (MAJIxp5_ASAP7_75t_R)
   0.0365    1.3221 v _23262_/Y (MAJIxp5_ASAP7_75t_R)
   0.0442    1.3663 ^ _23263_/Y (MAJIxp5_ASAP7_75t_R)
   0.0286    1.3949 v _23264_/Y (MAJIxp5_ASAP7_75t_R)
   0.0349    1.4298 v _25343_/Y (MAJx2_ASAP7_75t_R)
   0.0286    1.4584 v _25396_/Y (MAJx2_ASAP7_75t_R)
   0.0286    1.4870 v _25436_/Y (MAJx2_ASAP7_75t_R)
   0.0286    1.5156 v _25480_/Y (MAJx2_ASAP7_75t_R)
   0.0285    1.5441 v _25520_/Y (MAJx2_ASAP7_75t_R)
   0.0285    1.5726 v _25554_/Y (MAJx2_ASAP7_75t_R)
   0.0285    1.6011 v _25589_/Y (MAJx2_ASAP7_75t_R)
   0.0285    1.6296 v _25628_/Y (MAJx2_ASAP7_75t_R)
   0.0285    1.6581 v _25657_/Y (MAJx2_ASAP7_75t_R)
   0.0285    1.6866 v _25683_/Y (MAJx2_ASAP7_75t_R)
   0.0285    1.7151 v _25705_/Y (MAJx2_ASAP7_75t_R)
   0.0184    1.7335 ^ _25723_/Y (MAJIxp5_ASAP7_75t_R)
   0.0389    1.7725 v _25730_/Y (XNOR2x2_ASAP7_75t_R)
   0.0000    1.7725 v _29223_/D (DFFHQNx1_ASAP7_75t_R)
             1.7725   data arrival time

   1.0000    1.0000   clock clk (rise edge)
   0.0000    1.0000   clock network delay (ideal)
  -0.0500    0.9500   clock uncertainty
   0.0000    0.9500   clock reconvergence pessimism
             0.9500 ^ _29223_/CLK (DFFHQNx1_ASAP7_75t_R)
  -0.0003    0.9497   library setup time
             0.9497   data required time
-------------------------------------------------------------
             0.9497   data required time
            -1.7725   data arrival time
-------------------------------------------------------------
            -0.8228   slack (VIOLATED)


Startpoint: _29248_ (rising edge-triggered flip-flop clocked by clk)
Endpoint: _29222_ (rising edge-triggered flip-flop clocked by clk)
Path Group: clk
Path Type: max

    Delay      Time   Description
-------------------------------------------------------------
   0.0000    0.0000   clock clk (rise edge)
   0.0000    0.0000   clock network delay (ideal)
   0.0000    0.0000 ^ _29248_/CLK (DFFHQNx1_ASAP7_75t_R)
   0.0814    0.0814 ^ _29248_/QN (DFFHQNx1_ASAP7_75t_R)
   0.0369    0.1183 ^ _22623_/Y (XNOR2x1_ASAP7_75t_R)
   0.0221    0.1404 v _22624_/Y (NAND2xp5_ASAP7_75t_R)
   0.0190    0.1595 ^ _22625_/Y (NAND2x1_ASAP7_75t_R)
   0.0277    0.1872 ^ _22626_/Y (XNOR2x1_ASAP7_75t_R)
   0.0281    0.2152 ^ _22627_/Y (XOR2x1_ASAP7_75t_R)
   0.0271    0.2423 ^ _22628_/Y (XNOR2x1_ASAP7_75t_R)
   0.0332    0.2755 ^ _22731_/Y (XOR2xp5_ASAP7_75t_R)
   0.0313    0.3068 ^ _22732_/Y (XNOR2x1_ASAP7_75t_R)
   0.0284    0.3352 ^ _22758_/Y (XNOR2x1_ASAP7_75t_R)
   0.0288    0.3640 ^ _22759_/Y (XNOR2x1_ASAP7_75t_R)
   0.0337    0.3977 ^ _22786_/Y (XOR2xp5_ASAP7_75t_R)
   0.0291    0.4268 ^ _22787_/Y (XNOR2x1_ASAP7_75t_R)
   0.0201    0.4469 v _22936_/Y (XOR2xp5_ASAP7_75t_R)
   0.0289    0.4758 v _22937_/Y (XNOR2xp5_ASAP7_75t_R)
   0.0160    0.4918 ^ _22945_/Y (NOR2xp33_ASAP7_75t_R)
   0.0144    0.5062 v _22948_/Y (NOR2xp33_ASAP7_75t_R)
   0.0129    0.5191 ^ _22949_/Y (NOR2xp33_ASAP7_75t_R)
   0.0188    0.5379 v _22950_/Y (NOR2xp33_ASAP7_75t_R)
   0.0179    0.5557 ^ _22951_/Y (MAJIxp5_ASAP7_75t_R)
   0.0136    0.5693 v _22952_/Y (NOR2xp33_ASAP7_75t_R)
   0.0129    0.5822 ^ _22956_/Y (NOR2xp33_ASAP7_75t_R)
   0.0186    0.6008 v _22957_/Y (NOR2xp33_ASAP7_75t_R)
   0.0194    0.6201 ^ _22958_/Y (MAJIxp5_ASAP7_75t_R)
   0.0151    0.6352 v _23030_/Y (NAND3xp33_ASAP7_75t_R)
   0.0144    0.6496 ^ _23032_/Y (NAND2xp5_ASAP7_75t_R)
   0.0304    0.6800 ^ _23120_/Y (AND4x1_ASAP7_75t_R)
   0.0149    0.6949 v _23122_/Y (NOR2x1_ASAP7_75t_R)
   0.0135    0.7084 ^ _23191_/Y (NOR3x1_ASAP7_75t_R)
   0.0129    0.7213 v _23193_/Y (NOR2x1_ASAP7_75t_R)
   0.0141    0.7354 ^ _23225_/Y (NOR3xp33_ASAP7_75t_R)
   0.0166    0.7520 v _23228_/Y (NOR2xp33_ASAP7_75t_R)
   0.0178    0.7697 ^ _23242_/Y (NOR3xp33_ASAP7_75t_R)
   0.0263    0.7961 ^ _23245_/Y (OR2x2_ASAP7_75t_R)
   0.0202    0.8163 v _23246_/Y (MAJIxp5_ASAP7_75t_R)
   0.0319    0.8483 ^ _23247_/Y (MAJIxp5_ASAP7_75t_R)
   0.0276    0.8759 v _23248_/Y (MAJIxp5_ASAP7_75t_R)
   0.0322    0.9081 ^ _23249_/Y (MAJIxp5_ASAP7_75t_R)
   0.0273    0.9354 v _23250_/Y (MAJIxp5_ASAP7_75t_R)
   0.0327    0.9681 ^ _23251_/Y (MAJIxp5_ASAP7_75t_R)
   0.0273    0.9954 v _23252_/Y (MAJIxp5_ASAP7_75t_R)
   0.0322    1.0276 ^ _23253_/Y (MAJIxp5_ASAP7_75t_R)
   0.0281    1.0556 v _23254_/Y (MAJIxp5_ASAP7_75t_R)
   0.0333    1.0889 ^ _23255_/Y (MAJIxp5_ASAP7_75t_R)
   0.0275    1.1164 v _23256_/Y (MAJIxp5_ASAP7_75t_R)
   0.0329    1.1493 ^ _23257_/Y (MAJIxp5_ASAP7_75t_R)
   0.0275    1.1769 v _23258_/Y (MAJIxp5_ASAP7_75t_R)
   0.0335    1.2103 ^ _23259_/Y (MAJIxp5_ASAP7_75t_R)
   0.0331    1.2435 v _23260_/Y (MAJIxp5_ASAP7_75t_R)
   0.0422    1.2856 ^ _23261_/Y (MAJIxp5_ASAP7_75t_R)
   0.0365    1.3221 v _23262_/Y (MAJIxp5_ASAP7_75t_R)
   0.0442    1.3663 ^ _23263_/Y (MAJIxp5_ASAP7_75t_R)
   0.0286    1.3949 v _23264_/Y (MAJIxp5_ASAP7_75t_R)
   0.0349    1.4298 v _25343_/Y (MAJx2_ASAP7_75t_R)
   0.0286    1.4584 v _25396_/Y (MAJx2_ASAP7_75t_R)
   0.0286    1.4870 v _25436_/Y (MAJx2_ASAP7_75t_R)
   0.0286    1.5156 v _25480_/Y (MAJx2_ASAP7_75t_R)
   0.0285    1.5441 v _25520_/Y (MAJx2_ASAP7_75t_R)
   0.0285    1.5726 v _25554_/Y (MAJx2_ASAP7_75t_R)
   0.0285    1.6011 v _25589_/Y (MAJx2_ASAP7_75t_R)
   0.0285    1.6296 v _25628_/Y (MAJx2_ASAP7_75t_R)
   0.0285    1.6581 v _25657_/Y (MAJx2_ASAP7_75t_R)
   0.0285    1.6866 v _25683_/Y (MAJx2_ASAP7_75t_R)
   0.0285    1.7151 v _25705_/Y (MAJx2_ASAP7_75t_R)
   0.0324    1.7475 ^ _25722_/Y (XOR2x2_ASAP7_75t_R)
   0.0000    1.7475 ^ _29222_/D (DFFHQNx1_ASAP7_75t_R)
             1.7475   data arrival time

   1.0000    1.0000   clock clk (rise edge)
   0.0000    1.0000   clock network delay (ideal)
  -0.0500    0.9500   clock uncertainty
   0.0000    0.9500   clock reconvergence pessimism
             0.9500 ^ _29222_/CLK (DFFHQNx1_ASAP7_75t_R)
  -0.0082    0.9418   library setup time
             0.9418   data required time
-------------------------------------------------------------
             0.9418   data required time
            -1.7475   data arrival time
-------------------------------------------------------------
            -0.8058   slack (VIOLATED)


Startpoint: _29248_ (rising edge-triggered flip-flop clocked by clk)
Endpoint: _29221_ (rising edge-triggered flip-flop clocked by clk)
Path Group: clk
Path Type: max

    Delay      Time   Description
-------------------------------------------------------------
   0.0000    0.0000   clock clk (rise edge)
   0.0000    0.0000   clock network delay (ideal)
   0.0000    0.0000 ^ _29248_/CLK (DFFHQNx1_ASAP7_75t_R)
   0.0814    0.0814 ^ _29248_/QN (DFFHQNx1_ASAP7_75t_R)
   0.0369    0.1183 ^ _22623_/Y (XNOR2x1_ASAP7_75t_R)
   0.0221    0.1404 v _22624_/Y (NAND2xp5_ASAP7_75t_R)
   0.0190    0.1595 ^ _22625_/Y (NAND2x1_ASAP7_75t_R)
   0.0277    0.1872 ^ _22626_/Y (XNOR2x1_ASAP7_75t_R)
   0.0281    0.2152 ^ _22627_/Y (XOR2x1_ASAP7_75t_R)
   0.0271    0.2423 ^ _22628_/Y (XNOR2x1_ASAP7_75t_R)
   0.0332    0.2755 ^ _22731_/Y (XOR2xp5_ASAP7_75t_R)
   0.0313    0.3068 ^ _22732_/Y (XNOR2x1_ASAP7_75t_R)
   0.0284    0.3352 ^ _22758_/Y (XNOR2x1_ASAP7_75t_R)
   0.0288    0.3640 ^ _22759_/Y (XNOR2x1_ASAP7_75t_R)
   0.0337    0.3977 ^ _22786_/Y (XOR2xp5_ASAP7_75t_R)
   0.0291    0.4268 ^ _22787_/Y (XNOR2x1_ASAP7_75t_R)
   0.0201    0.4469 v _22936_/Y (XOR2xp5_ASAP7_75t_R)
   0.0289    0.4758 v _22937_/Y (XNOR2xp5_ASAP7_75t_R)
   0.0160    0.4918 ^ _22945_/Y (NOR2xp33_ASAP7_75t_R)
   0.0144    0.5062 v _22948_/Y (NOR2xp33_ASAP7_75t_R)
   0.0129    0.5191 ^ _22949_/Y (NOR2xp33_ASAP7_75t_R)
   0.0188    0.5379 v _22950_/Y (NOR2xp33_ASAP7_75t_R)
   0.0179    0.5557 ^ _22951_/Y (MAJIxp5_ASAP7_75t_R)
   0.0136    0.5693 v _22952_/Y (NOR2xp33_ASAP7_75t_R)
   0.0129    0.5822 ^ _22956_/Y (NOR2xp33_ASAP7_75t_R)
   0.0186    0.6008 v _22957_/Y (NOR2xp33_ASAP7_75t_R)
   0.0194    0.6201 ^ _22958_/Y (MAJIxp5_ASAP7_75t_R)
   0.0151    0.6352 v _23030_/Y (NAND3xp33_ASAP7_75t_R)
   0.0144    0.6496 ^ _23032_/Y (NAND2xp5_ASAP7_75t_R)
   0.0304    0.6800 ^ _23120_/Y (AND4x1_ASAP7_75t_R)
   0.0149    0.6949 v _23122_/Y (NOR2x1_ASAP7_75t_R)
   0.0135    0.7084 ^ _23191_/Y (NOR3x1_ASAP7_75t_R)
   0.0129    0.7213 v _23193_/Y (NOR2x1_ASAP7_75t_R)
   0.0141    0.7354 ^ _23225_/Y (NOR3xp33_ASAP7_75t_R)
   0.0166    0.7520 v _23228_/Y (NOR2xp33_ASAP7_75t_R)
   0.0178    0.7697 ^ _23242_/Y (NOR3xp33_ASAP7_75t_R)
   0.0263    0.7961 ^ _23245_/Y (OR2x2_ASAP7_75t_R)
   0.0202    0.8163 v _23246_/Y (MAJIxp5_ASAP7_75t_R)
   0.0319    0.8483 ^ _23247_/Y (MAJIxp5_ASAP7_75t_R)
   0.0276    0.8759 v _23248_/Y (MAJIxp5_ASAP7_75t_R)
   0.0322    0.9081 ^ _23249_/Y (MAJIxp5_ASAP7_75t_R)
   0.0273    0.9354 v _23250_/Y (MAJIxp5_ASAP7_75t_R)
   0.0327    0.9681 ^ _23251_/Y (MAJIxp5_ASAP7_75t_R)
   0.0273    0.9954 v _23252_/Y (MAJIxp5_ASAP7_75t_R)
   0.0322    1.0276 ^ _23253_/Y (MAJIxp5_ASAP7_75t_R)
   0.0281    1.0556 v _23254_/Y (MAJIxp5_ASAP7_75t_R)
   0.0333    1.0889 ^ _23255_/Y (MAJIxp5_ASAP7_75t_R)
   0.0275    1.1164 v _23256_/Y (MAJIxp5_ASAP7_75t_R)
   0.0329    1.1493 ^ _23257_/Y (MAJIxp5_ASAP7_75t_R)
   0.0275    1.1769 v _23258_/Y (MAJIxp5_ASAP7_75t_R)
   0.0335    1.2103 ^ _23259_/Y (MAJIxp5_ASAP7_75t_R)
   0.0331    1.2435 v _23260_/Y (MAJIxp5_ASAP7_75t_R)
   0.0422    1.2856 ^ _23261_/Y (MAJIxp5_ASAP7_75t_R)
   0.0365    1.3221 v _23262_/Y (MAJIxp5_ASAP7_75t_R)
   0.0442    1.3663 ^ _23263_/Y (MAJIxp5_ASAP7_75t_R)
   0.0286    1.3949 v _23264_/Y (MAJIxp5_ASAP7_75t_R)
   0.0349    1.4298 v _25343_/Y (MAJx2_ASAP7_75t_R)
   0.0286    1.4584 v _25396_/Y (MAJx2_ASAP7_75t_R)
   0.0286    1.4870 v _25436_/Y (MAJx2_ASAP7_75t_R)
   0.0286    1.5156 v _25480_/Y (MAJx2_ASAP7_75t_R)
   0.0285    1.5441 v _25520_/Y (MAJx2_ASAP7_75t_R)
   0.0285    1.5726 v _25554_/Y (MAJx2_ASAP7_75t_R)
   0.0285    1.6011 v _25589_/Y (MAJx2_ASAP7_75t_R)
   0.0285    1.6296 v _25628_/Y (MAJx2_ASAP7_75t_R)
   0.0285    1.6581 v _25657_/Y (MAJx2_ASAP7_75t_R)
   0.0285    1.6866 v _25683_/Y (MAJx2_ASAP7_75t_R)
   0.0146    1.7013 ^ _25704_/Y (XNOR2xp5_ASAP7_75t_R)
   0.0000    1.7013 ^ _29221_/D (DFFHQNx1_ASAP7_75t_R)
             1.7013   data arrival time

   1.0000    1.0000   clock clk (rise edge)
   0.0000    1.0000   clock network delay (ideal)
  -0.0500    0.9500   clock uncertainty
   0.0000    0.9500   clock reconvergence pessimism
             0.9500 ^ _29221_/CLK (DFFHQNx1_ASAP7_75t_R)
  -0.0105    0.9395   library setup time
             0.9395   data required time
-------------------------------------------------------------
             0.9395   data required time
            -1.7013   data arrival time
-------------------------------------------------------------
            -0.7618   slack (VIOLATED)



---------- hold (min) : critical path ----------
Warning 503: atlas_silu_f32_asap7.tcl line 1, report_checks -group_count is deprecated. Use -group_path_count instead.
Startpoint: _29014_ (rising edge-triggered flip-flop clocked by clk)
Endpoint: _28982_ (rising edge-triggered flip-flop clocked by clk)
Path Group: clk
Path Type: min

    Delay      Time   Description
-------------------------------------------------------------
   0.0000    0.0000   clock clk (rise edge)
   0.0000    0.0000   clock network delay (ideal)
   0.0000    0.0000 ^ _29014_/CLK (DFFHQNx1_ASAP7_75t_R)
   0.0501    0.0501 ^ _29014_/QN (DFFHQNx1_ASAP7_75t_R)
   0.0080    0.0581 v _26704_/Y (INVx1_ASAP7_75t_R)
   0.0000    0.0581 v _28982_/D (DFFHQNx1_ASAP7_75t_R)
             0.0581   data arrival time

   0.0000    0.0000   clock clk (rise edge)
   0.0000    0.0000   clock network delay (ideal)
   0.0500    0.0500   clock uncertainty
   0.0000    0.0500   clock reconvergence pessimism
             0.0500 ^ _28982_/CLK (DFFHQNx1_ASAP7_75t_R)
   0.0149    0.0649   library hold time
             0.0649   data required time
-------------------------------------------------------------
             0.0649   data required time
            -0.0581   data arrival time
-------------------------------------------------------------
            -0.0068   slack (VIOLATED)


Startpoint: _29015_ (rising edge-triggered flip-flop clocked by clk)
Endpoint: _28983_ (rising edge-triggered flip-flop clocked by clk)
Path Group: clk
Path Type: min

    Delay      Time   Description
-------------------------------------------------------------
   0.0000    0.0000   clock clk (rise edge)
   0.0000    0.0000   clock network delay (ideal)
   0.0000    0.0000 ^ _29015_/CLK (DFFHQNx1_ASAP7_75t_R)
   0.0501    0.0501 ^ _29015_/QN (DFFHQNx1_ASAP7_75t_R)
   0.0080    0.0581 v _26705_/Y (INVx1_ASAP7_75t_R)
   0.0000    0.0581 v _28983_/D (DFFHQNx1_ASAP7_75t_R)
             0.0581   data arrival time

   0.0000    0.0000   clock clk (rise edge)
   0.0000    0.0000   clock network delay (ideal)
   0.0500    0.0500   clock uncertainty
   0.0000    0.0500   clock reconvergence pessimism
             0.0500 ^ _28983_/CLK (DFFHQNx1_ASAP7_75t_R)
   0.0149    0.0649   library hold time
             0.0649   data required time
-------------------------------------------------------------
             0.0649   data required time
            -0.0581   data arrival time
-------------------------------------------------------------
            -0.0068   slack (VIOLATED)


Startpoint: _29016_ (rising edge-triggered flip-flop clocked by clk)
Endpoint: _28984_ (rising edge-triggered flip-flop clocked by clk)
Path Group: clk
Path Type: min

    Delay      Time   Description
-------------------------------------------------------------
   0.0000    0.0000   clock clk (rise edge)
   0.0000    0.0000   clock network delay (ideal)
   0.0000    0.0000 ^ _29016_/CLK (DFFHQNx1_ASAP7_75t_R)
   0.0501    0.0501 ^ _29016_/QN (DFFHQNx1_ASAP7_75t_R)
   0.0080    0.0581 v _26706_/Y (INVx1_ASAP7_75t_R)
   0.0000    0.0581 v _28984_/D (DFFHQNx1_ASAP7_75t_R)
             0.0581   data arrival time

   0.0000    0.0000   clock clk (rise edge)
   0.0000    0.0000   clock network delay (ideal)
   0.0500    0.0500   clock uncertainty
   0.0000    0.0500   clock reconvergence pessimism
             0.0500 ^ _28984_/CLK (DFFHQNx1_ASAP7_75t_R)
   0.0149    0.0649   library hold time
             0.0649   data required time
-------------------------------------------------------------
             0.0649   data required time
            -0.0581   data arrival time
-------------------------------------------------------------
            -0.0068   slack (VIOLATED)



---------- slack summary ----------
setup WNS : -0.8228 ns
hold  WNS : -0.0068 ns
tns max -77.72
wns max -0.82

---------- design rule checks ----------

---------- power ----------
Group                  Internal  Switching    Leakage      Total
                          Power      Power      Power      Power (Watts)
----------------------------------------------------------------
Sequential           2.3095e-03 1.0873e-04 1.4260e-07 2.4183e-03   4.2%
Combinational        2.4518e-02 3.0540e-02 6.3194e-07 5.5059e-02  95.8%
Clock                0.0000e+00 0.0000e+00 0.0000e+00 0.0000e+00   0.0%
Macro                0.0000e+00 0.0000e+00 0.0000e+00 0.0000e+00   0.0%
Pad                  0.0000e+00 0.0000e+00 0.0000e+00 0.0000e+00   0.0%
----------------------------------------------------------------
Total                2.6827e-02 3.0649e-02 7.7455e-07 5.7477e-02 100.0%
                          46.7%      53.3%       0.0%

RESULT: TIMING NOT MET (setup WNS -0.8228 ns)
