Warning 1212: /home/user/ATLAS-MICRO-2026/syn/lib/asap7_simple.lib line 71029, timing group from output port.
Warning 1212: /home/user/ATLAS-MICRO-2026/syn/lib/asap7_simple.lib line 71505, timing group from output port.
Warning 1212: /home/user/ATLAS-MICRO-2026/syn/lib/asap7_simple.lib line 71981, timing group from output port.
Warning 1212: /home/user/ATLAS-MICRO-2026/syn/lib/asap7_simple.lib line 72457, timing group from output port.
Warning 1212: /home/user/ATLAS-MICRO-2026/syn/lib/asap7_simple.lib line 72933, timing group from output port.
Warning 1212: /home/user/ATLAS-MICRO-2026/syn/lib/asap7_simple.lib line 73409, timing group from output port.
Warning 1212: /home/user/ATLAS-MICRO-2026/syn/lib/asap7_simple.lib line 73885, timing group from output port.
Warning 1212: /home/user/ATLAS-MICRO-2026/syn/lib/asap7_simple.lib line 81795, timing group from output port.
Warning 1212: /home/user/ATLAS-MICRO-2026/syn/lib/asap7_simple.lib line 82271, timing group from output port.
Warning 1212: /home/user/ATLAS-MICRO-2026/syn/lib/asap7_simple.lib line 82747, timing group from output port.
==========================================================
  ATLAS static timing analysis
==========================================================
 time 1ns
 capacitance 1fF
 resistance 1kohm
 voltage 1v
 current 1mA
 power 1pW
 distance 1um

---------- clocks ----------
Clock                   Period          Waveform
----------------------------------------------------
clk                       1.00        0.00      0.50

---------- setup (max) : critical path ----------
Warning 503: atlas_fp32_mul_asap7.tcl line 1, report_checks -group_count is deprecated. Use -group_path_count instead.
Startpoint: a[4] (input port clocked by clk)
Endpoint: _6141_ (rising edge-triggered flip-flop clocked by clk)
Path Group: clk
Path Type: max

    Delay      Time   Description
-------------------------------------------------------------
   0.0000    0.0000   clock clk (rise edge)
   0.0000    0.0000   clock network delay (ideal)
   0.1500    0.1500 v input external delay
   0.0084    0.1584 v a[4] (in)
   0.0244    0.1828 v _3173_/Y (BUFx3_ASAP7_75t_R)
   0.0211    0.2039 ^ _3305_/Y (NAND2xp5_ASAP7_75t_R)
   0.0308    0.2348 ^ _3307_/Y (XOR2xp5_ASAP7_75t_R)
   0.0414    0.2762 v _3308_/Y (XNOR2x2_ASAP7_75t_R)
   0.0375    0.3137 ^ _3316_/Y (XOR2x2_ASAP7_75t_R)
   0.0252    0.3390 ^ _3317_/Y (XOR2x1_ASAP7_75t_R)
   0.0280    0.3670 ^ _3318_/Y (XOR2xp5_ASAP7_75t_R)
   0.0433    0.4103 v _3319_/Y (XNOR2x2_ASAP7_75t_R)
   0.0263    0.4366 ^ _3320_/Y (NOR4xp75_ASAP7_75t_R)
   0.0204    0.4571 v _3326_/Y (NOR2x1_ASAP7_75t_R)
   0.0265    0.4835 ^ _3356_/Y (MAJIxp5_ASAP7_75t_R)
   0.0263    0.5098 v _3392_/Y (MAJIxp5_ASAP7_75t_R)
   0.0295    0.5393 ^ _3430_/Y (MAJIxp5_ASAP7_75t_R)
   0.0267    0.5659 v _3475_/Y (MAJIxp5_ASAP7_75t_R)
   0.0308    0.5967 ^ _3522_/Y (MAJIxp5_ASAP7_75t_R)
   0.0268    0.6235 v _3575_/Y (MAJIxp5_ASAP7_75t_R)
   0.0296    0.6532 ^ _3629_/Y (MAJIxp5_ASAP7_75t_R)
   0.0267    0.6799 v _3685_/Y (MAJIxp5_ASAP7_75t_R)
   0.0298    0.7097 ^ _3749_/Y (MAJIxp5_ASAP7_75t_R)
   0.0267    0.7364 v _3817_/Y (MAJIxp5_ASAP7_75t_R)
   0.0298    0.7662 ^ _3887_/Y (MAJIxp5_ASAP7_75t_R)
   0.0271    0.7933 v _3964_/Y (MAJIxp5_ASAP7_75t_R)
   0.0297    0.8230 ^ _4045_/Y (MAJIxp5_ASAP7_75t_R)
   0.0267    0.8497 v _4129_/Y (MAJIxp5_ASAP7_75t_R)
   0.0298    0.8795 ^ _4217_/Y (MAJIxp5_ASAP7_75t_R)
   0.0271    0.9066 v _4307_/Y (MAJIxp5_ASAP7_75t_R)
   0.0298    0.9365 ^ _4401_/Y (MAJIxp5_ASAP7_75t_R)
   0.0268    0.9633 v _4496_/Y (MAJIxp5_ASAP7_75t_R)
   0.0297    0.9929 ^ _4593_/Y (MAJIxp5_ASAP7_75t_R)
   0.0271    1.0200 v _4688_/Y (MAJIxp5_ASAP7_75t_R)
   0.0297    1.0497 ^ _4781_/Y (MAJIxp5_ASAP7_75t_R)
   0.0359    1.0856 v _4877_/Y (MAJIxp5_ASAP7_75t_R)
   0.0264    1.1120 ^ _5207_/Y (NOR4xp75_ASAP7_75t_R)
   0.0237    1.1357 v _5212_/Y (NOR3x1_ASAP7_75t_R)
   0.0345    1.1702 ^ _5283_/Y (MAJIxp5_ASAP7_75t_R)
   0.0340    1.2042 v _5352_/Y (MAJIxp5_ASAP7_75t_R)
   0.0383    1.2426 ^ _5415_/Y (MAJIxp5_ASAP7_75t_R)
   0.0337    1.2763 v _5475_/Y (MAJIxp5_ASAP7_75t_R)
   0.0382    1.3145 ^ _5528_/Y (MAJIxp5_ASAP7_75t_R)
   0.0338    1.3483 v _5580_/Y (MAJIxp5_ASAP7_75t_R)
   0.0384    1.3866 ^ _5625_/Y (MAJIxp5_ASAP7_75t_R)
   0.0339    1.4205 v _5669_/Y (MAJIxp5_ASAP7_75t_R)
   0.0381    1.4586 ^ _5709_/Y (MAJIxp5_ASAP7_75t_R)
   0.0339    1.4925 v _5742_/Y (MAJIxp5_ASAP7_75t_R)
   0.0384    1.5308 ^ _5770_/Y (MAJIxp5_ASAP7_75t_R)
   0.0335    1.5644 v _5796_/Y (MAJIxp5_ASAP7_75t_R)
   0.0379    1.6023 ^ _5816_/Y (MAJIxp5_ASAP7_75t_R)
   0.0282    1.6305 v _5837_/Y (MAJIxp5_ASAP7_75t_R)
   0.0175    1.6480 ^ _5854_/Y (NOR2xp33_ASAP7_75t_R)
   0.0239    1.6719 ^ _5856_/Y (OR5x1_ASAP7_75t_R)
   0.0159    1.6878 ^ _5857_/Y (BUFx3_ASAP7_75t_R)
   0.0000    1.6878 ^ _6141_/D (DFFHQNx1_ASAP7_75t_R)
             1.6878   data arrival time

   1.0000    1.0000   clock clk (rise edge)
   0.0000    1.0000   clock network delay (ideal)
  -0.0500    0.9500   clock uncertainty
   0.0000    0.9500   clock reconvergence pessimism
             0.9500 ^ _6141_/CLK (DFFHQNx1_ASAP7_75t_R)
  -0.0077    0.9423   library setup time
             0.9423   data required time
-------------------------------------------------------------
             0.9423   data required time
            -1.6878   data arrival time
-------------------------------------------------------------
            -0.7456   slack (VIOLATED)


Startpoint: a[4] (input port clocked by clk)
Endpoint: _6140_ (rising edge-triggered flip-flop clocked by clk)
Path Group: clk
Path Type: max

    Delay      Time   Description
-------------------------------------------------------------
   0.0000    0.0000   clock clk (rise edge)
   0.0000    0.0000   clock network delay (ideal)
   0.1500    0.1500 v input external delay
   0.0084    0.1584 v a[4] (in)
   0.0244    0.1828 v _3173_/Y (BUFx3_ASAP7_75t_R)
   0.0211    0.2039 ^ _3305_/Y (NAND2xp5_ASAP7_75t_R)
   0.0308    0.2348 ^ _3307_/Y (XOR2xp5_ASAP7_75t_R)
   0.0414    0.2762 v _3308_/Y (XNOR2x2_ASAP7_75t_R)
   0.0375    0.3137 ^ _3316_/Y (XOR2x2_ASAP7_75t_R)
   0.0252    0.3390 ^ _3317_/Y (XOR2x1_ASAP7_75t_R)
   0.0280    0.3670 ^ _3318_/Y (XOR2xp5_ASAP7_75t_R)
   0.0433    0.4103 v _3319_/Y (XNOR2x2_ASAP7_75t_R)
   0.0263    0.4366 ^ _3320_/Y (NOR4xp75_ASAP7_75t_R)
   0.0204    0.4571 v _3326_/Y (NOR2x1_ASAP7_75t_R)
   0.0265    0.4835 ^ _3356_/Y (MAJIxp5_ASAP7_75t_R)
   0.0263    0.5098 v _3392_/Y (MAJIxp5_ASAP7_75t_R)
   0.0295    0.5393 ^ _3430_/Y (MAJIxp5_ASAP7_75t_R)
   0.0267    0.5659 v _3475_/Y (MAJIxp5_ASAP7_75t_R)
   0.0308    0.5967 ^ _3522_/Y (MAJIxp5_ASAP7_75t_R)
   0.0268    0.6235 v _3575_/Y (MAJIxp5_ASAP7_75t_R)
   0.0296    0.6532 ^ _3629_/Y (MAJIxp5_ASAP7_75t_R)
   0.0267    0.6799 v _3685_/Y (MAJIxp5_ASAP7_75t_R)
   0.0298    0.7097 ^ _3749_/Y (MAJIxp5_ASAP7_75t_R)
   0.0267    0.7364 v _3817_/Y (MAJIxp5_ASAP7_75t_R)
   0.0298    0.7662 ^ _3887_/Y (MAJIxp5_ASAP7_75t_R)
   0.0271    0.7933 v _3964_/Y (MAJIxp5_ASAP7_75t_R)
   0.0297    0.8230 ^ _4045_/Y (MAJIxp5_ASAP7_75t_R)
   0.0267    0.8497 v _4129_/Y (MAJIxp5_ASAP7_75t_R)
   0.0298    0.8795 ^ _4217_/Y (MAJIxp5_ASAP7_75t_R)
   0.0271    0.9066 v _4307_/Y (MAJIxp5_ASAP7_75t_R)
   0.0298    0.9365 ^ _4401_/Y (MAJIxp5_ASAP7_75t_R)
   0.0268    0.9633 v _4496_/Y (MAJIxp5_ASAP7_75t_R)
   0.0297    0.9929 ^ _4593_/Y (MAJIxp5_ASAP7_75t_R)
   0.0271    1.0200 v _4688_/Y (MAJIxp5_ASAP7_75t_R)
   0.0297    1.0497 ^ _4781_/Y (MAJIxp5_ASAP7_75t_R)
   0.0359    1.0856 v _4877_/Y (MAJIxp5_ASAP7_75t_R)
   0.0264    1.1120 ^ _5207_/Y (NOR4xp75_ASAP7_75t_R)
   0.0237    1.1357 v _5212_/Y (NOR3x1_ASAP7_75t_R)
   0.0345    1.1702 ^ _5283_/Y (MAJIxp5_ASAP7_75t_R)
   0.0340    1.2042 v _5352_/Y (MAJIxp5_ASAP7_75t_R)
   0.0383    1.2426 ^ _5415_/Y (MAJIxp5_ASAP7_75t_R)
   0.0337    1.2763 v _5475_/Y (MAJIxp5_ASAP7_75t_R)
   0.0382    1.3145 ^ _5528_/Y (MAJIxp5_ASAP7_75t_R)
   0.0338    1.3483 v _5580_/Y (MAJIxp5_ASAP7_75t_R)
   0.0384    1.3866 ^ _5625_/Y (MAJIxp5_ASAP7_75t_R)
   0.0339    1.4205 v _5669_/Y (MAJIxp5_ASAP7_75t_R)
   0.0381    1.4586 ^ _5709_/Y (MAJIxp5_ASAP7_75t_R)
   0.0339    1.4925 v _5742_/Y (MAJIxp5_ASAP7_75t_R)
   0.0384    1.5308 ^ _5770_/Y (MAJIxp5_ASAP7_75t_R)
   0.0335    1.5644 v _5796_/Y (MAJIxp5_ASAP7_75t_R)
   0.0379    1.6023 ^ _5816_/Y (MAJIxp5_ASAP7_75t_R)
   0.0282    1.6305 v _5837_/Y (MAJIxp5_ASAP7_75t_R)
   0.0374    1.6679 ^ _5850_/Y (XOR2x2_ASAP7_75t_R)
   0.0000    1.6679 ^ _6140_/D (DFFHQNx1_ASAP7_75t_R)
             1.6679   data arrival time

   1.0000    1.0000   clock clk (rise edge)
   0.0000    1.0000   clock network delay (ideal)
  -0.0500    0.9500   clock uncertainty
   0.0000    0.9500   clock reconvergence pessimism
             0.9500 ^ _6140_/CLK (DFFHQNx1_ASAP7_75t_R)
  -0.0082    0.9418   library setup time
             0.9418   data required time
-------------------------------------------------------------
             0.9418   data required time
            -1.6679   data arrival time
-------------------------------------------------------------
            -0.7262   slack (VIOLATED)


Startpoint: a[4] (input port clocked by clk)
Endpoint: _6139_ (rising edge-triggered flip-flop clocked by clk)
Path Group: clk
Path Type: max

    Delay      Time   Description
-------------------------------------------------------------
   0.0000    0.0000   clock clk (rise edge)
   0.0000    0.0000   clock network delay (ideal)
   0.1500    0.1500 v input external delay
   0.0084    0.1584 v a[4] (in)
   0.0244    0.1828 v _3173_/Y (BUFx3_ASAP7_75t_R)
   0.0211    0.2039 ^ _3305_/Y (NAND2xp5_ASAP7_75t_R)
   0.0308    0.2348 ^ _3307_/Y (XOR2xp5_ASAP7_75t_R)
   0.0414    0.2762 v _3308_/Y (XNOR2x2_ASAP7_75t_R)
   0.0375    0.3137 ^ _3316_/Y (XOR2x2_ASAP7_75t_R)
   0.0252    0.3390 ^ _3317_/Y (XOR2x1_ASAP7_75t_R)
   0.0280    0.3670 ^ _3318_/Y (XOR2xp5_ASAP7_75t_R)
   0.0433    0.4103 v _3319_/Y (XNOR2x2_ASAP7_75t_R)
   0.0263    0.4366 ^ _3320_/Y (NOR4xp75_ASAP7_75t_R)
   0.0204    0.4571 v _3326_/Y (NOR2x1_ASAP7_75t_R)
   0.0265    0.4835 ^ _3356_/Y (MAJIxp5_ASAP7_75t_R)
   0.0263    0.5098 v _3392_/Y (MAJIxp5_ASAP7_75t_R)
   0.0295    0.5393 ^ _3430_/Y (MAJIxp5_ASAP7_75t_R)
   0.0267    0.5659 v _3475_/Y (MAJIxp5_ASAP7_75t_R)
   0.0308    0.5967 ^ _3522_/Y (MAJIxp5_ASAP7_75t_R)
   0.0268    0.6235 v _3575_/Y (MAJIxp5_ASAP7_75t_R)
   0.0296    0.6532 ^ _3629_/Y (MAJIxp5_ASAP7_75t_R)
   0.0267    0.6799 v _3685_/Y (MAJIxp5_ASAP7_75t_R)
   0.0298    0.7097 ^ _3749_/Y (MAJIxp5_ASAP7_75t_R)
   0.0267    0.7364 v _3817_/Y (MAJIxp5_ASAP7_75t_R)
   0.0298    0.7662 ^ _3887_/Y (MAJIxp5_ASAP7_75t_R)
   0.0271    0.7933 v _3964_/Y (MAJIxp5_ASAP7_75t_R)
   0.0297    0.8230 ^ _4045_/Y (MAJIxp5_ASAP7_75t_R)
   0.0267    0.8497 v _4129_/Y (MAJIxp5_ASAP7_75t_R)
   0.0298    0.8795 ^ _4217_/Y (MAJIxp5_ASAP7_75t_R)
   0.0271    0.9066 v _4307_/Y (MAJIxp5_ASAP7_75t_R)
   0.0298    0.9365 ^ _4401_/Y (MAJIxp5_ASAP7_75t_R)
   0.0268    0.9633 v _4496_/Y (MAJIxp5_ASAP7_75t_R)
   0.0297    0.9929 ^ _4593_/Y (MAJIxp5_ASAP7_75t_R)
   0.0271    1.0200 v _4688_/Y (MAJIxp5_ASAP7_75t_R)
   0.0297    1.0497 ^ _4781_/Y (MAJIxp5_ASAP7_75t_R)
   0.0359    1.0856 v _4877_/Y (MAJIxp5_ASAP7_75t_R)
   0.0264    1.1120 ^ _5207_/Y (NOR4xp75_ASAP7_75t_R)
   0.0237    1.1357 v _5212_/Y (NOR3x1_ASAP7_75t_R)
   0.0345    1.1702 ^ _5283_/Y (MAJIxp5_ASAP7_75t_R)
   0.0340    1.2042 v _5352_/Y (MAJIxp5_ASAP7_75t_R)
   0.0383    1.2426 ^ _5415_/Y (MAJIxp5_ASAP7_75t_R)
   0.0337    1.2763 v _5475_/Y (MAJIxp5_ASAP7_75t_R)
   0.0382    1.3145 ^ _5528_/Y (MAJIxp5_ASAP7_75t_R)
   0.0338    1.3483 v _5580_/Y (MAJIxp5_ASAP7_75t_R)
   0.0384    1.3866 ^ _5625_/Y (MAJIxp5_ASAP7_75t_R)
   0.0339    1.4205 v _5669_/Y (MAJIxp5_ASAP7_75t_R)
   0.0381    1.4586 ^ _5709_/Y (MAJIxp5_ASAP7_75t_R)
   0.0339    1.4925 v _5742_/Y (MAJIxp5_ASAP7_75t_R)
   0.0384    1.5308 ^ _5770_/Y (MAJIxp5_ASAP7_75t_R)
   0.0335    1.5644 v _5796_/Y (MAJIxp5_ASAP7_75t_R)
   0.0379    1.6023 ^ _5816_/Y (MAJIxp5_ASAP7_75t_R)
   0.0240    1.6262 ^ _5836_/Y (XNOR2xp5_ASAP7_75t_R)
   0.0000    1.6262 ^ _6139_/D (DFFHQNx1_ASAP7_75t_R)
             1.6262   data arrival time

   1.0000    1.0000   clock clk (rise edge)
   0.0000    1.0000   clock network delay (ideal)
  -0.0500    0.9500   clock uncertainty
   0.0000    0.9500   clock reconvergence pessimism
             0.9500 ^ _6139_/CLK (DFFHQNx1_ASAP7_75t_R)
  -0.0107    0.9393   library setup time
             0.9393   data required time
-------------------------------------------------------------
             0.9393   data required time
            -1.6262   data arrival time
-------------------------------------------------------------
            -0.6869   slack (VIOLATED)



---------- hold (min) : critical path ----------
Warning 503: atlas_fp32_mul_asap7.tcl line 1, report_checks -group_count is deprecated. Use -group_path_count instead.
Startpoint: _6093_ (rising edge-triggered flip-flop clocked by clk)
Endpoint: _6156_ (rising edge-triggered flip-flop clocked by clk)
Path Group: clk
Path Type: min

    Delay      Time   Description
-------------------------------------------------------------
   0.0000    0.0000   clock clk (rise edge)
   0.0000    0.0000   clock network delay (ideal)
   0.0000    0.0000 ^ _6093_/CLK (DFFASRHQNx1_ASAP7_75t_R)
   0.0544    0.0544 ^ _6093_/QN (DFFASRHQNx1_ASAP7_75t_R)
   0.0083    0.0627 v _5861_/Y (INVx1_ASAP7_75t_R)
   0.0000    0.0627 v _6156_/D (DFFASRHQNx1_ASAP7_75t_R)
             0.0627   data arrival time

   0.0000    0.0000   clock clk (rise edge)
   0.0000    0.0000   clock network delay (ideal)
   0.0500    0.0500   clock uncertainty
   0.0000    0.0500   clock reconvergence pessimism
             0.0500 ^ _6156_/CLK (DFFASRHQNx1_ASAP7_75t_R)
   0.0158    0.0658   library hold time
             0.0658   data required time
-------------------------------------------------------------
             0.0658   data required time
            -0.0627   data arrival time
-------------------------------------------------------------
            -0.0030   slack (VIOLATED)


Startpoint: _6152_ (rising edge-triggered flip-flop clocked by clk)
Endpoint: _6180_ (rising edge-triggered flip-flop clocked by clk)
Path Group: clk
Path Type: min

    Delay      Time   Description
-------------------------------------------------------------
   0.0000    0.0000   clock clk (rise edge)
   0.0000    0.0000   clock network delay (ideal)
   0.0000    0.0000 ^ _6152_/CLK (DFFHQNx1_ASAP7_75t_R)
   0.0483    0.0483 ^ _6152_/QN (DFFHQNx1_ASAP7_75t_R)
   0.0129    0.0612 v _6058_/Y (NOR2xp33_ASAP7_75t_R)
   0.0000    0.0612 v _6180_/D (DFFHQNx1_ASAP7_75t_R)
             0.0612   data arrival time

   0.0000    0.0000   clock clk (rise edge)
   0.0000    0.0000   clock network delay (ideal)
   0.0500    0.0500   clock uncertainty
   0.0000    0.0500   clock reconvergence pessimism
             0.0500 ^ _6180_/CLK (DFFHQNx1_ASAP7_75t_R)
   0.0136    0.0636   library hold time
             0.0636   data required time
-------------------------------------------------------------
             0.0636   data required time
            -0.0612   data arrival time
-------------------------------------------------------------
            -0.0024   slack (VIOLATED)


Startpoint: _6117_ (rising edge-triggered flip-flop clocked by clk)
Endpoint: _6158_ (rising edge-triggered flip-flop clocked by clk)
Path Group: clk
Path Type: min

    Delay      Time   Description
-------------------------------------------------------------
   0.0000    0.0000   clock clk (rise edge)
   0.0000    0.0000   clock network delay (ideal)
   0.0000    0.0000 ^ _6117_/CLK (DFFHQNx1_ASAP7_75t_R)
   0.0541    0.0541 v _6117_/QN (DFFHQNx1_ASAP7_75t_R)
   0.0252    0.0793 ^ _5991_/Y (NOR4xp25_ASAP7_75t_R)
   0.0154    0.0947 v _5995_/Y (NOR3xp33_ASAP7_75t_R)
   0.0000    0.0947 v _6158_/D (DFFHQNx1_ASAP7_75t_R)
             0.0947   data arrival time

   0.0000    0.0000   clock clk (rise edge)
   0.0000    0.0000   clock network delay (ideal)
   0.0500    0.0500   clock uncertainty
   0.0000    0.0500   clock reconvergence pessimism
             0.0500 ^ _6158_/CLK (DFFHQNx1_ASAP7_75t_R)
   0.0137    0.0637   library hold time
             0.0637   data required time
-------------------------------------------------------------
             0.0637   data required time
            -0.0947   data arrival time
-------------------------------------------------------------
             0.0310   slack (MET)



---------- slack summary ----------
setup WNS : -0.7456 ns
hold  WNS : -0.0030 ns
tns max -15.27
wns max -0.75

---------- design rule checks ----------

---------- power ----------
Group                  Internal  Switching    Leakage      Total
                          Power      Power      Power      Power (Watts)
----------------------------------------------------------------
Sequential           3.9228e-04 1.3286e-05 2.1845e-08 4.0559e-04  11.3%
Combinational        1.4814e-03 1.7095e-03 1.5020e-07 3.1911e-03  88.7%
Clock                0.0000e+00 0.0000e+00 0.0000e+00 0.0000e+00   0.0%
Macro                0.0000e+00 0.0000e+00 0.0000e+00 0.0000e+00   0.0%
Pad                  0.0000e+00 0.0000e+00 0.0000e+00 0.0000e+00   0.0%
----------------------------------------------------------------
Total                1.8737e-03 1.7228e-03 1.7204e-07 3.5967e-03 100.0%
                          52.1%      47.9%       0.0%

RESULT: TIMING NOT MET (setup WNS -0.7456 ns)
