Warning 1212: /home/user/ATLAS-MICRO-2026/syn/lib/asap7_simple.lib line 71029, timing group from output port.
Warning 1212: /home/user/ATLAS-MICRO-2026/syn/lib/asap7_simple.lib line 71505, timing group from output port.
Warning 1212: /home/user/ATLAS-MICRO-2026/syn/lib/asap7_simple.lib line 71981, timing group from output port.
Warning 1212: /home/user/ATLAS-MICRO-2026/syn/lib/asap7_simple.lib line 72457, timing group from output port.
Warning 1212: /home/user/ATLAS-MICRO-2026/syn/lib/asap7_simple.lib line 72933, timing group from output port.
Warning 1212: /home/user/ATLAS-MICRO-2026/syn/lib/asap7_simple.lib line 73409, timing group from output port.
Warning 1212: /home/user/ATLAS-MICRO-2026/syn/lib/asap7_simple.lib line 73885, timing group from output port.
Warning 1212: /home/user/ATLAS-MICRO-2026/syn/lib/asap7_simple.lib line 81795, timing group from output port.
Warning 1212: /home/user/ATLAS-MICRO-2026/syn/lib/asap7_simple.lib line 82271, timing group from output port.
Warning 1212: /home/user/ATLAS-MICRO-2026/syn/lib/asap7_simple.lib line 82747, timing group from output port.
==========================================================
  ATLAS static timing analysis
==========================================================
 time 1ns
 capacitance 1fF
 resistance 1kohm
 voltage 1v
 current 1mA
 power 1pW
 distance 1um

---------- clocks ----------
Clock                   Period          Waveform
----------------------------------------------------
clk                       1.00        0.00      0.50

---------- setup (max) : critical path ----------
Warning 503: atlas_fp32_add_asap7.tcl line 1, report_checks -group_count is deprecated. Use -group_path_count instead.
Startpoint: b[0] (input port clocked by clk)
Endpoint: _3272_ (rising edge-triggered flip-flop clocked by clk)
Path Group: clk
Path Type: max

    Delay      Time   Description
-------------------------------------------------------------
   0.0000    0.0000   clock clk (rise edge)
   0.0000    0.0000   clock network delay (ideal)
   0.1500    0.1500 v input external delay
   0.0037    0.1537 v b[0] (in)
   0.0115    0.1652 ^ _1712_/Y (INVx1_ASAP7_75t_R)
   0.0116    0.1768 v _1713_/Y (NAND2x1_ASAP7_75t_R)
   0.0160    0.1927 ^ _1714_/Y (MAJIxp5_ASAP7_75t_R)
   0.0130    0.2057 v _1715_/Y (NOR3xp33_ASAP7_75t_R)
   0.0161    0.2219 ^ _1718_/Y (NOR3xp33_ASAP7_75t_R)
   0.0153    0.2372 v _1719_/Y (NOR2xp33_ASAP7_75t_R)
   0.0172    0.2543 ^ _1726_/Y (NOR3xp33_ASAP7_75t_R)
   0.0153    0.2696 v _1727_/Y (NOR2xp33_ASAP7_75t_R)
   0.0263    0.2960 ^ _1744_/Y (NOR5xp2_ASAP7_75t_R)
   0.0201    0.3160 v _1745_/Y (NOR2xp33_ASAP7_75t_R)
   0.0193    0.3353 ^ _1752_/Y (NOR3xp33_ASAP7_75t_R)
   0.0144    0.3497 v _1753_/Y (NOR3xp33_ASAP7_75t_R)
   0.0184    0.3681 ^ _1756_/Y (NOR3xp33_ASAP7_75t_R)
   0.0137    0.3818 v _1766_/Y (NOR3xp33_ASAP7_75t_R)
   0.0364    0.4181 v _1781_/Y (OR4x1_ASAP7_75t_R)
   0.0244    0.4426 v _1789_/Y (AND2x2_ASAP7_75t_R)
   0.0372    0.4798 v _1790_/Y (HB1xp67_ASAP7_75t_R)
   0.0254    0.5052 ^ _1810_/Y (NAND3xp33_ASAP7_75t_R)
   0.0267    0.5319 v _1813_/Y (NAND4xp25_ASAP7_75t_R)
   0.0254    0.5573 v _1822_/Y (AND3x1_ASAP7_75t_R)
   0.0320    0.5894 v _1826_/Y (OR3x1_ASAP7_75t_R)
   0.0233    0.6126 v _1833_/Y (AND2x2_ASAP7_75t_R)
   0.0989    0.7115 ^ _1861_/Y (NOR5xp2_ASAP7_75t_R)
   0.0501    0.7616 ^ _2017_/Y (BUFx3_ASAP7_75t_R)
   0.0181    0.7797 v _2051_/Y (NOR3xp33_ASAP7_75t_R)
   0.0254    0.8051 ^ _2258_/Y (NOR4xp25_ASAP7_75t_R)
   0.0260    0.8311 v _2259_/Y (NOR2xp33_ASAP7_75t_R)
   0.0282    0.8592 v _2260_/Y (XOR2xp5_ASAP7_75t_R)
   0.0481    0.9073 v _2261_/Y (OR4x1_ASAP7_75t_R)
   0.0295    0.9367 ^ _2262_/Y (MAJIxp5_ASAP7_75t_R)
   0.0258    0.9626 v _2379_/Y (MAJIxp5_ASAP7_75t_R)
   0.0322    0.9948 ^ _2394_/Y (XNOR2xp5_ASAP7_75t_R)
   0.0209    1.0158 v _2395_/Y (NOR2x1_ASAP7_75t_R)
   0.0247    1.0405 ^ _2397_/Y (NOR2x1p5_ASAP7_75t_R)
   0.0174    1.0579 v _2407_/Y (NOR2x1p5_ASAP7_75t_R)
   0.0175    1.0753 ^ _2408_/Y (NOR2x1_ASAP7_75t_R)
   0.0227    1.0980 v _2409_/Y (NOR3x1_ASAP7_75t_R)
   0.0366    1.1346 v _2413_/Y (OR3x1_ASAP7_75t_R)
   0.0224    1.1570 ^ _2524_/Y (NAND2x1_ASAP7_75t_R)
   0.0213    1.1783 v _2525_/Y (NAND2x1_ASAP7_75t_R)
   0.0351    1.2135 v _2619_/Y (OR3x1_ASAP7_75t_R)
   0.0120    1.2254 ^ _2624_/Y (NAND2x1p5_ASAP7_75t_R)
   0.0000    1.2254 ^ _3272_/D (DFFHQNx1_ASAP7_75t_R)
             1.2254   data arrival time

   1.0000    1.0000   clock clk (rise edge)
   0.0000    1.0000   clock network delay (ideal)
  -0.0500    0.9500   clock uncertainty
   0.0000    0.9500   clock reconvergence pessimism
             0.9500 ^ _3272_/CLK (DFFHQNx1_ASAP7_75t_R)
  -0.0087    0.9413   library setup time
             0.9413   data required time
-------------------------------------------------------------
             0.9413   data required time
            -1.2254   data arrival time
-------------------------------------------------------------
            -0.2841   slack (VIOLATED)


Startpoint: b[0] (input port clocked by clk)
Endpoint: _3269_ (rising edge-triggered flip-flop clocked by clk)
Path Group: clk
Path Type: max

    Delay      Time   Description
-------------------------------------------------------------
   0.0000    0.0000   clock clk (rise edge)
   0.0000    0.0000   clock network delay (ideal)
   0.1500    0.1500 v input external delay
   0.0037    0.1537 v b[0] (in)
   0.0115    0.1652 ^ _1712_/Y (INVx1_ASAP7_75t_R)
   0.0116    0.1768 v _1713_/Y (NAND2x1_ASAP7_75t_R)
   0.0160    0.1927 ^ _1714_/Y (MAJIxp5_ASAP7_75t_R)
   0.0130    0.2057 v _1715_/Y (NOR3xp33_ASAP7_75t_R)
   0.0161    0.2219 ^ _1718_/Y (NOR3xp33_ASAP7_75t_R)
   0.0153    0.2372 v _1719_/Y (NOR2xp33_ASAP7_75t_R)
   0.0172    0.2543 ^ _1726_/Y (NOR3xp33_ASAP7_75t_R)
   0.0153    0.2696 v _1727_/Y (NOR2xp33_ASAP7_75t_R)
   0.0263    0.2960 ^ _1744_/Y (NOR5xp2_ASAP7_75t_R)
   0.0201    0.3160 v _1745_/Y (NOR2xp33_ASAP7_75t_R)
   0.0193    0.3353 ^ _1752_/Y (NOR3xp33_ASAP7_75t_R)
   0.0144    0.3497 v _1753_/Y (NOR3xp33_ASAP7_75t_R)
   0.0184    0.3681 ^ _1756_/Y (NOR3xp33_ASAP7_75t_R)
   0.0137    0.3818 v _1766_/Y (NOR3xp33_ASAP7_75t_R)
   0.0364    0.4181 v _1781_/Y (OR4x1_ASAP7_75t_R)
   0.0244    0.4426 v _1789_/Y (AND2x2_ASAP7_75t_R)
   0.0372    0.4798 v _1790_/Y (HB1xp67_ASAP7_75t_R)
   0.0254    0.5052 ^ _1810_/Y (NAND3xp33_ASAP7_75t_R)
   0.0267    0.5319 v _1813_/Y (NAND4xp25_ASAP7_75t_R)
   0.0254    0.5573 v _1822_/Y (AND3x1_ASAP7_75t_R)
   0.0320    0.5894 v _1826_/Y (OR3x1_ASAP7_75t_R)
   0.0233    0.6126 v _1833_/Y (AND2x2_ASAP7_75t_R)
   0.0989    0.7115 ^ _1861_/Y (NOR5xp2_ASAP7_75t_R)
   0.0501    0.7616 ^ _2017_/Y (BUFx3_ASAP7_75t_R)
   0.0181    0.7797 v _2051_/Y (NOR3xp33_ASAP7_75t_R)
   0.0254    0.8051 ^ _2258_/Y (NOR4xp25_ASAP7_75t_R)
   0.0260    0.8311 v _2259_/Y (NOR2xp33_ASAP7_75t_R)
   0.0282    0.8592 v _2260_/Y (XOR2xp5_ASAP7_75t_R)
   0.0481    0.9073 v _2261_/Y (OR4x1_ASAP7_75t_R)
   0.0295    0.9367 ^ _2262_/Y (MAJIxp5_ASAP7_75t_R)
   0.0258    0.9626 v _2379_/Y (MAJIxp5_ASAP7_75t_R)
   0.0322    0.9948 ^ _2394_/Y (XNOR2xp5_ASAP7_75t_R)
   0.0209    1.0158 v _2395_/Y (NOR2x1_ASAP7_75t_R)
   0.0247    1.0405 ^ _2397_/Y (NOR2x1p5_ASAP7_75t_R)
   0.0174    1.0579 v _2407_/Y (NOR2x1p5_ASAP7_75t_R)
   0.0175    1.0753 ^ _2408_/Y (NOR2x1_ASAP7_75t_R)
   0.0227    1.0980 v _2409_/Y (NOR3x1_ASAP7_75t_R)
   0.0366    1.1346 v _2413_/Y (OR3x1_ASAP7_75t_R)
   0.0224    1.1570 ^ _2524_/Y (NAND2x1_ASAP7_75t_R)
   0.0169    1.1739 v _2573_/Y (NAND3xp33_ASAP7_75t_R)
   0.0166    1.1905 ^ _2574_/Y (NAND2xp5_ASAP7_75t_R)
   0.0357    1.2262 v _2575_/Y (XNOR2x2_ASAP7_75t_R)
   0.0000    1.2262 v _3269_/D (DFFHQNx1_ASAP7_75t_R)
             1.2262   data arrival time

   1.0000    1.0000   clock clk (rise edge)
   0.0000    1.0000   clock network delay (ideal)
  -0.0500    0.9500   clock uncertainty
   0.0000    0.9500   clock reconvergence pessimism
             0.9500 ^ _3269_/CLK (DFFHQNx1_ASAP7_75t_R)
  -0.0004    0.9496   library setup time
             0.9496   data required time
-------------------------------------------------------------
             0.9496   data required time
            -1.2262   data arrival time
-------------------------------------------------------------
            -0.2766   slack (VIOLATED)


Startpoint: b[0] (input port clocked by clk)
Endpoint: _3261_ (rising edge-triggered flip-flop clocked by clk)
Path Group: clk
Path Type: max

    Delay      Time   Description
-------------------------------------------------------------
   0.0000    0.0000   clock clk (rise edge)
   0.0000    0.0000   clock network delay (ideal)
   0.1500    0.1500 v input external delay
   0.0037    0.1537 v b[0] (in)
   0.0115    0.1652 ^ _1712_/Y (INVx1_ASAP7_75t_R)
   0.0116    0.1768 v _1713_/Y (NAND2x1_ASAP7_75t_R)
   0.0160    0.1927 ^ _1714_/Y (MAJIxp5_ASAP7_75t_R)
   0.0130    0.2057 v _1715_/Y (NOR3xp33_ASAP7_75t_R)
   0.0161    0.2219 ^ _1718_/Y (NOR3xp33_ASAP7_75t_R)
   0.0153    0.2372 v _1719_/Y (NOR2xp33_ASAP7_75t_R)
   0.0172    0.2543 ^ _1726_/Y (NOR3xp33_ASAP7_75t_R)
   0.0153    0.2696 v _1727_/Y (NOR2xp33_ASAP7_75t_R)
   0.0263    0.2960 ^ _1744_/Y (NOR5xp2_ASAP7_75t_R)
   0.0201    0.3160 v _1745_/Y (NOR2xp33_ASAP7_75t_R)
   0.0193    0.3353 ^ _1752_/Y (NOR3xp33_ASAP7_75t_R)
   0.0144    0.3497 v _1753_/Y (NOR3xp33_ASAP7_75t_R)
   0.0184    0.3681 ^ _1756_/Y (NOR3xp33_ASAP7_75t_R)
   0.0137    0.3818 v _1766_/Y (NOR3xp33_ASAP7_75t_R)
   0.0364    0.4181 v _1781_/Y (OR4x1_ASAP7_75t_R)
   0.0244    0.4426 v _1789_/Y (AND2x2_ASAP7_75t_R)
   0.0372    0.4798 v _1790_/Y (HB1xp67_ASAP7_75t_R)
   0.0254    0.5052 ^ _1810_/Y (NAND3xp33_ASAP7_75t_R)
   0.0267    0.5319 v _1813_/Y (NAND4xp25_ASAP7_75t_R)
   0.0254    0.5573 v _1822_/Y (AND3x1_ASAP7_75t_R)
   0.0320    0.5894 v _1826_/Y (OR3x1_ASAP7_75t_R)
   0.0233    0.6126 v _1833_/Y (AND2x2_ASAP7_75t_R)
   0.0989    0.7115 ^ _1861_/Y (NOR5xp2_ASAP7_75t_R)
   0.0501    0.7616 ^ _2017_/Y (BUFx3_ASAP7_75t_R)
   0.0181    0.7797 v _2051_/Y (NOR3xp33_ASAP7_75t_R)
   0.0254    0.8051 ^ _2258_/Y (NOR4xp25_ASAP7_75t_R)
   0.0260    0.8311 v _2259_/Y (NOR2xp33_ASAP7_75t_R)
   0.0282    0.8592 v _2260_/Y (XOR2xp5_ASAP7_75t_R)
   0.0481    0.9073 v _2261_/Y (OR4x1_ASAP7_75t_R)
   0.0295    0.9367 ^ _2262_/Y (MAJIxp5_ASAP7_75t_R)
   0.0258    0.9626 v _2379_/Y (MAJIxp5_ASAP7_75t_R)
   0.0322    0.9948 ^ _2394_/Y (XNOR2xp5_ASAP7_75t_R)
   0.0209    1.0158 v _2395_/Y (NOR2x1_ASAP7_75t_R)
   0.0247    1.0405 ^ _2397_/Y (NOR2x1p5_ASAP7_75t_R)
   0.0174    1.0579 v _2407_/Y (NOR2x1p5_ASAP7_75t_R)
   0.0175    1.0753 ^ _2408_/Y (NOR2x1_ASAP7_75t_R)
   0.0227    1.0980 v _2409_/Y (NOR3x1_ASAP7_75t_R)
   0.0366    1.1346 v _2413_/Y (OR3x1_ASAP7_75t_R)
   0.0303    1.1649 v _2414_/Y (BUFx2_ASAP7_75t_R)
   0.0189    1.1838 v _2429_/Y (AND3x1_ASAP7_75t_R)
   0.0181    1.2019 ^ _2439_/Y (NOR2xp33_ASAP7_75t_R)
   0.0153    1.2172 v _2442_/Y (NOR2x1_ASAP7_75t_R)
   0.0000    1.2172 v _3261_/D (DFFHQNx1_ASAP7_75t_R)
             1.2172   data arrival time

   1.0000    1.0000   clock clk (rise edge)
   0.0000    1.0000   clock network delay (ideal)
  -0.0500    0.9500   clock uncertainty
   0.0000    0.9500   clock reconvergence pessimism
             0.9500 ^ _3261_/CLK (DFFHQNx1_ASAP7_75t_R)
  -0.0017    0.9483   library setup time
             0.9483   data required time
-------------------------------------------------------------
             0.9483   data required time
            -1.2172   data arrival time
-------------------------------------------------------------
            -0.2690   slack (VIOLATED)



---------- hold (min) : critical path ----------
Warning 503: atlas_fp32_add_asap7.tcl line 1, report_checks -group_count is deprecated. Use -group_path_count instead.
Startpoint: _3244_ (rising edge-triggered flip-flop clocked by clk)
Endpoint: _3286_ (rising edge-triggered flip-flop clocked by clk)
Path Group: clk
Path Type: min

    Delay      Time   Description
-------------------------------------------------------------
   0.0000    0.0000   clock clk (rise edge)
   0.0000    0.0000   clock network delay (ideal)
   0.0000    0.0000 ^ _3244_/CLK (DFFASRHQNx1_ASAP7_75t_R)
   0.0544    0.0544 ^ _3244_/QN (DFFASRHQNx1_ASAP7_75t_R)
   0.0083    0.0627 v _2718_/Y (INVx1_ASAP7_75t_R)
   0.0000    0.0627 v _3286_/D (DFFASRHQNx1_ASAP7_75t_R)
             0.0627   data arrival time

   0.0000    0.0000   clock clk (rise edge)
   0.0000    0.0000   clock network delay (ideal)
   0.0500    0.0500   clock uncertainty
   0.0000    0.0500   clock reconvergence pessimism
             0.0500 ^ _3286_/CLK (DFFASRHQNx1_ASAP7_75t_R)
   0.0158    0.0658   library hold time
             0.0658   data required time
-------------------------------------------------------------
             0.0658   data required time
            -0.0627   data arrival time
-------------------------------------------------------------
            -0.0030   slack (VIOLATED)


Startpoint: _3285_ (rising edge-triggered flip-flop clocked by clk)
Endpoint: _3295_ (rising edge-triggered flip-flop clocked by clk)
Path Group: clk
Path Type: min

    Delay      Time   Description
-------------------------------------------------------------
   0.0000    0.0000   clock clk (rise edge)
   0.0000    0.0000   clock network delay (ideal)
   0.0000    0.0000 ^ _3285_/CLK (DFFHQNx1_ASAP7_75t_R)
   0.0529    0.0529 ^ _3285_/QN (DFFHQNx1_ASAP7_75t_R)
   0.0107    0.0635 v _3171_/Y (NAND2xp5_ASAP7_75t_R)
   0.0000    0.0635 v _3295_/D (DFFHQNx1_ASAP7_75t_R)
             0.0635   data arrival time

   0.0000    0.0000   clock clk (rise edge)
   0.0000    0.0000   clock network delay (ideal)
   0.0500    0.0500   clock uncertainty
   0.0000    0.0500   clock reconvergence pessimism
             0.0500 ^ _3295_/CLK (DFFHQNx1_ASAP7_75t_R)
   0.0143    0.0643   library hold time
             0.0643   data required time
-------------------------------------------------------------
             0.0643   data required time
            -0.0635   data arrival time
-------------------------------------------------------------
            -0.0008   slack (VIOLATED)


Startpoint: _3285_ (rising edge-triggered flip-flop clocked by clk)
Endpoint: _3296_ (rising edge-triggered flip-flop clocked by clk)
Path Group: clk
Path Type: min

    Delay      Time   Description
-------------------------------------------------------------
   0.0000    0.0000   clock clk (rise edge)
   0.0000    0.0000   clock network delay (ideal)
   0.0000    0.0000 ^ _3285_/CLK (DFFHQNx1_ASAP7_75t_R)
   0.0514    0.0514 v _3285_/QN (DFFHQNx1_ASAP7_75t_R)
   0.0132    0.0646 ^ _3172_/Y (INVxp33_ASAP7_75t_R)
   0.0140    0.0786 v _3181_/Y (NOR2xp33_ASAP7_75t_R)
   0.0000    0.0786 v _3296_/D (DFFHQNx1_ASAP7_75t_R)
             0.0786   data arrival time

   0.0000    0.0000   clock clk (rise edge)
   0.0000    0.0000   clock network delay (ideal)
   0.0500    0.0500   clock uncertainty
   0.0000    0.0500   clock reconvergence pessimism
             0.0500 ^ _3296_/CLK (DFFHQNx1_ASAP7_75t_R)
   0.0137    0.0637   library hold time
             0.0637   data required time
-------------------------------------------------------------
             0.0637   data required time
            -0.0786   data arrival time
-------------------------------------------------------------
             0.0149   slack (MET)



---------- slack summary ----------
setup WNS : -0.2841 ns
hold  WNS : -0.0030 ns
tns max -10.63
wns max -0.28

---------- design rule checks ----------

---------- power ----------
Group                  Internal  Switching    Leakage      Total
                          Power      Power      Power      Power (Watts)
----------------------------------------------------------------
Sequential           1.5976e-04 1.7702e-05 1.7017e-08 1.7748e-04  23.9%
Combinational        2.3440e-04 3.3122e-04 6.3982e-08 5.6569e-04  76.1%
Clock                0.0000e+00 0.0000e+00 0.0000e+00 0.0000e+00   0.0%
Macro                0.0000e+00 0.0000e+00 0.0000e+00 0.0000e+00   0.0%
Pad                  0.0000e+00 0.0000e+00 0.0000e+00 0.0000e+00   0.0%
----------------------------------------------------------------
Total                3.9416e-04 3.4892e-04 8.0998e-08 7.4317e-04 100.0%
                          53.0%      47.0%       0.0%

RESULT: TIMING NOT MET (setup WNS -0.2841 ns)
