Warning 1212: /home/user/ATLAS-MICRO-2026/syn/lib/asap7_simple.lib line 71029, timing group from output port.
Warning 1212: /home/user/ATLAS-MICRO-2026/syn/lib/asap7_simple.lib line 71505, timing group from output port.
Warning 1212: /home/user/ATLAS-MICRO-2026/syn/lib/asap7_simple.lib line 71981, timing group from output port.
Warning 1212: /home/user/ATLAS-MICRO-2026/syn/lib/asap7_simple.lib line 72457, timing group from output port.
Warning 1212: /home/user/ATLAS-MICRO-2026/syn/lib/asap7_simple.lib line 72933, timing group from output port.
Warning 1212: /home/user/ATLAS-MICRO-2026/syn/lib/asap7_simple.lib line 73409, timing group from output port.
Warning 1212: /home/user/ATLAS-MICRO-2026/syn/lib/asap7_simple.lib line 73885, timing group from output port.
Warning 1212: /home/user/ATLAS-MICRO-2026/syn/lib/asap7_simple.lib line 81795, timing group from output port.
Warning 1212: /home/user/ATLAS-MICRO-2026/syn/lib/asap7_simple.lib line 82271, timing group from output port.
Warning 1212: /home/user/ATLAS-MICRO-2026/syn/lib/asap7_simple.lib line 82747, timing group from output port.
==========================================================
  ATLAS static timing analysis
==========================================================
 time 1ns
 capacitance 1fF
 resistance 1kohm
 voltage 1v
 current 1mA
 power 1pW
 distance 1um

---------- clocks ----------
Clock                   Period          Waveform
----------------------------------------------------
clk                       1.00        0.00      0.50

---------- setup (max) : critical path ----------
Warning 503: atlas_hbdram_ctrl_asap7.tcl line 1, report_checks -group_count is deprecated. Use -group_path_count instead.
Startpoint: _235987_ (rising edge-triggered flip-flop clocked by clk)
Endpoint: dram_wdata[101] (output port clocked by clk)
Path Group: clk
Path Type: max

    Delay      Time   Description
-------------------------------------------------------------
   0.0000    0.0000   clock clk (rise edge)
   0.0000    0.0000   clock network delay (ideal)
   0.0000    0.0000 ^ _235987_/CLK (DFFASRHQNx1_ASAP7_75t_R)
   0.0598    0.0598 ^ _235987_/QN (DFFASRHQNx1_ASAP7_75t_R)
   0.0261    0.0860 ^ _128283_/Y (BUFx6f_ASAP7_75t_R)
   0.0103    0.0962 v _128284_/Y (INVx4_ASAP7_75t_R)
   0.0199    0.1161 v _128285_/Y (BUFx6f_ASAP7_75t_R)
   0.0174    0.1335 ^ _132747_/Y (NAND2x1_ASAP7_75t_R)
   0.0246    0.1581 v _132748_/Y (MAJIxp5_ASAP7_75t_R)
   0.0418    0.1999 ^ _132749_/Y (MAJIxp5_ASAP7_75t_R)
   0.0368    0.2367 v _132750_/Y (MAJIxp5_ASAP7_75t_R)
   0.0442    0.2810 ^ _132751_/Y (MAJIxp5_ASAP7_75t_R)
   0.0382    0.3192 v _132752_/Y (MAJIxp5_ASAP7_75t_R)
   0.0448    0.3640 ^ _132753_/Y (MAJIxp5_ASAP7_75t_R)
   0.0388    0.4027 v _132754_/Y (MAJIxp5_ASAP7_75t_R)
   0.0387    0.4414 ^ _132755_/Y (MAJIxp5_ASAP7_75t_R)
   0.0354    0.4768 v _132756_/Y (MAJIxp5_ASAP7_75t_R)
   0.0399    0.5167 ^ _132757_/Y (MAJIxp5_ASAP7_75t_R)
   0.0354    0.5521 v _132758_/Y (MAJIxp5_ASAP7_75t_R)
   0.0393    0.5914 ^ _132759_/Y (MAJIxp5_ASAP7_75t_R)
   0.0360    0.6274 v _132760_/Y (MAJIxp5_ASAP7_75t_R)
   0.0394    0.6668 ^ _132761_/Y (MAJIxp5_ASAP7_75t_R)
   0.0371    0.7039 ^ _132763_/Y (XOR2xp5_ASAP7_75t_R)
   0.0279    0.7318 v _132835_/Y (MAJIxp5_ASAP7_75t_R)
   0.0282    0.7600 ^ _132836_/Y (NOR3xp33_ASAP7_75t_R)
   0.0234    0.7834 v _132837_/Y (NOR2x1_ASAP7_75t_R)
   0.0324    0.8158 ^ _132841_/Y (INVxp67_ASAP7_75t_R)
   0.0267    0.8425 v _132888_/Y (NOR2xp33_ASAP7_75t_R)
   0.0380    0.8805 ^ _132889_/Y (NOR2xp33_ASAP7_75t_R)
   0.0180    0.8985 v _132890_/Y (XNOR2xp5_ASAP7_75t_R)
   0.0239    0.9223 ^ _132891_/Y (NOR3xp33_ASAP7_75t_R)
   0.0288    0.9511 v _132910_/Y (NAND4xp25_ASAP7_75t_R)
   0.0426    0.9938 v _132911_/Y (OR4x1_ASAP7_75t_R)
   0.0103    1.0041 ^ _132912_/Y (INVx1_ASAP7_75t_R)
   0.0110    1.0151 v _132987_/Y (NAND2xp33_ASAP7_75t_R)
   0.0127    1.0278 ^ _133000_/Y (NAND4xp25_ASAP7_75t_R)
   0.0151    1.0429 v _133008_/Y (NAND3xp33_ASAP7_75t_R)
   0.0260    1.0688 ^ _133009_/Y (NAND2xp5_ASAP7_75t_R)
   0.0338    1.1026 ^ _133010_/Y (BUFx2_ASAP7_75t_R)
   0.0142    1.1168 v _135585_/Y (NOR2xp33_ASAP7_75t_R)
   0.0267    1.1435 ^ _135587_/Y (NOR2xp33_ASAP7_75t_R)
   0.0245    1.1680 v _135595_/Y (MAJIxp5_ASAP7_75t_R)
   0.0231    1.1911 ^ _135596_/Y (MAJIxp5_ASAP7_75t_R)
   0.0189    1.2101 v _135597_/Y (MAJIxp5_ASAP7_75t_R)
   0.0230    1.2331 ^ _135598_/Y (MAJIxp5_ASAP7_75t_R)
   0.0189    1.2520 v _135599_/Y (MAJIxp5_ASAP7_75t_R)
   0.0230    1.2750 ^ _135600_/Y (MAJIxp5_ASAP7_75t_R)
   0.0161    1.2911 v _135601_/Y (MAJIxp5_ASAP7_75t_R)
   0.0271    1.3183 ^ _135633_/Y (NOR5xp2_ASAP7_75t_R)
   0.0170    1.3353 v _135637_/Y (NOR3xp33_ASAP7_75t_R)
   0.0375    1.3728 v _135662_/Y (OR5x1_ASAP7_75t_R)
   0.0169    1.3897 ^ _135667_/Y (NAND5xp2_ASAP7_75t_R)
   0.0291    1.4188 v _135668_/Y (NAND2xp5_ASAP7_75t_R)
   0.0234    1.4423 ^ _135682_/Y (INVx1_ASAP7_75t_R)
   0.0474    1.4897 ^ _135683_/Y (HB1xp67_ASAP7_75t_R)
   0.0172    1.5069 v _135701_/Y (NAND2xp33_ASAP7_75t_R)
   0.0263    1.5332 ^ _135703_/Y (NAND2xp33_ASAP7_75t_R)
   0.0234    1.5565 v _135731_/Y (MAJIxp5_ASAP7_75t_R)
   0.0227    1.5793 ^ _135732_/Y (MAJIxp5_ASAP7_75t_R)
   0.0188    1.5981 v _135733_/Y (MAJIxp5_ASAP7_75t_R)
   0.0304    1.6285 v _135734_/Y (MAJx2_ASAP7_75t_R)
   0.0246    1.6531 ^ _135766_/Y (NOR5xp2_ASAP7_75t_R)
   0.0171    1.6702 v _135771_/Y (NOR3xp33_ASAP7_75t_R)
   0.0252    1.6954 ^ _135794_/Y (NOR5xp2_ASAP7_75t_R)
   0.0368    1.7322 ^ _135801_/Y (OR5x1_ASAP7_75t_R)
   0.0243    1.7564 v _135812_/Y (NAND2xp5_ASAP7_75t_R)
   0.0284    1.7848 ^ _135822_/Y (NAND2xp33_ASAP7_75t_R)
   0.0406    1.8254 v _135823_/Y (NAND2xp33_ASAP7_75t_R)
   0.0425    1.8679 v _135824_/Y (BUFx2_ASAP7_75t_R)
   0.0219    1.8898 v _138143_/Y (AND3x1_ASAP7_75t_R)
   0.0094    1.8992 ^ _138167_/Y (INVx1_ASAP7_75t_R)
   0.0276    1.9268 v _138168_/Y (NOR2xp33_ASAP7_75t_R)
   0.0348    1.9616 ^ _138214_/Y (NAND2xp5_ASAP7_75t_R)
   0.0433    2.0049 ^ _139548_/Y (HB1xp67_ASAP7_75t_R)
   0.0440    2.0489 ^ _140239_/Y (HB1xp67_ASAP7_75t_R)
   0.0459    2.0948 ^ _140792_/Y (HB1xp67_ASAP7_75t_R)
   0.0226    2.1174 v _140793_/Y (NOR2xp33_ASAP7_75t_R)
   0.0386    2.1560 v _140796_/Y (OR4x1_ASAP7_75t_R)
   0.0246    2.1806 ^ _140801_/Y (NOR5xp2_ASAP7_75t_R)
   0.0565    2.2371 v _140802_/Y (NAND3xp33_ASAP7_75t_R)
   0.0000    2.2371 v dram_wdata[101] (out)
             2.2371   data arrival time

   1.0000    1.0000   clock clk (rise edge)
   0.0000    1.0000   clock network delay (ideal)
  -0.0500    0.9500   clock uncertainty
   0.0000    0.9500   clock reconvergence pessimism
  -0.1500    0.8000   output external delay
             0.8000   data required time
-------------------------------------------------------------
             0.8000   data required time
            -2.2371   data arrival time
-------------------------------------------------------------
            -1.4371   slack (VIOLATED)


Startpoint: _235987_ (rising edge-triggered flip-flop clocked by clk)
Endpoint: dram_wdata[102] (output port clocked by clk)
Path Group: clk
Path Type: max

    Delay      Time   Description
-------------------------------------------------------------
   0.0000    0.0000   clock clk (rise edge)
   0.0000    0.0000   clock network delay (ideal)
   0.0000    0.0000 ^ _235987_/CLK (DFFASRHQNx1_ASAP7_75t_R)
   0.0598    0.0598 ^ _235987_/QN (DFFASRHQNx1_ASAP7_75t_R)
   0.0261    0.0860 ^ _128283_/Y (BUFx6f_ASAP7_75t_R)
   0.0103    0.0962 v _128284_/Y (INVx4_ASAP7_75t_R)
   0.0199    0.1161 v _128285_/Y (BUFx6f_ASAP7_75t_R)
   0.0174    0.1335 ^ _132747_/Y (NAND2x1_ASAP7_75t_R)
   0.0246    0.1581 v _132748_/Y (MAJIxp5_ASAP7_75t_R)
   0.0418    0.1999 ^ _132749_/Y (MAJIxp5_ASAP7_75t_R)
   0.0368    0.2367 v _132750_/Y (MAJIxp5_ASAP7_75t_R)
   0.0442    0.2810 ^ _132751_/Y (MAJIxp5_ASAP7_75t_R)
   0.0382    0.3192 v _132752_/Y (MAJIxp5_ASAP7_75t_R)
   0.0448    0.3640 ^ _132753_/Y (MAJIxp5_ASAP7_75t_R)
   0.0388    0.4027 v _132754_/Y (MAJIxp5_ASAP7_75t_R)
   0.0387    0.4414 ^ _132755_/Y (MAJIxp5_ASAP7_75t_R)
   0.0354    0.4768 v _132756_/Y (MAJIxp5_ASAP7_75t_R)
   0.0399    0.5167 ^ _132757_/Y (MAJIxp5_ASAP7_75t_R)
   0.0354    0.5521 v _132758_/Y (MAJIxp5_ASAP7_75t_R)
   0.0393    0.5914 ^ _132759_/Y (MAJIxp5_ASAP7_75t_R)
   0.0360    0.6274 v _132760_/Y (MAJIxp5_ASAP7_75t_R)
   0.0394    0.6668 ^ _132761_/Y (MAJIxp5_ASAP7_75t_R)
   0.0371    0.7039 ^ _132763_/Y (XOR2xp5_ASAP7_75t_R)
   0.0279    0.7318 v _132835_/Y (MAJIxp5_ASAP7_75t_R)
   0.0282    0.7600 ^ _132836_/Y (NOR3xp33_ASAP7_75t_R)
   0.0234    0.7834 v _132837_/Y (NOR2x1_ASAP7_75t_R)
   0.0324    0.8158 ^ _132841_/Y (INVxp67_ASAP7_75t_R)
   0.0267    0.8425 v _132888_/Y (NOR2xp33_ASAP7_75t_R)
   0.0380    0.8805 ^ _132889_/Y (NOR2xp33_ASAP7_75t_R)
   0.0180    0.8985 v _132890_/Y (XNOR2xp5_ASAP7_75t_R)
   0.0239    0.9223 ^ _132891_/Y (NOR3xp33_ASAP7_75t_R)
   0.0288    0.9511 v _132910_/Y (NAND4xp25_ASAP7_75t_R)
   0.0426    0.9938 v _132911_/Y (OR4x1_ASAP7_75t_R)
   0.0103    1.0041 ^ _132912_/Y (INVx1_ASAP7_75t_R)
   0.0110    1.0151 v _132987_/Y (NAND2xp33_ASAP7_75t_R)
   0.0127    1.0278 ^ _133000_/Y (NAND4xp25_ASAP7_75t_R)
   0.0151    1.0429 v _133008_/Y (NAND3xp33_ASAP7_75t_R)
   0.0260    1.0688 ^ _133009_/Y (NAND2xp5_ASAP7_75t_R)
   0.0338    1.1026 ^ _133010_/Y (BUFx2_ASAP7_75t_R)
   0.0142    1.1168 v _135585_/Y (NOR2xp33_ASAP7_75t_R)
   0.0267    1.1435 ^ _135587_/Y (NOR2xp33_ASAP7_75t_R)
   0.0245    1.1680 v _135595_/Y (MAJIxp5_ASAP7_75t_R)
   0.0231    1.1911 ^ _135596_/Y (MAJIxp5_ASAP7_75t_R)
   0.0189    1.2101 v _135597_/Y (MAJIxp5_ASAP7_75t_R)
   0.0230    1.2331 ^ _135598_/Y (MAJIxp5_ASAP7_75t_R)
   0.0189    1.2520 v _135599_/Y (MAJIxp5_ASAP7_75t_R)
   0.0230    1.2750 ^ _135600_/Y (MAJIxp5_ASAP7_75t_R)
   0.0161    1.2911 v _135601_/Y (MAJIxp5_ASAP7_75t_R)
   0.0271    1.3183 ^ _135633_/Y (NOR5xp2_ASAP7_75t_R)
   0.0170    1.3353 v _135637_/Y (NOR3xp33_ASAP7_75t_R)
   0.0375    1.3728 v _135662_/Y (OR5x1_ASAP7_75t_R)
   0.0169    1.3897 ^ _135667_/Y (NAND5xp2_ASAP7_75t_R)
   0.0291    1.4188 v _135668_/Y (NAND2xp5_ASAP7_75t_R)
   0.0234    1.4423 ^ _135682_/Y (INVx1_ASAP7_75t_R)
   0.0474    1.4897 ^ _135683_/Y (HB1xp67_ASAP7_75t_R)
   0.0172    1.5069 v _135701_/Y (NAND2xp33_ASAP7_75t_R)
   0.0263    1.5332 ^ _135703_/Y (NAND2xp33_ASAP7_75t_R)
   0.0234    1.5565 v _135731_/Y (MAJIxp5_ASAP7_75t_R)
   0.0227    1.5793 ^ _135732_/Y (MAJIxp5_ASAP7_75t_R)
   0.0188    1.5981 v _135733_/Y (MAJIxp5_ASAP7_75t_R)
   0.0304    1.6285 v _135734_/Y (MAJx2_ASAP7_75t_R)
   0.0246    1.6531 ^ _135766_/Y (NOR5xp2_ASAP7_75t_R)
   0.0171    1.6702 v _135771_/Y (NOR3xp33_ASAP7_75t_R)
   0.0252    1.6954 ^ _135794_/Y (NOR5xp2_ASAP7_75t_R)
   0.0368    1.7322 ^ _135801_/Y (OR5x1_ASAP7_75t_R)
   0.0243    1.7564 v _135812_/Y (NAND2xp5_ASAP7_75t_R)
   0.0284    1.7848 ^ _135822_/Y (NAND2xp33_ASAP7_75t_R)
   0.0406    1.8254 v _135823_/Y (NAND2xp33_ASAP7_75t_R)
   0.0425    1.8679 v _135824_/Y (BUFx2_ASAP7_75t_R)
   0.0219    1.8898 v _138143_/Y (AND3x1_ASAP7_75t_R)
   0.0094    1.8992 ^ _138167_/Y (INVx1_ASAP7_75t_R)
   0.0276    1.9268 v _138168_/Y (NOR2xp33_ASAP7_75t_R)
   0.0348    1.9616 ^ _138214_/Y (NAND2xp5_ASAP7_75t_R)
   0.0433    2.0049 ^ _139548_/Y (HB1xp67_ASAP7_75t_R)
   0.0440    2.0489 ^ _140239_/Y (HB1xp67_ASAP7_75t_R)
   0.0459    2.0948 ^ _140792_/Y (HB1xp67_ASAP7_75t_R)
   0.0226    2.1174 v _140815_/Y (NOR2xp33_ASAP7_75t_R)
   0.0386    2.1560 v _140817_/Y (OR4x1_ASAP7_75t_R)
   0.0246    2.1806 ^ _140823_/Y (NOR5xp2_ASAP7_75t_R)
   0.0565    2.2371 v _140824_/Y (NAND3xp33_ASAP7_75t_R)
   0.0000    2.2371 v dram_wdata[102] (out)
             2.2371   data arrival time

   1.0000    1.0000   clock clk (rise edge)
   0.0000    1.0000   clock network delay (ideal)
  -0.0500    0.9500   clock uncertainty
   0.0000    0.9500   clock reconvergence pessimism
  -0.1500    0.8000   output external delay
             0.8000   data required time
-------------------------------------------------------------
             0.8000   data required time
            -2.2371   data arrival time
-------------------------------------------------------------
            -1.4371   slack (VIOLATED)


Startpoint: _235987_ (rising edge-triggered flip-flop clocked by clk)
Endpoint: dram_wdata[104] (output port clocked by clk)
Path Group: clk
Path Type: max

    Delay      Time   Description
-------------------------------------------------------------
   0.0000    0.0000   clock clk (rise edge)
   0.0000    0.0000   clock network delay (ideal)
   0.0000    0.0000 ^ _235987_/CLK (DFFASRHQNx1_ASAP7_75t_R)
   0.0598    0.0598 ^ _235987_/QN (DFFASRHQNx1_ASAP7_75t_R)
   0.0261    0.0860 ^ _128283_/Y (BUFx6f_ASAP7_75t_R)
   0.0103    0.0962 v _128284_/Y (INVx4_ASAP7_75t_R)
   0.0199    0.1161 v _128285_/Y (BUFx6f_ASAP7_75t_R)
   0.0174    0.1335 ^ _132747_/Y (NAND2x1_ASAP7_75t_R)
   0.0246    0.1581 v _132748_/Y (MAJIxp5_ASAP7_75t_R)
   0.0418    0.1999 ^ _132749_/Y (MAJIxp5_ASAP7_75t_R)
   0.0368    0.2367 v _132750_/Y (MAJIxp5_ASAP7_75t_R)
   0.0442    0.2810 ^ _132751_/Y (MAJIxp5_ASAP7_75t_R)
   0.0382    0.3192 v _132752_/Y (MAJIxp5_ASAP7_75t_R)
   0.0448    0.3640 ^ _132753_/Y (MAJIxp5_ASAP7_75t_R)
   0.0388    0.4027 v _132754_/Y (MAJIxp5_ASAP7_75t_R)
   0.0387    0.4414 ^ _132755_/Y (MAJIxp5_ASAP7_75t_R)
   0.0354    0.4768 v _132756_/Y (MAJIxp5_ASAP7_75t_R)
   0.0399    0.5167 ^ _132757_/Y (MAJIxp5_ASAP7_75t_R)
   0.0354    0.5521 v _132758_/Y (MAJIxp5_ASAP7_75t_R)
   0.0393    0.5914 ^ _132759_/Y (MAJIxp5_ASAP7_75t_R)
   0.0360    0.6274 v _132760_/Y (MAJIxp5_ASAP7_75t_R)
   0.0394    0.6668 ^ _132761_/Y (MAJIxp5_ASAP7_75t_R)
   0.0371    0.7039 ^ _132763_/Y (XOR2xp5_ASAP7_75t_R)
   0.0279    0.7318 v _132835_/Y (MAJIxp5_ASAP7_75t_R)
   0.0282    0.7600 ^ _132836_/Y (NOR3xp33_ASAP7_75t_R)
   0.0234    0.7834 v _132837_/Y (NOR2x1_ASAP7_75t_R)
   0.0324    0.8158 ^ _132841_/Y (INVxp67_ASAP7_75t_R)
   0.0267    0.8425 v _132888_/Y (NOR2xp33_ASAP7_75t_R)
   0.0380    0.8805 ^ _132889_/Y (NOR2xp33_ASAP7_75t_R)
   0.0180    0.8985 v _132890_/Y (XNOR2xp5_ASAP7_75t_R)
   0.0239    0.9223 ^ _132891_/Y (NOR3xp33_ASAP7_75t_R)
   0.0288    0.9511 v _132910_/Y (NAND4xp25_ASAP7_75t_R)
   0.0426    0.9938 v _132911_/Y (OR4x1_ASAP7_75t_R)
   0.0103    1.0041 ^ _132912_/Y (INVx1_ASAP7_75t_R)
   0.0110    1.0151 v _132987_/Y (NAND2xp33_ASAP7_75t_R)
   0.0127    1.0278 ^ _133000_/Y (NAND4xp25_ASAP7_75t_R)
   0.0151    1.0429 v _133008_/Y (NAND3xp33_ASAP7_75t_R)
   0.0260    1.0688 ^ _133009_/Y (NAND2xp5_ASAP7_75t_R)
   0.0338    1.1026 ^ _133010_/Y (BUFx2_ASAP7_75t_R)
   0.0142    1.1168 v _135585_/Y (NOR2xp33_ASAP7_75t_R)
   0.0267    1.1435 ^ _135587_/Y (NOR2xp33_ASAP7_75t_R)
   0.0245    1.1680 v _135595_/Y (MAJIxp5_ASAP7_75t_R)
   0.0231    1.1911 ^ _135596_/Y (MAJIxp5_ASAP7_75t_R)
   0.0189    1.2101 v _135597_/Y (MAJIxp5_ASAP7_75t_R)
   0.0230    1.2331 ^ _135598_/Y (MAJIxp5_ASAP7_75t_R)
   0.0189    1.2520 v _135599_/Y (MAJIxp5_ASAP7_75t_R)
   0.0230    1.2750 ^ _135600_/Y (MAJIxp5_ASAP7_75t_R)
   0.0161    1.2911 v _135601_/Y (MAJIxp5_ASAP7_75t_R)
   0.0271    1.3183 ^ _135633_/Y (NOR5xp2_ASAP7_75t_R)
   0.0170    1.3353 v _135637_/Y (NOR3xp33_ASAP7_75t_R)
   0.0375    1.3728 v _135662_/Y (OR5x1_ASAP7_75t_R)
   0.0169    1.3897 ^ _135667_/Y (NAND5xp2_ASAP7_75t_R)
   0.0291    1.4188 v _135668_/Y (NAND2xp5_ASAP7_75t_R)
   0.0234    1.4423 ^ _135682_/Y (INVx1_ASAP7_75t_R)
   0.0474    1.4897 ^ _135683_/Y (HB1xp67_ASAP7_75t_R)
   0.0172    1.5069 v _135701_/Y (NAND2xp33_ASAP7_75t_R)
   0.0263    1.5332 ^ _135703_/Y (NAND2xp33_ASAP7_75t_R)
   0.0234    1.5565 v _135731_/Y (MAJIxp5_ASAP7_75t_R)
   0.0227    1.5793 ^ _135732_/Y (MAJIxp5_ASAP7_75t_R)
   0.0188    1.5981 v _135733_/Y (MAJIxp5_ASAP7_75t_R)
   0.0304    1.6285 v _135734_/Y (MAJx2_ASAP7_75t_R)
   0.0246    1.6531 ^ _135766_/Y (NOR5xp2_ASAP7_75t_R)
   0.0171    1.6702 v _135771_/Y (NOR3xp33_ASAP7_75t_R)
   0.0252    1.6954 ^ _135794_/Y (NOR5xp2_ASAP7_75t_R)
   0.0368    1.7322 ^ _135801_/Y (OR5x1_ASAP7_75t_R)
   0.0243    1.7564 v _135812_/Y (NAND2xp5_ASAP7_75t_R)
   0.0284    1.7848 ^ _135822_/Y (NAND2xp33_ASAP7_75t_R)
   0.0406    1.8254 v _135823_/Y (NAND2xp33_ASAP7_75t_R)
   0.0425    1.8679 v _135824_/Y (BUFx2_ASAP7_75t_R)
   0.0219    1.8898 v _138143_/Y (AND3x1_ASAP7_75t_R)
   0.0094    1.8992 ^ _138167_/Y (INVx1_ASAP7_75t_R)
   0.0276    1.9268 v _138168_/Y (NOR2xp33_ASAP7_75t_R)
   0.0348    1.9616 ^ _138214_/Y (NAND2xp5_ASAP7_75t_R)
   0.0433    2.0049 ^ _139548_/Y (HB1xp67_ASAP7_75t_R)
   0.0440    2.0489 ^ _140239_/Y (HB1xp67_ASAP7_75t_R)
   0.0459    2.0948 ^ _140792_/Y (HB1xp67_ASAP7_75t_R)
   0.0226    2.1174 v _140860_/Y (NOR2xp33_ASAP7_75t_R)
   0.0386    2.1560 v _140862_/Y (OR4x1_ASAP7_75t_R)
   0.0246    2.1806 ^ _140867_/Y (NOR5xp2_ASAP7_75t_R)
   0.0565    2.2371 v _140868_/Y (NAND3xp33_ASAP7_75t_R)
   0.0000    2.2371 v dram_wdata[104] (out)
             2.2371   data arrival time

   1.0000    1.0000   clock clk (rise edge)
   0.0000    1.0000   clock network delay (ideal)
  -0.0500    0.9500   clock uncertainty
   0.0000    0.9500   clock reconvergence pessimism
  -0.1500    0.8000   output external delay
             0.8000   data required time
-------------------------------------------------------------
             0.8000   data required time
            -2.2371   data arrival time
-------------------------------------------------------------
            -1.4371   slack (VIOLATED)



---------- hold (min) : critical path ----------
Warning 503: atlas_hbdram_ctrl_asap7.tcl line 1, report_checks -group_count is deprecated. Use -group_path_count instead.
Startpoint: _235985_ (rising edge-triggered flip-flop clocked by clk)
Endpoint: _235985_ (rising edge-triggered flip-flop clocked by clk)
Path Group: clk
Path Type: min

    Delay      Time   Description
-------------------------------------------------------------
   0.0000    0.0000   clock clk (rise edge)
   0.0000    0.0000   clock network delay (ideal)
   0.0000    0.0000 ^ _235985_/CLK (DFFASRHQNx1_ASAP7_75t_R)
   0.0557    0.0557 ^ _235985_/QN (DFFASRHQNx1_ASAP7_75t_R)
   0.0114    0.0671 v _137570_/Y (NOR3xp33_ASAP7_75t_R)
   0.0000    0.0671 v _235985_/D (DFFASRHQNx1_ASAP7_75t_R)
             0.0671   data arrival time

   0.0000    0.0000   clock clk (rise edge)
   0.0000    0.0000   clock network delay (ideal)
   0.0500    0.0500   clock uncertainty
   0.0000    0.0500   clock reconvergence pessimism
             0.0500 ^ _235985_/CLK (DFFASRHQNx1_ASAP7_75t_R)
   0.0153    0.0653   library hold time
             0.0653   data required time
-------------------------------------------------------------
             0.0653   data required time
            -0.0671   data arrival time
-------------------------------------------------------------
             0.0017   slack (MET)


Startpoint: _235913_ (rising edge-triggered flip-flop clocked by clk)
Endpoint: _235913_ (rising edge-triggered flip-flop clocked by clk)
Path Group: clk
Path Type: min

    Delay      Time   Description
-------------------------------------------------------------
   0.0000    0.0000   clock clk (rise edge)
   0.0000    0.0000   clock network delay (ideal)
   0.0000    0.0000 ^ _235913_/CLK (DFFASRHQNx1_ASAP7_75t_R)
   0.0560    0.0560 ^ _235913_/QN (DFFASRHQNx1_ASAP7_75t_R)
   0.0115    0.0676 v _137902_/Y (NOR3xp33_ASAP7_75t_R)
   0.0000    0.0676 v _235913_/D (DFFASRHQNx1_ASAP7_75t_R)
             0.0676   data arrival time

   0.0000    0.0000   clock clk (rise edge)
   0.0000    0.0000   clock network delay (ideal)
   0.0500    0.0500   clock uncertainty
   0.0000    0.0500   clock reconvergence pessimism
             0.0500 ^ _235913_/CLK (DFFASRHQNx1_ASAP7_75t_R)
   0.0153    0.0653   library hold time
             0.0653   data required time
-------------------------------------------------------------
             0.0653   data required time
            -0.0676   data arrival time
-------------------------------------------------------------
             0.0022   slack (MET)


Startpoint: _235949_ (rising edge-triggered flip-flop clocked by clk)
Endpoint: _235949_ (rising edge-triggered flip-flop clocked by clk)
Path Group: clk
Path Type: min

    Delay      Time   Description
-------------------------------------------------------------
   0.0000    0.0000   clock clk (rise edge)
   0.0000    0.0000   clock network delay (ideal)
   0.0000    0.0000 ^ _235949_/CLK (DFFASRHQNx1_ASAP7_75t_R)
   0.0560    0.0560 ^ _235949_/QN (DFFASRHQNx1_ASAP7_75t_R)
   0.0115    0.0676 v _137734_/Y (NOR3xp33_ASAP7_75t_R)
   0.0000    0.0676 v _235949_/D (DFFASRHQNx1_ASAP7_75t_R)
             0.0676   data arrival time

   0.0000    0.0000   clock clk (rise edge)
   0.0000    0.0000   clock network delay (ideal)
   0.0500    0.0500   clock uncertainty
   0.0000    0.0500   clock reconvergence pessimism
             0.0500 ^ _235949_/CLK (DFFASRHQNx1_ASAP7_75t_R)
   0.0153    0.0653   library hold time
             0.0653   data required time
-------------------------------------------------------------
             0.0653   data required time
            -0.0676   data arrival time
-------------------------------------------------------------
             0.0022   slack (MET)



---------- slack summary ----------
setup WNS : -1.4371 ns
hold  WNS : 0.0017 ns
tns max -1747.62
wns max -1.44

---------- design rule checks ----------
max slew

Pin                                    Limit    Slew   Slack
------------------------------------------------------------
rst_n                                   0.32    1.34   -1.02 (VIOLATED)
_161739_/A                              0.32    1.34   -1.02 (VIOLATED)
_161747_/A                              0.32    1.34   -1.02 (VIOLATED)
_162645_/A                              0.32    1.34   -1.02 (VIOLATED)
_235837_/SETN                           0.32    1.34   -1.02 (VIOLATED)
_235838_/SETN                           0.32    1.34   -1.02 (VIOLATED)
_235839_/SETN                           0.32    1.34   -1.02 (VIOLATED)
_235840_/SETN                           0.32    1.34   -1.02 (VIOLATED)
_235841_/SETN                           0.32    1.34   -1.02 (VIOLATED)
_235842_/SETN                           0.32    1.34   -1.02 (VIOLATED)
_235843_/SETN                           0.32    1.34   -1.02 (VIOLATED)
_235844_/SETN                           0.32    1.34   -1.02 (VIOLATED)
_235845_/SETN                           0.32    1.34   -1.02 (VIOLATED)
_235846_/SETN                           0.32    1.34   -1.02 (VIOLATED)
_235847_/SETN                           0.32    1.34   -1.02 (VIOLATED)
_235848_/SETN                           0.32    1.34   -1.02 (VIOLATED)
_235849_/SETN                           0.32    1.34   -1.02 (VIOLATED)
_235850_/SETN                           0.32    1.34   -1.02 (VIOLATED)
_235851_/SETN                           0.32    1.34   -1.02 (VIOLATED)
_235852_/SETN                           0.32    1.34   -1.02 (VIOLATED)
_235853_/SETN                           0.32    1.34   -1.02 (VIOLATED)
_235854_/SETN                           0.32    1.34   -1.02 (VIOLATED)
_235855_/SETN                           0.32    1.34   -1.02 (VIOLATED)
_235856_/SETN                           0.32    1.34   -1.02 (VIOLATED)
_235857_/SETN                           0.32    1.34   -1.02 (VIOLATED)
_235858_/SETN                           0.32    1.34   -1.02 (VIOLATED)
_235859_/SETN                           0.32    1.34   -1.02 (VIOLATED)
_235860_/SETN                           0.32    1.34   -1.02 (VIOLATED)
_235861_/SETN                           0.32    1.34   -1.02 (VIOLATED)
_235862_/SETN                           0.32    1.34   -1.02 (VIOLATED)
_235863_/SETN                           0.32    1.34   -1.02 (VIOLATED)
_235864_/SETN                           0.32    1.34   -1.02 (VIOLATED)
_235865_/SETN                           0.32    1.34   -1.02 (VIOLATED)
_235866_/SETN                           0.32    1.34   -1.02 (VIOLATED)
_235867_/RESETN                         0.32    1.34   -1.02 (VIOLATED)
_235868_/RESETN                         0.32    1.34   -1.02 (VIOLATED)
_235869_/RESETN                         0.32    1.34   -1.02 (VIOLATED)
_235870_/RESETN                         0.32    1.34   -1.02 (VIOLATED)
_235871_/SETN                           0.32    1.34   -1.02 (VIOLATED)
_235872_/SETN                           0.32    1.34   -1.02 (VIOLATED)
_235873_/RESETN                         0.32    1.34   -1.02 (VIOLATED)
_235874_/RESETN                         0.32    1.34   -1.02 (VIOLATED)
_235875_/RESETN                         0.32    1.34   -1.02 (VIOLATED)
_235876_/RESETN                         0.32    1.34   -1.02 (VIOLATED)
_235877_/SETN                           0.32    1.34   -1.02 (VIOLATED)
_235878_/SETN                           0.32    1.34   -1.02 (VIOLATED)
_235879_/SETN                           0.32    1.34   -1.02 (VIOLATED)
_235880_/SETN                           0.32    1.34   -1.02 (VIOLATED)
_235881_/SETN                           0.32    1.34   -1.02 (VIOLATED)
_235882_/SETN                           0.32    1.34   -1.02 (VIOLATED)
_235883_/SETN                           0.32    1.34   -1.02 (VIOLATED)
_235884_/SETN                           0.32    1.34   -1.02 (VIOLATED)
_235885_/SETN                           0.32    1.34   -1.02 (VIOLATED)
_235886_/SETN                           0.32    1.34   -1.02 (VIOLATED)
_235887_/SETN                           0.32    1.34   -1.02 (VIOLATED)
_235888_/SETN                           0.32    1.34   -1.02 (VIOLATED)
_235889_/SETN                           0.32    1.34   -1.02 (VIOLATED)
_235890_/SETN                           0.32    1.34   -1.02 (VIOLATED)
_235891_/SETN                           0.32    1.34   -1.02 (VIOLATED)
_235892_/SETN                           0.32    1.34   -1.02 (VIOLATED)
_235893_/SETN                           0.32    1.34   -1.02 (VIOLATED)
_235894_/SETN                           0.32    1.34   -1.02 (VIOLATED)
_235895_/SETN                           0.32    1.34   -1.02 (VIOLATED)
_235896_/SETN                           0.32    1.34   -1.02 (VIOLATED)
_235897_/SETN                           0.32    1.34   -1.02 (VIOLATED)
_235898_/SETN                           0.32    1.34   -1.02 (VIOLATED)
_235899_/SETN                           0.32    1.34   -1.02 (VIOLATED)
_235900_/SETN                           0.32    1.34   -1.02 (VIOLATED)
_235901_/SETN                           0.32    1.34   -1.02 (VIOLATED)
_235902_/SETN                           0.32    1.34   -1.02 (VIOLATED)
_235903_/SETN                           0.32    1.34   -1.02 (VIOLATED)
_235904_/SETN                           0.32    1.34   -1.02 (VIOLATED)
_235905_/SETN                           0.32    1.34   -1.02 (VIOLATED)
_235906_/SETN                           0.32    1.34   -1.02 (VIOLATED)
_235907_/SETN                           0.32    1.34   -1.02 (VIOLATED)
_235908_/SETN                           0.32    1.34   -1.02 (VIOLATED)
_235909_/SETN                           0.32    1.34   -1.02 (VIOLATED)
_235910_/SETN                           0.32    1.34   -1.02 (VIOLATED)
_235911_/SETN                           0.32    1.34   -1.02 (VIOLATED)
_235912_/SETN                           0.32    1.34   -1.02 (VIOLATED)
_235913_/SETN                           0.32    1.34   -1.02 (VIOLATED)
_235914_/SETN                           0.32    1.34   -1.02 (VIOLATED)
_235915_/SETN                           0.32    1.34   -1.02 (VIOLATED)
_235916_/SETN                           0.32    1.34   -1.02 (VIOLATED)
_235917_/SETN                           0.32    1.34   -1.02 (VIOLATED)
_235918_/SETN                           0.32    1.34   -1.02 (VIOLATED)
_235919_/SETN                           0.32    1.34   -1.02 (VIOLATED)
_235920_/SETN                           0.32    1.34   -1.02 (VIOLATED)
_235921_/SETN                           0.32    1.34   -1.02 (VIOLATED)
_235922_/SETN                           0.32    1.34   -1.02 (VIOLATED)
_235923_/SETN                           0.32    1.34   -1.02 (VIOLATED)
_235924_/SETN                           0.32    1.34   -1.02 (VIOLATED)
_235925_/SETN                           0.32    1.34   -1.02 (VIOLATED)
_235926_/SETN                           0.32    1.34   -1.02 (VIOLATED)
_235927_/SETN                           0.32    1.34   -1.02 (VIOLATED)
_235928_/SETN                           0.32    1.34   -1.02 (VIOLATED)
_235929_/SETN                           0.32    1.34   -1.02 (VIOLATED)
_235930_/SETN                           0.32    1.34   -1.02 (VIOLATED)
_235931_/SETN                           0.32    1.34   -1.02 (VIOLATED)
_235932_/SETN                           0.32    1.34   -1.02 (VIOLATED)
_235933_/SETN                           0.32    1.34   -1.02 (VIOLATED)
_235934_/SETN                           0.32    1.34   -1.02 (VIOLATED)
_235935_/SETN                           0.32    1.34   -1.02 (VIOLATED)
_235936_/SETN                           0.32    1.34   -1.02 (VIOLATED)
_235937_/SETN                           0.32    1.34   -1.02 (VIOLATED)
_235938_/SETN                           0.32    1.34   -1.02 (VIOLATED)
_235939_/SETN                           0.32    1.34   -1.02 (VIOLATED)
_235940_/SETN                           0.32    1.34   -1.02 (VIOLATED)
_235941_/SETN                           0.32    1.34   -1.02 (VIOLATED)
_235942_/SETN                           0.32    1.34   -1.02 (VIOLATED)
_235943_/SETN                           0.32    1.34   -1.02 (VIOLATED)
_235944_/SETN                           0.32    1.34   -1.02 (VIOLATED)
_235945_/SETN                           0.32    1.34   -1.02 (VIOLATED)
_235946_/SETN                           0.32    1.34   -1.02 (VIOLATED)
_235947_/SETN                           0.32    1.34   -1.02 (VIOLATED)
_235948_/SETN                           0.32    1.34   -1.02 (VIOLATED)
_235949_/SETN                           0.32    1.34   -1.02 (VIOLATED)
_235950_/SETN                           0.32    1.34   -1.02 (VIOLATED)
_235951_/SETN                           0.32    1.34   -1.02 (VIOLATED)
_235952_/SETN                           0.32    1.34   -1.02 (VIOLATED)
_235953_/SETN                           0.32    1.34   -1.02 (VIOLATED)
_235954_/SETN                           0.32    1.34   -1.02 (VIOLATED)
_235955_/SETN                           0.32    1.34   -1.02 (VIOLATED)
_235956_/SETN                           0.32    1.34   -1.02 (VIOLATED)
_235957_/SETN                           0.32    1.34   -1.02 (VIOLATED)
_235958_/SETN                           0.32    1.34   -1.02 (VIOLATED)
_235959_/SETN                           0.32    1.34   -1.02 (VIOLATED)
_235960_/SETN                           0.32    1.34   -1.02 (VIOLATED)
_235961_/SETN                           0.32    1.34   -1.02 (VIOLATED)
_235962_/SETN                           0.32    1.34   -1.02 (VIOLATED)
_235963_/SETN                           0.32    1.34   -1.02 (VIOLATED)
_235964_/SETN                           0.32    1.34   -1.02 (VIOLATED)
_235965_/SETN                           0.32    1.34   -1.02 (VIOLATED)
_235966_/SETN                           0.32    1.34   -1.02 (VIOLATED)
_235967_/SETN                           0.32    1.34   -1.02 (VIOLATED)
_235968_/SETN                           0.32    1.34   -1.02 (VIOLATED)
_235969_/SETN                           0.32    1.34   -1.02 (VIOLATED)
_235970_/SETN                           0.32    1.34   -1.02 (VIOLATED)
_235971_/SETN                           0.32    1.34   -1.02 (VIOLATED)
_235972_/SETN                           0.32    1.34   -1.02 (VIOLATED)
_235973_/SETN                           0.32    1.34   -1.02 (VIOLATED)
_235974_/SETN                           0.32    1.34   -1.02 (VIOLATED)
_235975_/SETN                           0.32    1.34   -1.02 (VIOLATED)
_235976_/SETN                           0.32    1.34   -1.02 (VIOLATED)
_235977_/SETN                           0.32    1.34   -1.02 (VIOLATED)
_235978_/SETN                           0.32    1.34   -1.02 (VIOLATED)
_235979_/SETN                           0.32    1.34   -1.02 (VIOLATED)
_235980_/SETN                           0.32    1.34   -1.02 (VIOLATED)
_235981_/SETN                           0.32    1.34   -1.02 (VIOLATED)
_235982_/SETN                           0.32    1.34   -1.02 (VIOLATED)
_235983_/SETN                           0.32    1.34   -1.02 (VIOLATED)
_235984_/SETN                           0.32    1.34   -1.02 (VIOLATED)
_235985_/SETN                           0.32    1.34   -1.02 (VIOLATED)
_235986_/SETN                           0.32    1.34   -1.02 (VIOLATED)
_235987_/SETN                           0.32    1.34   -1.02 (VIOLATED)
_235988_/SETN                           0.32    1.34   -1.02 (VIOLATED)
_235989_/SETN                           0.32    1.34   -1.02 (VIOLATED)
_235990_/SETN                           0.32    1.34   -1.02 (VIOLATED)
_235991_/SETN                           0.32    1.34   -1.02 (VIOLATED)
_235992_/SETN                           0.32    1.34   -1.02 (VIOLATED)
_235993_/SETN                           0.32    1.34   -1.02 (VIOLATED)
_235994_/SETN                           0.32    1.34   -1.02 (VIOLATED)
_235995_/SETN                           0.32    1.34   -1.02 (VIOLATED)
_235996_/SETN                           0.32    1.34   -1.02 (VIOLATED)
_235997_/SETN                           0.32    1.34   -1.02 (VIOLATED)
_235998_/SETN                           0.32    1.34   -1.02 (VIOLATED)
_235999_/SETN                           0.32    1.34   -1.02 (VIOLATED)
_236000_/SETN                           0.32    1.34   -1.02 (VIOLATED)
_236001_/SETN                           0.32    1.34   -1.02 (VIOLATED)
_236002_/SETN                           0.32    1.34   -1.02 (VIOLATED)
_236003_/SETN                           0.32    1.34   -1.02 (VIOLATED)
_236004_/SETN                           0.32    1.34   -1.02 (VIOLATED)
_236005_/SETN                           0.32    1.34   -1.02 (VIOLATED)
_236006_/SETN                           0.32    1.34   -1.02 (VIOLATED)
_236007_/SETN                           0.32    1.34   -1.02 (VIOLATED)
_236008_/SETN                           0.32    1.34   -1.02 (VIOLATED)
_236009_/SETN                           0.32    1.34   -1.02 (VIOLATED)
_236010_/SETN                           0.32    1.34   -1.02 (VIOLATED)
_236011_/SETN                           0.32    1.34   -1.02 (VIOLATED)
_236012_/SETN                           0.32    1.34   -1.02 (VIOLATED)
_236013_/SETN                           0.32    1.34   -1.02 (VIOLATED)
_236014_/SETN                           0.32    1.34   -1.02 (VIOLATED)
_236015_/SETN                           0.32    1.34   -1.02 (VIOLATED)
_236016_/SETN                           0.32    1.34   -1.02 (VIOLATED)
_236017_/SETN                           0.32    1.34   -1.02 (VIOLATED)
_236018_/SETN                           0.32    1.34   -1.02 (VIOLATED)
_236019_/SETN                           0.32    1.34   -1.02 (VIOLATED)
_236020_/SETN                           0.32    1.34   -1.02 (VIOLATED)
_236021_/SETN                           0.32    1.34   -1.02 (VIOLATED)
_236022_/SETN                           0.32    1.34   -1.02 (VIOLATED)
_236023_/SETN                           0.32    1.34   -1.02 (VIOLATED)
_236024_/SETN                           0.32    1.34   -1.02 (VIOLATED)
_236025_/SETN                           0.32    1.34   -1.02 (VIOLATED)
_236026_/SETN                           0.32    1.34   -1.02 (VIOLATED)
_236027_/SETN                           0.32    1.34   -1.02 (VIOLATED)
_236028_/SETN                           0.32    1.34   -1.02 (VIOLATED)
_236029_/SETN                           0.32    1.34   -1.02 (VIOLATED)
_236030_/SETN                           0.32    1.34   -1.02 (VIOLATED)
_236031_/SETN                           0.32    1.34   -1.02 (VIOLATED)
_236032_/SETN                           0.32    1.34   -1.02 (VIOLATED)
_236033_/SETN                           0.32    1.34   -1.02 (VIOLATED)
_236034_/SETN                           0.32    1.34   -1.02 (VIOLATED)
_236035_/SETN                           0.32    1.34   -1.02 (VIOLATED)
_236036_/SETN                           0.32    1.34   -1.02 (VIOLATED)
_236037_/SETN                           0.32    1.34   -1.02 (VIOLATED)
_236038_/SETN                           0.32    1.34   -1.02 (VIOLATED)
_236039_/SETN                           0.32    1.34   -1.02 (VIOLATED)
_236040_/SETN                           0.32    1.34   -1.02 (VIOLATED)
_236041_/SETN                           0.32    1.34   -1.02 (VIOLATED)
_236042_/SETN                           0.32    1.34   -1.02 (VIOLATED)
_236043_/SETN                           0.32    1.34   -1.02 (VIOLATED)
_236044_/SETN                           0.32    1.34   -1.02 (VIOLATED)
_236045_/SETN                           0.32    1.34   -1.02 (VIOLATED)
_236046_/SETN                           0.32    1.34   -1.02 (VIOLATED)
_236047_/SETN                           0.32    1.34   -1.02 (VIOLATED)
_236048_/SETN                           0.32    1.34   -1.02 (VIOLATED)
_236049_/SETN                           0.32    1.34   -1.02 (VIOLATED)
_236050_/SETN                           0.32    1.34   -1.02 (VIOLATED)
_236051_/SETN                           0.32    1.34   -1.02 (VIOLATED)
_236052_/SETN                           0.32    1.34   -1.02 (VIOLATED)
_236053_/SETN                           0.32    1.34   -1.02 (VIOLATED)
_236054_/SETN                           0.32    1.34   -1.02 (VIOLATED)
_236055_/SETN                           0.32    1.34   -1.02 (VIOLATED)
_236056_/SETN                           0.32    1.34   -1.02 (VIOLATED)
_236057_/SETN                           0.32    1.34   -1.02 (VIOLATED)
_236058_/SETN                           0.32    1.34   -1.02 (VIOLATED)
_236059_/SETN                           0.32    1.34   -1.02 (VIOLATED)
_236060_/SETN                           0.32    1.34   -1.02 (VIOLATED)
_236061_/SETN                           0.32    1.34   -1.02 (VIOLATED)
_236062_/SETN                           0.32    1.34   -1.02 (VIOLATED)
_236063_/SETN                           0.32    1.34   -1.02 (VIOLATED)
_236064_/SETN                           0.32    1.34   -1.02 (VIOLATED)
_236065_/SETN                           0.32    1.34   -1.02 (VIOLATED)
_236066_/SETN                           0.32    1.34   -1.02 (VIOLATED)
_236067_/SETN                           0.32    1.34   -1.02 (VIOLATED)
_236068_/SETN                           0.32    1.34   -1.02 (VIOLATED)
_236069_/SETN                           0.32    1.34   -1.02 (VIOLATED)
_236070_/SETN                           0.32    1.34   -1.02 (VIOLATED)
_236071_/SETN                           0.32    1.34   -1.02 (VIOLATED)
_236072_/SETN                           0.32    1.34   -1.02 (VIOLATED)
_236073_/SETN                           0.32    1.34   -1.02 (VIOLATED)
_236074_/SETN                           0.32    1.34   -1.02 (VIOLATED)
_236075_/SETN                           0.32    1.34   -1.02 (VIOLATED)
_236076_/SETN                           0.32    1.34   -1.02 (VIOLATED)
_236077_/SETN                           0.32    1.34   -1.02 (VIOLATED)
_236078_/SETN                           0.32    1.34   -1.02 (VIOLATED)
_236079_/SETN                           0.32    1.34   -1.02 (VIOLATED)
_236080_/SETN                           0.32    1.34   -1.02 (VIOLATED)
_236081_/SETN                           0.32    1.34   -1.02 (VIOLATED)
_236082_/SETN                           0.32    1.34   -1.02 (VIOLATED)
_236083_/SETN                           0.32    1.34   -1.02 (VIOLATED)
_236084_/SETN                           0.32    1.34   -1.02 (VIOLATED)
_236085_/SETN                           0.32    1.34   -1.02 (VIOLATED)
_236086_/SETN                           0.32    1.34   -1.02 (VIOLATED)
_236087_/SETN                           0.32    1.34   -1.02 (VIOLATED)
_236088_/SETN                           0.32    1.34   -1.02 (VIOLATED)
_236089_/SETN                           0.32    1.34   -1.02 (VIOLATED)
_236090_/SETN                           0.32    1.34   -1.02 (VIOLATED)
_236091_/SETN                           0.32    1.34   -1.02 (VIOLATED)
_236092_/SETN                           0.32    1.34   -1.02 (VIOLATED)
_236093_/SETN                           0.32    1.34   -1.02 (VIOLATED)
_236094_/SETN                           0.32    1.34   -1.02 (VIOLATED)
_236095_/SETN                           0.32    1.34   -1.02 (VIOLATED)
_236096_/SETN                           0.32    1.34   -1.02 (VIOLATED)
_236097_/SETN                           0.32    1.34   -1.02 (VIOLATED)
_236098_/SETN                           0.32    1.34   -1.02 (VIOLATED)
_236099_/SETN                           0.32    1.34   -1.02 (VIOLATED)
_236100_/SETN                           0.32    1.34   -1.02 (VIOLATED)
_236101_/SETN                           0.32    1.34   -1.02 (VIOLATED)
_236102_/SETN                           0.32    1.34   -1.02 (VIOLATED)
_236103_/SETN                           0.32    1.34   -1.02 (VIOLATED)
_236104_/SETN                           0.32    1.34   -1.02 (VIOLATED)
_236105_/SETN                           0.32    1.34   -1.02 (VIOLATED)
_236106_/SETN                           0.32    1.34   -1.02 (VIOLATED)
_236107_/SETN                           0.32    1.34   -1.02 (VIOLATED)
_236108_/SETN                           0.32    1.34   -1.02 (VIOLATED)
_236109_/SETN                           0.32    1.34   -1.02 (VIOLATED)
_236110_/SETN                           0.32    1.34   -1.02 (VIOLATED)
_236111_/SETN                           0.32    1.34   -1.02 (VIOLATED)
_236112_/SETN                           0.32    1.34   -1.02 (VIOLATED)
_236113_/SETN                           0.32    1.34   -1.02 (VIOLATED)
_236114_/SETN                           0.32    1.34   -1.02 (VIOLATED)
_236139_/SETN                           0.32    1.34   -1.02 (VIOLATED)
_236140_/SETN                           0.32    1.34   -1.02 (VIOLATED)
_236141_/SETN                           0.32    1.34   -1.02 (VIOLATED)
_236142_/SETN                           0.32    1.34   -1.02 (VIOLATED)
_236143_/SETN                           0.32    1.34   -1.02 (VIOLATED)
_236144_/SETN                           0.32    1.34   -1.02 (VIOLATED)

max capacitance

Pin                                    Limit     Cap   Slack
------------------------------------------------------------
rst_n                                  92.16  304.98 -212.82 (VIOLATED)


---------- power ----------
Group                  Internal  Switching    Leakage      Total
                          Power      Power      Power      Power (Watts)
----------------------------------------------------------------
Sequential           3.7384e-02 2.8699e-03 3.8555e-06 4.0258e-02  55.2%
Combinational        1.6683e-02 1.5994e-02 4.9214e-06 3.2682e-02  44.8%
Clock                0.0000e+00 0.0000e+00 0.0000e+00 0.0000e+00   0.0%
Macro                0.0000e+00 0.0000e+00 0.0000e+00 0.0000e+00   0.0%
Pad                  0.0000e+00 0.0000e+00 0.0000e+00 0.0000e+00   0.0%
----------------------------------------------------------------
Total                5.4068e-02 1.8863e-02 8.7786e-06 7.2939e-02 100.0%
                          74.1%      25.9%       0.0%

RESULT: TIMING NOT MET (setup WNS -1.4371 ns)
