Warning 1212: /home/user/ATLAS-MICRO-2026/syn/lib/asap7_simple.lib line 71029, timing group from output port.
Warning 1212: /home/user/ATLAS-MICRO-2026/syn/lib/asap7_simple.lib line 71505, timing group from output port.
Warning 1212: /home/user/ATLAS-MICRO-2026/syn/lib/asap7_simple.lib line 71981, timing group from output port.
Warning 1212: /home/user/ATLAS-MICRO-2026/syn/lib/asap7_simple.lib line 72457, timing group from output port.
Warning 1212: /home/user/ATLAS-MICRO-2026/syn/lib/asap7_simple.lib line 72933, timing group from output port.
Warning 1212: /home/user/ATLAS-MICRO-2026/syn/lib/asap7_simple.lib line 73409, timing group from output port.
Warning 1212: /home/user/ATLAS-MICRO-2026/syn/lib/asap7_simple.lib line 73885, timing group from output port.
Warning 1212: /home/user/ATLAS-MICRO-2026/syn/lib/asap7_simple.lib line 81795, timing group from output port.
Warning 1212: /home/user/ATLAS-MICRO-2026/syn/lib/asap7_simple.lib line 82271, timing group from output port.
Warning 1212: /home/user/ATLAS-MICRO-2026/syn/lib/asap7_simple.lib line 82747, timing group from output port.
==========================================================
  ATLAS static timing analysis
==========================================================
 time 1ns
 capacitance 1fF
 resistance 1kohm
 voltage 1v
 current 1mA
 power 1pW
 distance 1um

---------- clocks ----------
Clock                   Period          Waveform
----------------------------------------------------
clk                       1.00        0.00      0.50

---------- setup (max) : critical path ----------
Warning 503: atlas_recip_f32_asap7.tcl line 1, report_checks -group_count is deprecated. Use -group_path_count instead.
Startpoint: _6687_ (rising edge-triggered flip-flop clocked by clk)
Endpoint: _6741_ (rising edge-triggered flip-flop clocked by clk)
Path Group: clk
Path Type: max

    Delay      Time   Description
-------------------------------------------------------------
   0.0000    0.0000   clock clk (rise edge)
   0.0000    0.0000   clock network delay (ideal)
   0.0000    0.0000 ^ _6687_/CLK (DFFHQNx1_ASAP7_75t_R)
   0.0748    0.0748 v _6687_/QN (DFFHQNx1_ASAP7_75t_R)
   0.0389    0.1138 ^ _5488_/Y (NOR2xp33_ASAP7_75t_R)
   0.0348    0.1485 ^ _5490_/Y (XOR2xp5_ASAP7_75t_R)
   0.0283    0.1768 ^ _5492_/Y (XNOR2xp5_ASAP7_75t_R)
   0.0373    0.2141 ^ _5718_/Y (XOR2xp5_ASAP7_75t_R)
   0.0313    0.2454 ^ _5719_/Y (XNOR2x1_ASAP7_75t_R)
   0.0238    0.2692 ^ _5720_/Y (XNOR2xp5_ASAP7_75t_R)
   0.0410    0.3103 v _5721_/Y (XNOR2x2_ASAP7_75t_R)
   0.0307    0.3410 v _5827_/Y (XNOR2xp5_ASAP7_75t_R)
   0.0333    0.3743 v _5828_/Y (XNOR2xp5_ASAP7_75t_R)
   0.0287    0.4030 v _5831_/Y (XNOR2x1_ASAP7_75t_R)
   0.0255    0.4284 v _5832_/Y (XNOR2x1_ASAP7_75t_R)
   0.0214    0.4499 ^ _5952_/Y (NOR2xp33_ASAP7_75t_R)
   0.0165    0.4664 v _5953_/Y (NOR2x1_ASAP7_75t_R)
   0.0188    0.4853 ^ _5969_/Y (NOR2xp67_ASAP7_75t_R)
   0.0161    0.5014 v _5970_/Y (NOR2xp33_ASAP7_75t_R)
   0.0147    0.5161 ^ _5971_/Y (NAND3xp33_ASAP7_75t_R)
   0.0181    0.5342 v _5974_/Y (NAND3xp33_ASAP7_75t_R)
   0.0207    0.5549 ^ _5975_/Y (NAND2x1_ASAP7_75t_R)
   0.0221    0.5771 v _5983_/Y (MAJIxp5_ASAP7_75t_R)
   0.0370    0.6141 v _6042_/Y (XNOR2xp5_ASAP7_75t_R)
   0.0343    0.6484 ^ _6046_/Y (MAJIxp5_ASAP7_75t_R)
   0.0339    0.6823 v _6114_/Y (MAJIxp5_ASAP7_75t_R)
   0.0469    0.7292 ^ _6177_/Y (MAJIxp5_ASAP7_75t_R)
   0.0302    0.7595 v _6290_/Y (MAJIxp5_ASAP7_75t_R)
   0.0358    0.7953 ^ _6291_/Y (MAJIxp5_ASAP7_75t_R)
   0.0319    0.8272 v _6344_/Y (MAJIxp5_ASAP7_75t_R)
   0.0370    0.8643 ^ _6391_/Y (MAJIxp5_ASAP7_75t_R)
   0.0317    0.8960 v _6430_/Y (MAJIxp5_ASAP7_75t_R)
   0.0458    0.9418 ^ _6469_/Y (MAJIxp5_ASAP7_75t_R)
   0.0301    0.9719 v _6532_/Y (MAJIxp5_ASAP7_75t_R)
   0.0358    1.0077 ^ _6533_/Y (MAJIxp5_ASAP7_75t_R)
   0.0319    1.0397 v _6556_/Y (MAJIxp5_ASAP7_75t_R)
   0.0370    1.0767 ^ _6582_/Y (MAJIxp5_ASAP7_75t_R)
   0.0327    1.1093 v _6599_/Y (MAJIxp5_ASAP7_75t_R)
   0.0316    1.1409 ^ _6614_/Y (MAJIxp5_ASAP7_75t_R)
   0.0426    1.1835 v _6627_/Y (NAND5xp2_ASAP7_75t_R)
   0.0312    1.2147 ^ _6636_/Y (NOR3xp33_ASAP7_75t_R)
   0.0277    1.2424 ^ _6638_/Y (OR2x2_ASAP7_75t_R)
   0.0127    1.2551 v _6639_/Y (NAND3x1_ASAP7_75t_R)
   0.0113    1.2663 ^ _6640_/Y (NAND2x1p5_ASAP7_75t_R)
   0.0000    1.2663 ^ _6741_/D (DFFHQNx1_ASAP7_75t_R)
             1.2663   data arrival time

   1.0000    1.0000   clock clk (rise edge)
   0.0000    1.0000   clock network delay (ideal)
  -0.0500    0.9500   clock uncertainty
   0.0000    0.9500   clock reconvergence pessimism
             0.9500 ^ _6741_/CLK (DFFHQNx1_ASAP7_75t_R)
  -0.0091    0.9409   library setup time
             0.9409   data required time
-------------------------------------------------------------
             0.9409   data required time
            -1.2663   data arrival time
-------------------------------------------------------------
            -0.3255   slack (VIOLATED)


Startpoint: _6687_ (rising edge-triggered flip-flop clocked by clk)
Endpoint: _6740_ (rising edge-triggered flip-flop clocked by clk)
Path Group: clk
Path Type: max

    Delay      Time   Description
-------------------------------------------------------------
   0.0000    0.0000   clock clk (rise edge)
   0.0000    0.0000   clock network delay (ideal)
   0.0000    0.0000 ^ _6687_/CLK (DFFHQNx1_ASAP7_75t_R)
   0.0748    0.0748 v _6687_/QN (DFFHQNx1_ASAP7_75t_R)
   0.0389    0.1138 ^ _5488_/Y (NOR2xp33_ASAP7_75t_R)
   0.0348    0.1485 ^ _5490_/Y (XOR2xp5_ASAP7_75t_R)
   0.0283    0.1768 ^ _5492_/Y (XNOR2xp5_ASAP7_75t_R)
   0.0373    0.2141 ^ _5718_/Y (XOR2xp5_ASAP7_75t_R)
   0.0313    0.2454 ^ _5719_/Y (XNOR2x1_ASAP7_75t_R)
   0.0238    0.2692 ^ _5720_/Y (XNOR2xp5_ASAP7_75t_R)
   0.0410    0.3103 v _5721_/Y (XNOR2x2_ASAP7_75t_R)
   0.0307    0.3410 v _5827_/Y (XNOR2xp5_ASAP7_75t_R)
   0.0333    0.3743 v _5828_/Y (XNOR2xp5_ASAP7_75t_R)
   0.0287    0.4030 v _5831_/Y (XNOR2x1_ASAP7_75t_R)
   0.0255    0.4284 v _5832_/Y (XNOR2x1_ASAP7_75t_R)
   0.0214    0.4499 ^ _5952_/Y (NOR2xp33_ASAP7_75t_R)
   0.0165    0.4664 v _5953_/Y (NOR2x1_ASAP7_75t_R)
   0.0188    0.4853 ^ _5969_/Y (NOR2xp67_ASAP7_75t_R)
   0.0161    0.5014 v _5970_/Y (NOR2xp33_ASAP7_75t_R)
   0.0147    0.5161 ^ _5971_/Y (NAND3xp33_ASAP7_75t_R)
   0.0181    0.5342 v _5974_/Y (NAND3xp33_ASAP7_75t_R)
   0.0207    0.5549 ^ _5975_/Y (NAND2x1_ASAP7_75t_R)
   0.0221    0.5771 v _5983_/Y (MAJIxp5_ASAP7_75t_R)
   0.0370    0.6141 v _6042_/Y (XNOR2xp5_ASAP7_75t_R)
   0.0343    0.6484 ^ _6046_/Y (MAJIxp5_ASAP7_75t_R)
   0.0339    0.6823 v _6114_/Y (MAJIxp5_ASAP7_75t_R)
   0.0469    0.7292 ^ _6177_/Y (MAJIxp5_ASAP7_75t_R)
   0.0302    0.7595 v _6290_/Y (MAJIxp5_ASAP7_75t_R)
   0.0358    0.7953 ^ _6291_/Y (MAJIxp5_ASAP7_75t_R)
   0.0319    0.8272 v _6344_/Y (MAJIxp5_ASAP7_75t_R)
   0.0370    0.8643 ^ _6391_/Y (MAJIxp5_ASAP7_75t_R)
   0.0317    0.8960 v _6430_/Y (MAJIxp5_ASAP7_75t_R)
   0.0458    0.9418 ^ _6469_/Y (MAJIxp5_ASAP7_75t_R)
   0.0301    0.9719 v _6532_/Y (MAJIxp5_ASAP7_75t_R)
   0.0358    1.0077 ^ _6533_/Y (MAJIxp5_ASAP7_75t_R)
   0.0319    1.0397 v _6556_/Y (MAJIxp5_ASAP7_75t_R)
   0.0370    1.0767 ^ _6582_/Y (MAJIxp5_ASAP7_75t_R)
   0.0327    1.1093 v _6599_/Y (MAJIxp5_ASAP7_75t_R)
   0.0316    1.1409 ^ _6614_/Y (MAJIxp5_ASAP7_75t_R)
   0.0426    1.1835 v _6627_/Y (NAND5xp2_ASAP7_75t_R)
   0.0324    1.2159 ^ _6632_/Y (NOR2xp33_ASAP7_75t_R)
   0.0264    1.2424 ^ _6633_/Y (XNOR2xp5_ASAP7_75t_R)
   0.0127    1.2551 v _6634_/Y (NOR2x1_ASAP7_75t_R)
   0.0000    1.2551 v _6740_/D (DFFHQNx1_ASAP7_75t_R)
             1.2551   data arrival time

   1.0000    1.0000   clock clk (rise edge)
   0.0000    1.0000   clock network delay (ideal)
  -0.0500    0.9500   clock uncertainty
   0.0000    0.9500   clock reconvergence pessimism
             0.9500 ^ _6740_/CLK (DFFHQNx1_ASAP7_75t_R)
  -0.0032    0.9468   library setup time
             0.9468   data required time
-------------------------------------------------------------
             0.9468   data required time
            -1.2551   data arrival time
-------------------------------------------------------------
            -0.3083   slack (VIOLATED)


Startpoint: _6687_ (rising edge-triggered flip-flop clocked by clk)
Endpoint: _6739_ (rising edge-triggered flip-flop clocked by clk)
Path Group: clk
Path Type: max

    Delay      Time   Description
-------------------------------------------------------------
   0.0000    0.0000   clock clk (rise edge)
   0.0000    0.0000   clock network delay (ideal)
   0.0000    0.0000 ^ _6687_/CLK (DFFHQNx1_ASAP7_75t_R)
   0.0748    0.0748 v _6687_/QN (DFFHQNx1_ASAP7_75t_R)
   0.0389    0.1138 ^ _5488_/Y (NOR2xp33_ASAP7_75t_R)
   0.0348    0.1485 ^ _5490_/Y (XOR2xp5_ASAP7_75t_R)
   0.0283    0.1768 ^ _5492_/Y (XNOR2xp5_ASAP7_75t_R)
   0.0373    0.2141 ^ _5718_/Y (XOR2xp5_ASAP7_75t_R)
   0.0313    0.2454 ^ _5719_/Y (XNOR2x1_ASAP7_75t_R)
   0.0238    0.2692 ^ _5720_/Y (XNOR2xp5_ASAP7_75t_R)
   0.0410    0.3103 v _5721_/Y (XNOR2x2_ASAP7_75t_R)
   0.0307    0.3410 v _5827_/Y (XNOR2xp5_ASAP7_75t_R)
   0.0333    0.3743 v _5828_/Y (XNOR2xp5_ASAP7_75t_R)
   0.0287    0.4030 v _5831_/Y (XNOR2x1_ASAP7_75t_R)
   0.0255    0.4284 v _5832_/Y (XNOR2x1_ASAP7_75t_R)
   0.0214    0.4499 ^ _5952_/Y (NOR2xp33_ASAP7_75t_R)
   0.0165    0.4664 v _5953_/Y (NOR2x1_ASAP7_75t_R)
   0.0188    0.4853 ^ _5969_/Y (NOR2xp67_ASAP7_75t_R)
   0.0161    0.5014 v _5970_/Y (NOR2xp33_ASAP7_75t_R)
   0.0147    0.5161 ^ _5971_/Y (NAND3xp33_ASAP7_75t_R)
   0.0181    0.5342 v _5974_/Y (NAND3xp33_ASAP7_75t_R)
   0.0207    0.5549 ^ _5975_/Y (NAND2x1_ASAP7_75t_R)
   0.0221    0.5771 v _5983_/Y (MAJIxp5_ASAP7_75t_R)
   0.0370    0.6141 v _6042_/Y (XNOR2xp5_ASAP7_75t_R)
   0.0343    0.6484 ^ _6046_/Y (MAJIxp5_ASAP7_75t_R)
   0.0339    0.6823 v _6114_/Y (MAJIxp5_ASAP7_75t_R)
   0.0469    0.7292 ^ _6177_/Y (MAJIxp5_ASAP7_75t_R)
   0.0302    0.7595 v _6290_/Y (MAJIxp5_ASAP7_75t_R)
   0.0358    0.7953 ^ _6291_/Y (MAJIxp5_ASAP7_75t_R)
   0.0319    0.8272 v _6344_/Y (MAJIxp5_ASAP7_75t_R)
   0.0370    0.8643 ^ _6391_/Y (MAJIxp5_ASAP7_75t_R)
   0.0317    0.8960 v _6430_/Y (MAJIxp5_ASAP7_75t_R)
   0.0458    0.9418 ^ _6469_/Y (MAJIxp5_ASAP7_75t_R)
   0.0301    0.9719 v _6532_/Y (MAJIxp5_ASAP7_75t_R)
   0.0358    1.0077 ^ _6533_/Y (MAJIxp5_ASAP7_75t_R)
   0.0319    1.0397 v _6556_/Y (MAJIxp5_ASAP7_75t_R)
   0.0370    1.0767 ^ _6582_/Y (MAJIxp5_ASAP7_75t_R)
   0.0327    1.1093 v _6599_/Y (MAJIxp5_ASAP7_75t_R)
   0.0316    1.1409 ^ _6614_/Y (MAJIxp5_ASAP7_75t_R)
   0.0426    1.1835 v _6627_/Y (NAND5xp2_ASAP7_75t_R)
   0.0382    1.2217 v _6628_/Y (XNOR2x2_ASAP7_75t_R)
   0.0094    1.2312 ^ _6629_/Y (NOR2x1_ASAP7_75t_R)
   0.0000    1.2312 ^ _6739_/D (DFFHQNx1_ASAP7_75t_R)
             1.2312   data arrival time

   1.0000    1.0000   clock clk (rise edge)
   0.0000    1.0000   clock network delay (ideal)
  -0.0500    0.9500   clock uncertainty
   0.0000    0.9500   clock reconvergence pessimism
             0.9500 ^ _6739_/CLK (DFFHQNx1_ASAP7_75t_R)
  -0.0095    0.9405   library setup time
             0.9405   data required time
-------------------------------------------------------------
             0.9405   data required time
            -1.2312   data arrival time
-------------------------------------------------------------
            -0.2906   slack (VIOLATED)



---------- hold (min) : critical path ----------
Warning 503: atlas_recip_f32_asap7.tcl line 1, report_checks -group_count is deprecated. Use -group_path_count instead.
Startpoint: _6682_ (rising edge-triggered flip-flop clocked by clk)
Endpoint: _6710_ (rising edge-triggered flip-flop clocked by clk)
Path Group: clk
Path Type: min

    Delay      Time   Description
-------------------------------------------------------------
   0.0000    0.0000   clock clk (rise edge)
   0.0000    0.0000   clock network delay (ideal)
   0.0000    0.0000 ^ _6682_/CLK (DFFASRHQNx1_ASAP7_75t_R)
   0.0544    0.0544 ^ _6682_/QN (DFFASRHQNx1_ASAP7_75t_R)
   0.0083    0.0627 v _5400_/Y (INVx1_ASAP7_75t_R)
   0.0000    0.0627 v _6710_/D (DFFASRHQNx1_ASAP7_75t_R)
             0.0627   data arrival time

   0.0000    0.0000   clock clk (rise edge)
   0.0000    0.0000   clock network delay (ideal)
   0.0500    0.0500   clock uncertainty
   0.0000    0.0500   clock reconvergence pessimism
             0.0500 ^ _6710_/CLK (DFFASRHQNx1_ASAP7_75t_R)
   0.0158    0.0658   library hold time
             0.0658   data required time
-------------------------------------------------------------
             0.0658   data required time
            -0.0627   data arrival time
-------------------------------------------------------------
            -0.0030   slack (VIOLATED)


Startpoint: _6706_ (rising edge-triggered flip-flop clocked by clk)
Endpoint: _6742_ (rising edge-triggered flip-flop clocked by clk)
Path Group: clk
Path Type: min

    Delay      Time   Description
-------------------------------------------------------------
   0.0000    0.0000   clock clk (rise edge)
   0.0000    0.0000   clock network delay (ideal)
   0.0000    0.0000 ^ _6706_/CLK (DFFHQNx1_ASAP7_75t_R)
   0.0483    0.0483 ^ _6706_/QN (DFFHQNx1_ASAP7_75t_R)
   0.0129    0.0612 v _6642_/Y (NOR2xp33_ASAP7_75t_R)
   0.0000    0.0612 v _6742_/D (DFFHQNx1_ASAP7_75t_R)
             0.0612   data arrival time

   0.0000    0.0000   clock clk (rise edge)
   0.0000    0.0000   clock network delay (ideal)
   0.0500    0.0500   clock uncertainty
   0.0000    0.0500   clock reconvergence pessimism
             0.0500 ^ _6742_/CLK (DFFHQNx1_ASAP7_75t_R)
   0.0136    0.0636   library hold time
             0.0636   data required time
-------------------------------------------------------------
             0.0636   data required time
            -0.0612   data arrival time
-------------------------------------------------------------
            -0.0024   slack (VIOLATED)


Startpoint: _6709_ (rising edge-triggered flip-flop clocked by clk)
Endpoint: _6741_ (rising edge-triggered flip-flop clocked by clk)
Path Group: clk
Path Type: min

    Delay      Time   Description
-------------------------------------------------------------
   0.0000    0.0000   clock clk (rise edge)
   0.0000    0.0000   clock network delay (ideal)
   0.0000    0.0000 ^ _6709_/CLK (DFFHQNx1_ASAP7_75t_R)
   0.0581    0.0581 ^ _6709_/QN (DFFHQNx1_ASAP7_75t_R)
   0.0094    0.0676 v _6640_/Y (NAND2x1p5_ASAP7_75t_R)
   0.0000    0.0676 v _6741_/D (DFFHQNx1_ASAP7_75t_R)
             0.0676   data arrival time

   0.0000    0.0000   clock clk (rise edge)
   0.0000    0.0000   clock network delay (ideal)
   0.0500    0.0500   clock uncertainty
   0.0000    0.0500   clock reconvergence pessimism
             0.0500 ^ _6741_/CLK (DFFHQNx1_ASAP7_75t_R)
   0.0148    0.0648   library hold time
             0.0648   data required time
-------------------------------------------------------------
             0.0648   data required time
            -0.0676   data arrival time
-------------------------------------------------------------
             0.0028   slack (MET)



---------- slack summary ----------
setup WNS : -0.3255 ns
hold  WNS : -0.0030 ns
tns max -2.89
wns max -0.33

---------- design rule checks ----------

---------- power ----------
Group                  Internal  Switching    Leakage      Total
                          Power      Power      Power      Power (Watts)
----------------------------------------------------------------
Sequential           2.4801e-04 9.6122e-06 2.2827e-08 2.5764e-04  10.6%
Combinational        9.9807e-04 1.1638e-03 1.2056e-07 2.1620e-03  89.4%
Clock                0.0000e+00 0.0000e+00 0.0000e+00 0.0000e+00   0.0%
Macro                0.0000e+00 0.0000e+00 0.0000e+00 0.0000e+00   0.0%
Pad                  0.0000e+00 0.0000e+00 0.0000e+00 0.0000e+00   0.0%
----------------------------------------------------------------
Total                1.2461e-03 1.1734e-03 1.4338e-07 2.4196e-03 100.0%
                          51.5%      48.5%       0.0%

RESULT: TIMING NOT MET (setup WNS -0.3255 ns)
