Warning 1212: /home/user/ATLAS-MICRO-2026/syn/lib/asap7_simple.lib line 71029, timing group from output port.
Warning 1212: /home/user/ATLAS-MICRO-2026/syn/lib/asap7_simple.lib line 71505, timing group from output port.
Warning 1212: /home/user/ATLAS-MICRO-2026/syn/lib/asap7_simple.lib line 71981, timing group from output port.
Warning 1212: /home/user/ATLAS-MICRO-2026/syn/lib/asap7_simple.lib line 72457, timing group from output port.
Warning 1212: /home/user/ATLAS-MICRO-2026/syn/lib/asap7_simple.lib line 72933, timing group from output port.
Warning 1212: /home/user/ATLAS-MICRO-2026/syn/lib/asap7_simple.lib line 73409, timing group from output port.
Warning 1212: /home/user/ATLAS-MICRO-2026/syn/lib/asap7_simple.lib line 73885, timing group from output port.
Warning 1212: /home/user/ATLAS-MICRO-2026/syn/lib/asap7_simple.lib line 81795, timing group from output port.
Warning 1212: /home/user/ATLAS-MICRO-2026/syn/lib/asap7_simple.lib line 82271, timing group from output port.
Warning 1212: /home/user/ATLAS-MICRO-2026/syn/lib/asap7_simple.lib line 82747, timing group from output port.
==========================================================
  ATLAS static timing analysis
==========================================================
 time 1ns
 capacitance 1fF
 resistance 1kohm
 voltage 1v
 current 1mA
 power 1pW
 distance 1um

---------- clocks ----------
Clock                   Period          Waveform
----------------------------------------------------
clk                       1.00        0.00      0.50

---------- setup (max) : critical path ----------
Warning 503: atlas_moe_router_asap7.tcl line 1, report_checks -group_count is deprecated. Use -group_path_count instead.
Startpoint: _47448_ (rising edge-triggered flip-flop clocked by clk)
Endpoint: _47570_ (rising edge-triggered flip-flop clocked by clk)
Path Group: clk
Path Type: max

    Delay      Time   Description
-------------------------------------------------------------
   0.0000    0.0000   clock clk (rise edge)
   0.0000    0.0000   clock network delay (ideal)
   0.0000    0.0000 ^ _47448_/CLK (DFFHQNx1_ASAP7_75t_R)
   0.0768    0.0768 v _47448_/QN (DFFHQNx1_ASAP7_75t_R)
   0.0358    0.1126 v _30979_/Y (XNOR2x1_ASAP7_75t_R)
   0.0291    0.1417 v _31026_/Y (XNOR2xp5_ASAP7_75t_R)
   0.0370    0.1787 ^ _31027_/Y (XNOR2xp5_ASAP7_75t_R)
   0.0357    0.2144 ^ _31614_/Y (XOR2xp5_ASAP7_75t_R)
   0.0421    0.2566 v _31615_/Y (XNOR2x2_ASAP7_75t_R)
   0.0245    0.2810 v _31630_/Y (XNOR2xp5_ASAP7_75t_R)
   0.0207    0.3018 ^ _31631_/Y (XNOR2xp5_ASAP7_75t_R)
   0.0282    0.3300 ^ _31632_/Y (OR2x2_ASAP7_75t_R)
   0.0136    0.3435 v _31634_/Y (NAND2xp5_ASAP7_75t_R)
   0.0355    0.3791 v _31641_/Y (OR3x1_ASAP7_75t_R)
   0.0195    0.3986 ^ _31669_/Y (MAJIxp5_ASAP7_75t_R)
   0.0223    0.4209 ^ _31670_/Y (AND2x2_ASAP7_75t_R)
   0.0111    0.4320 v _31671_/Y (NOR2xp33_ASAP7_75t_R)
   0.0316    0.4636 ^ _31672_/Y (NOR5xp2_ASAP7_75t_R)
   0.0267    0.4903 v _31673_/Y (NOR2xp33_ASAP7_75t_R)
   0.0253    0.5156 ^ _31674_/Y (MAJIxp5_ASAP7_75t_R)
   0.0229    0.5385 v _31676_/Y (MAJIxp5_ASAP7_75t_R)
   0.0256    0.5641 ^ _31678_/Y (MAJIxp5_ASAP7_75t_R)
   0.0217    0.5858 v _31680_/Y (MAJIxp5_ASAP7_75t_R)
   0.0224    0.6082 ^ _31681_/Y (MAJIxp5_ASAP7_75t_R)
   0.0185    0.6268 v _31682_/Y (MAJIxp5_ASAP7_75t_R)
   0.0311    0.6579 v _31683_/Y (MAJx2_ASAP7_75t_R)
   0.0190    0.6769 ^ _31684_/Y (MAJIxp5_ASAP7_75t_R)
   0.0155    0.6924 v _31685_/Y (MAJIxp5_ASAP7_75t_R)
   0.0171    0.7095 ^ _31687_/Y (NOR3xp33_ASAP7_75t_R)
   0.0162    0.7257 v _31688_/Y (NOR2xp33_ASAP7_75t_R)
   0.0201    0.7457 ^ _31720_/Y (NOR4xp25_ASAP7_75t_R)
   0.0196    0.7653 v _31722_/Y (NOR2xp33_ASAP7_75t_R)
   0.0305    0.7958 ^ _31733_/Y (NOR4xp25_ASAP7_75t_R)
   0.0264    0.8222 v _31735_/Y (NOR2x1_ASAP7_75t_R)
   0.0307    0.8529 ^ _31736_/Y (MAJIxp5_ASAP7_75t_R)
   0.0276    0.8806 v _31737_/Y (MAJIxp5_ASAP7_75t_R)
   0.0335    0.9140 ^ _31738_/Y (MAJIxp5_ASAP7_75t_R)
   0.0277    0.9418 v _31739_/Y (MAJIxp5_ASAP7_75t_R)
   0.0328    0.9746 ^ _31740_/Y (MAJIxp5_ASAP7_75t_R)
   0.0277    1.0023 v _31741_/Y (MAJIxp5_ASAP7_75t_R)
   0.0328    1.0351 ^ _31742_/Y (MAJIxp5_ASAP7_75t_R)
   0.0277    1.0629 v _31743_/Y (MAJIxp5_ASAP7_75t_R)
   0.0328    1.0957 ^ _31744_/Y (MAJIxp5_ASAP7_75t_R)
   0.0277    1.1234 v _31745_/Y (MAJIxp5_ASAP7_75t_R)
   0.0334    1.1568 ^ _31746_/Y (MAJIxp5_ASAP7_75t_R)
   0.0283    1.1852 v _31747_/Y (MAJIxp5_ASAP7_75t_R)
   0.0336    1.2187 ^ _31748_/Y (MAJIxp5_ASAP7_75t_R)
   0.0283    1.2470 v _31749_/Y (MAJIxp5_ASAP7_75t_R)
   0.0408    1.2879 ^ _31750_/Y (MAJIxp5_ASAP7_75t_R)
   0.0374    1.3253 v _31751_/Y (MAJIxp5_ASAP7_75t_R)
   0.0438    1.3691 ^ _31752_/Y (MAJIxp5_ASAP7_75t_R)
   0.0374    1.4065 v _31753_/Y (MAJIxp5_ASAP7_75t_R)
   0.0415    1.4480 ^ _31754_/Y (MAJIxp5_ASAP7_75t_R)
   0.0301    1.4781 v _34779_/Y (MAJIxp5_ASAP7_75t_R)
   0.0309    1.5090 ^ _34811_/Y (MAJIxp5_ASAP7_75t_R)
   0.0268    1.5358 v _34840_/Y (MAJIxp5_ASAP7_75t_R)
   0.0298    1.5657 ^ _34872_/Y (MAJIxp5_ASAP7_75t_R)
   0.0264    1.5921 v _34902_/Y (MAJIxp5_ASAP7_75t_R)
   0.0294    1.6215 ^ _34929_/Y (MAJIxp5_ASAP7_75t_R)
   0.0267    1.6482 v _34955_/Y (MAJIxp5_ASAP7_75t_R)
   0.0296    1.6778 ^ _34976_/Y (MAJIxp5_ASAP7_75t_R)
   0.0264    1.7042 v _34997_/Y (MAJIxp5_ASAP7_75t_R)
   0.0297    1.7339 ^ _35021_/Y (MAJIxp5_ASAP7_75t_R)
   0.0262    1.7601 v _35041_/Y (MAJIxp5_ASAP7_75t_R)
   0.0327    1.7928 v _35055_/Y (OR2x2_ASAP7_75t_R)
   0.0141    1.8069 ^ _35060_/Y (NAND3x2_ASAP7_75t_R)
   0.0000    1.8069 ^ _47570_/D (DFFHQNx1_ASAP7_75t_R)
             1.8069   data arrival time

   1.0000    1.0000   clock clk (rise edge)
   0.0000    1.0000   clock network delay (ideal)
  -0.0500    0.9500   clock uncertainty
   0.0000    0.9500   clock reconvergence pessimism
             0.9500 ^ _47570_/CLK (DFFHQNx1_ASAP7_75t_R)
  -0.0107    0.9393   library setup time
             0.9393   data required time
-------------------------------------------------------------
             0.9393   data required time
            -1.8069   data arrival time
-------------------------------------------------------------
            -0.8676   slack (VIOLATED)


Startpoint: _47448_ (rising edge-triggered flip-flop clocked by clk)
Endpoint: _47569_ (rising edge-triggered flip-flop clocked by clk)
Path Group: clk
Path Type: max

    Delay      Time   Description
-------------------------------------------------------------
   0.0000    0.0000   clock clk (rise edge)
   0.0000    0.0000   clock network delay (ideal)
   0.0000    0.0000 ^ _47448_/CLK (DFFHQNx1_ASAP7_75t_R)
   0.0768    0.0768 v _47448_/QN (DFFHQNx1_ASAP7_75t_R)
   0.0358    0.1126 v _30979_/Y (XNOR2x1_ASAP7_75t_R)
   0.0291    0.1417 v _31026_/Y (XNOR2xp5_ASAP7_75t_R)
   0.0370    0.1787 ^ _31027_/Y (XNOR2xp5_ASAP7_75t_R)
   0.0357    0.2144 ^ _31614_/Y (XOR2xp5_ASAP7_75t_R)
   0.0421    0.2566 v _31615_/Y (XNOR2x2_ASAP7_75t_R)
   0.0245    0.2810 v _31630_/Y (XNOR2xp5_ASAP7_75t_R)
   0.0207    0.3018 ^ _31631_/Y (XNOR2xp5_ASAP7_75t_R)
   0.0282    0.3300 ^ _31632_/Y (OR2x2_ASAP7_75t_R)
   0.0136    0.3435 v _31634_/Y (NAND2xp5_ASAP7_75t_R)
   0.0355    0.3791 v _31641_/Y (OR3x1_ASAP7_75t_R)
   0.0195    0.3986 ^ _31669_/Y (MAJIxp5_ASAP7_75t_R)
   0.0223    0.4209 ^ _31670_/Y (AND2x2_ASAP7_75t_R)
   0.0111    0.4320 v _31671_/Y (NOR2xp33_ASAP7_75t_R)
   0.0316    0.4636 ^ _31672_/Y (NOR5xp2_ASAP7_75t_R)
   0.0267    0.4903 v _31673_/Y (NOR2xp33_ASAP7_75t_R)
   0.0253    0.5156 ^ _31674_/Y (MAJIxp5_ASAP7_75t_R)
   0.0229    0.5385 v _31676_/Y (MAJIxp5_ASAP7_75t_R)
   0.0256    0.5641 ^ _31678_/Y (MAJIxp5_ASAP7_75t_R)
   0.0217    0.5858 v _31680_/Y (MAJIxp5_ASAP7_75t_R)
   0.0224    0.6082 ^ _31681_/Y (MAJIxp5_ASAP7_75t_R)
   0.0185    0.6268 v _31682_/Y (MAJIxp5_ASAP7_75t_R)
   0.0311    0.6579 v _31683_/Y (MAJx2_ASAP7_75t_R)
   0.0190    0.6769 ^ _31684_/Y (MAJIxp5_ASAP7_75t_R)
   0.0155    0.6924 v _31685_/Y (MAJIxp5_ASAP7_75t_R)
   0.0171    0.7095 ^ _31687_/Y (NOR3xp33_ASAP7_75t_R)
   0.0162    0.7257 v _31688_/Y (NOR2xp33_ASAP7_75t_R)
   0.0201    0.7457 ^ _31720_/Y (NOR4xp25_ASAP7_75t_R)
   0.0196    0.7653 v _31722_/Y (NOR2xp33_ASAP7_75t_R)
   0.0305    0.7958 ^ _31733_/Y (NOR4xp25_ASAP7_75t_R)
   0.0264    0.8222 v _31735_/Y (NOR2x1_ASAP7_75t_R)
   0.0307    0.8529 ^ _31736_/Y (MAJIxp5_ASAP7_75t_R)
   0.0276    0.8806 v _31737_/Y (MAJIxp5_ASAP7_75t_R)
   0.0335    0.9140 ^ _31738_/Y (MAJIxp5_ASAP7_75t_R)
   0.0277    0.9418 v _31739_/Y (MAJIxp5_ASAP7_75t_R)
   0.0328    0.9746 ^ _31740_/Y (MAJIxp5_ASAP7_75t_R)
   0.0277    1.0023 v _31741_/Y (MAJIxp5_ASAP7_75t_R)
   0.0328    1.0351 ^ _31742_/Y (MAJIxp5_ASAP7_75t_R)
   0.0277    1.0629 v _31743_/Y (MAJIxp5_ASAP7_75t_R)
   0.0328    1.0957 ^ _31744_/Y (MAJIxp5_ASAP7_75t_R)
   0.0277    1.1234 v _31745_/Y (MAJIxp5_ASAP7_75t_R)
   0.0334    1.1568 ^ _31746_/Y (MAJIxp5_ASAP7_75t_R)
   0.0283    1.1852 v _31747_/Y (MAJIxp5_ASAP7_75t_R)
   0.0336    1.2187 ^ _31748_/Y (MAJIxp5_ASAP7_75t_R)
   0.0283    1.2470 v _31749_/Y (MAJIxp5_ASAP7_75t_R)
   0.0408    1.2879 ^ _31750_/Y (MAJIxp5_ASAP7_75t_R)
   0.0374    1.3253 v _31751_/Y (MAJIxp5_ASAP7_75t_R)
   0.0438    1.3691 ^ _31752_/Y (MAJIxp5_ASAP7_75t_R)
   0.0374    1.4065 v _31753_/Y (MAJIxp5_ASAP7_75t_R)
   0.0415    1.4480 ^ _31754_/Y (MAJIxp5_ASAP7_75t_R)
   0.0301    1.4781 v _34779_/Y (MAJIxp5_ASAP7_75t_R)
   0.0309    1.5090 ^ _34811_/Y (MAJIxp5_ASAP7_75t_R)
   0.0268    1.5358 v _34840_/Y (MAJIxp5_ASAP7_75t_R)
   0.0298    1.5657 ^ _34872_/Y (MAJIxp5_ASAP7_75t_R)
   0.0264    1.5921 v _34902_/Y (MAJIxp5_ASAP7_75t_R)
   0.0294    1.6215 ^ _34929_/Y (MAJIxp5_ASAP7_75t_R)
   0.0267    1.6482 v _34955_/Y (MAJIxp5_ASAP7_75t_R)
   0.0296    1.6778 ^ _34976_/Y (MAJIxp5_ASAP7_75t_R)
   0.0264    1.7042 v _34997_/Y (MAJIxp5_ASAP7_75t_R)
   0.0297    1.7339 ^ _35021_/Y (MAJIxp5_ASAP7_75t_R)
   0.0262    1.7601 v _35041_/Y (MAJIxp5_ASAP7_75t_R)
   0.0193    1.7795 ^ _35053_/Y (XOR2xp5_ASAP7_75t_R)
   0.0000    1.7795 ^ _47569_/D (DFFHQNx1_ASAP7_75t_R)
             1.7795   data arrival time

   1.0000    1.0000   clock clk (rise edge)
   0.0000    1.0000   clock network delay (ideal)
  -0.0500    0.9500   clock uncertainty
   0.0000    0.9500   clock reconvergence pessimism
             0.9500 ^ _47569_/CLK (DFFHQNx1_ASAP7_75t_R)
  -0.0104    0.9396   library setup time
             0.9396   data required time
-------------------------------------------------------------
             0.9396   data required time
            -1.7795   data arrival time
-------------------------------------------------------------
            -0.8399   slack (VIOLATED)


Startpoint: _47448_ (rising edge-triggered flip-flop clocked by clk)
Endpoint: _47568_ (rising edge-triggered flip-flop clocked by clk)
Path Group: clk
Path Type: max

    Delay      Time   Description
-------------------------------------------------------------
   0.0000    0.0000   clock clk (rise edge)
   0.0000    0.0000   clock network delay (ideal)
   0.0000    0.0000 ^ _47448_/CLK (DFFHQNx1_ASAP7_75t_R)
   0.0768    0.0768 v _47448_/QN (DFFHQNx1_ASAP7_75t_R)
   0.0358    0.1126 v _30979_/Y (XNOR2x1_ASAP7_75t_R)
   0.0291    0.1417 v _31026_/Y (XNOR2xp5_ASAP7_75t_R)
   0.0370    0.1787 ^ _31027_/Y (XNOR2xp5_ASAP7_75t_R)
   0.0357    0.2144 ^ _31614_/Y (XOR2xp5_ASAP7_75t_R)
   0.0421    0.2566 v _31615_/Y (XNOR2x2_ASAP7_75t_R)
   0.0245    0.2810 v _31630_/Y (XNOR2xp5_ASAP7_75t_R)
   0.0207    0.3018 ^ _31631_/Y (XNOR2xp5_ASAP7_75t_R)
   0.0282    0.3300 ^ _31632_/Y (OR2x2_ASAP7_75t_R)
   0.0136    0.3435 v _31634_/Y (NAND2xp5_ASAP7_75t_R)
   0.0355    0.3791 v _31641_/Y (OR3x1_ASAP7_75t_R)
   0.0195    0.3986 ^ _31669_/Y (MAJIxp5_ASAP7_75t_R)
   0.0223    0.4209 ^ _31670_/Y (AND2x2_ASAP7_75t_R)
   0.0111    0.4320 v _31671_/Y (NOR2xp33_ASAP7_75t_R)
   0.0316    0.4636 ^ _31672_/Y (NOR5xp2_ASAP7_75t_R)
   0.0267    0.4903 v _31673_/Y (NOR2xp33_ASAP7_75t_R)
   0.0253    0.5156 ^ _31674_/Y (MAJIxp5_ASAP7_75t_R)
   0.0229    0.5385 v _31676_/Y (MAJIxp5_ASAP7_75t_R)
   0.0256    0.5641 ^ _31678_/Y (MAJIxp5_ASAP7_75t_R)
   0.0217    0.5858 v _31680_/Y (MAJIxp5_ASAP7_75t_R)
   0.0224    0.6082 ^ _31681_/Y (MAJIxp5_ASAP7_75t_R)
   0.0185    0.6268 v _31682_/Y (MAJIxp5_ASAP7_75t_R)
   0.0311    0.6579 v _31683_/Y (MAJx2_ASAP7_75t_R)
   0.0190    0.6769 ^ _31684_/Y (MAJIxp5_ASAP7_75t_R)
   0.0155    0.6924 v _31685_/Y (MAJIxp5_ASAP7_75t_R)
   0.0171    0.7095 ^ _31687_/Y (NOR3xp33_ASAP7_75t_R)
   0.0162    0.7257 v _31688_/Y (NOR2xp33_ASAP7_75t_R)
   0.0201    0.7457 ^ _31720_/Y (NOR4xp25_ASAP7_75t_R)
   0.0196    0.7653 v _31722_/Y (NOR2xp33_ASAP7_75t_R)
   0.0305    0.7958 ^ _31733_/Y (NOR4xp25_ASAP7_75t_R)
   0.0264    0.8222 v _31735_/Y (NOR2x1_ASAP7_75t_R)
   0.0307    0.8529 ^ _31736_/Y (MAJIxp5_ASAP7_75t_R)
   0.0276    0.8806 v _31737_/Y (MAJIxp5_ASAP7_75t_R)
   0.0335    0.9140 ^ _31738_/Y (MAJIxp5_ASAP7_75t_R)
   0.0277    0.9418 v _31739_/Y (MAJIxp5_ASAP7_75t_R)
   0.0328    0.9746 ^ _31740_/Y (MAJIxp5_ASAP7_75t_R)
   0.0277    1.0023 v _31741_/Y (MAJIxp5_ASAP7_75t_R)
   0.0328    1.0351 ^ _31742_/Y (MAJIxp5_ASAP7_75t_R)
   0.0277    1.0629 v _31743_/Y (MAJIxp5_ASAP7_75t_R)
   0.0328    1.0957 ^ _31744_/Y (MAJIxp5_ASAP7_75t_R)
   0.0277    1.1234 v _31745_/Y (MAJIxp5_ASAP7_75t_R)
   0.0334    1.1568 ^ _31746_/Y (MAJIxp5_ASAP7_75t_R)
   0.0283    1.1852 v _31747_/Y (MAJIxp5_ASAP7_75t_R)
   0.0336    1.2187 ^ _31748_/Y (MAJIxp5_ASAP7_75t_R)
   0.0283    1.2470 v _31749_/Y (MAJIxp5_ASAP7_75t_R)
   0.0408    1.2879 ^ _31750_/Y (MAJIxp5_ASAP7_75t_R)
   0.0374    1.3253 v _31751_/Y (MAJIxp5_ASAP7_75t_R)
   0.0438    1.3691 ^ _31752_/Y (MAJIxp5_ASAP7_75t_R)
   0.0374    1.4065 v _31753_/Y (MAJIxp5_ASAP7_75t_R)
   0.0415    1.4480 ^ _31754_/Y (MAJIxp5_ASAP7_75t_R)
   0.0301    1.4781 v _34779_/Y (MAJIxp5_ASAP7_75t_R)
   0.0309    1.5090 ^ _34811_/Y (MAJIxp5_ASAP7_75t_R)
   0.0268    1.5358 v _34840_/Y (MAJIxp5_ASAP7_75t_R)
   0.0298    1.5657 ^ _34872_/Y (MAJIxp5_ASAP7_75t_R)
   0.0264    1.5921 v _34902_/Y (MAJIxp5_ASAP7_75t_R)
   0.0294    1.6215 ^ _34929_/Y (MAJIxp5_ASAP7_75t_R)
   0.0267    1.6482 v _34955_/Y (MAJIxp5_ASAP7_75t_R)
   0.0296    1.6778 ^ _34976_/Y (MAJIxp5_ASAP7_75t_R)
   0.0264    1.7042 v _34997_/Y (MAJIxp5_ASAP7_75t_R)
   0.0297    1.7339 ^ _35021_/Y (MAJIxp5_ASAP7_75t_R)
   0.0230    1.7569 ^ _35040_/Y (XNOR2xp5_ASAP7_75t_R)
   0.0000    1.7569 ^ _47568_/D (DFFHQNx1_ASAP7_75t_R)
             1.7569   data arrival time

   1.0000    1.0000   clock clk (rise edge)
   0.0000    1.0000   clock network delay (ideal)
  -0.0500    0.9500   clock uncertainty
   0.0000    0.9500   clock reconvergence pessimism
             0.9500 ^ _47568_/CLK (DFFHQNx1_ASAP7_75t_R)
  -0.0104    0.9396   library setup time
             0.9396   data required time
-------------------------------------------------------------
             0.9396   data required time
            -1.7569   data arrival time
-------------------------------------------------------------
            -0.8173   slack (VIOLATED)



---------- hold (min) : critical path ----------
Warning 503: atlas_moe_router_asap7.tcl line 1, report_checks -group_count is deprecated. Use -group_path_count instead.
Startpoint: _47585_ (rising edge-triggered flip-flop clocked by clk)
Endpoint: _47554_ (rising edge-triggered flip-flop clocked by clk)
Path Group: clk
Path Type: min

    Delay      Time   Description
-------------------------------------------------------------
   0.0000    0.0000   clock clk (rise edge)
   0.0000    0.0000   clock network delay (ideal)
   0.0000    0.0000 ^ _47585_/CLK (DFFHQNx1_ASAP7_75t_R)
   0.0501    0.0501 ^ _47585_/QN (DFFHQNx1_ASAP7_75t_R)
   0.0080    0.0581 v _45772_/Y (INVx1_ASAP7_75t_R)
   0.0000    0.0581 v _47554_/D (DFFHQNx1_ASAP7_75t_R)
             0.0581   data arrival time

   0.0000    0.0000   clock clk (rise edge)
   0.0000    0.0000   clock network delay (ideal)
   0.0500    0.0500   clock uncertainty
   0.0000    0.0500   clock reconvergence pessimism
             0.0500 ^ _47554_/CLK (DFFHQNx1_ASAP7_75t_R)
   0.0149    0.0649   library hold time
             0.0649   data required time
-------------------------------------------------------------
             0.0649   data required time
            -0.0581   data arrival time
-------------------------------------------------------------
            -0.0068   slack (VIOLATED)


Startpoint: _47586_ (rising edge-triggered flip-flop clocked by clk)
Endpoint: _47555_ (rising edge-triggered flip-flop clocked by clk)
Path Group: clk
Path Type: min

    Delay      Time   Description
-------------------------------------------------------------
   0.0000    0.0000   clock clk (rise edge)
   0.0000    0.0000   clock network delay (ideal)
   0.0000    0.0000 ^ _47586_/CLK (DFFHQNx1_ASAP7_75t_R)
   0.0501    0.0501 ^ _47586_/QN (DFFHQNx1_ASAP7_75t_R)
   0.0080    0.0581 v _45773_/Y (INVx1_ASAP7_75t_R)
   0.0000    0.0581 v _47555_/D (DFFHQNx1_ASAP7_75t_R)
             0.0581   data arrival time

   0.0000    0.0000   clock clk (rise edge)
   0.0000    0.0000   clock network delay (ideal)
   0.0500    0.0500   clock uncertainty
   0.0000    0.0500   clock reconvergence pessimism
             0.0500 ^ _47555_/CLK (DFFHQNx1_ASAP7_75t_R)
   0.0149    0.0649   library hold time
             0.0649   data required time
-------------------------------------------------------------
             0.0649   data required time
            -0.0581   data arrival time
-------------------------------------------------------------
            -0.0068   slack (VIOLATED)


Startpoint: _47587_ (rising edge-triggered flip-flop clocked by clk)
Endpoint: _47556_ (rising edge-triggered flip-flop clocked by clk)
Path Group: clk
Path Type: min

    Delay      Time   Description
-------------------------------------------------------------
   0.0000    0.0000   clock clk (rise edge)
   0.0000    0.0000   clock network delay (ideal)
   0.0000    0.0000 ^ _47587_/CLK (DFFHQNx1_ASAP7_75t_R)
   0.0501    0.0501 ^ _47587_/QN (DFFHQNx1_ASAP7_75t_R)
   0.0080    0.0581 v _45774_/Y (INVx1_ASAP7_75t_R)
   0.0000    0.0581 v _47556_/D (DFFHQNx1_ASAP7_75t_R)
             0.0581   data arrival time

   0.0000    0.0000   clock clk (rise edge)
   0.0000    0.0000   clock network delay (ideal)
   0.0500    0.0500   clock uncertainty
   0.0000    0.0500   clock reconvergence pessimism
             0.0500 ^ _47556_/CLK (DFFHQNx1_ASAP7_75t_R)
   0.0149    0.0649   library hold time
             0.0649   data required time
-------------------------------------------------------------
             0.0649   data required time
            -0.0581   data arrival time
-------------------------------------------------------------
            -0.0068   slack (VIOLATED)



---------- slack summary ----------
setup WNS : -0.8676 ns
hold  WNS : -0.0068 ns
tns max -248.52
wns max -0.87

---------- design rule checks ----------
max slew

Pin                                    Limit    Slew   Slack
------------------------------------------------------------
rst_n                                   0.32    2.98   -2.66 (VIOLATED)
_35061_/A                               0.32    2.98   -2.66 (VIOLATED)
_35523_/A                               0.32    2.98   -2.66 (VIOLATED)
_41137_/A                               0.32    2.98   -2.66 (VIOLATED)
_41475_/A                               0.32    2.98   -2.66 (VIOLATED)
_46204_/SETN                            0.32    2.98   -2.66 (VIOLATED)
_46205_/SETN                            0.32    2.98   -2.66 (VIOLATED)
_46206_/SETN                            0.32    2.98   -2.66 (VIOLATED)
_46207_/SETN                            0.32    2.98   -2.66 (VIOLATED)
_46208_/SETN                            0.32    2.98   -2.66 (VIOLATED)
_46209_/SETN                            0.32    2.98   -2.66 (VIOLATED)
_46210_/SETN                            0.32    2.98   -2.66 (VIOLATED)
_46211_/SETN                            0.32    2.98   -2.66 (VIOLATED)
_46212_/SETN                            0.32    2.98   -2.66 (VIOLATED)
_46213_/SETN                            0.32    2.98   -2.66 (VIOLATED)
_46214_/SETN                            0.32    2.98   -2.66 (VIOLATED)
_46215_/SETN                            0.32    2.98   -2.66 (VIOLATED)
_46216_/SETN                            0.32    2.98   -2.66 (VIOLATED)
_46217_/SETN                            0.32    2.98   -2.66 (VIOLATED)
_46218_/SETN                            0.32    2.98   -2.66 (VIOLATED)
_46219_/SETN                            0.32    2.98   -2.66 (VIOLATED)
_46220_/SETN                            0.32    2.98   -2.66 (VIOLATED)
_46221_/SETN                            0.32    2.98   -2.66 (VIOLATED)
_46222_/SETN                            0.32    2.98   -2.66 (VIOLATED)
_46223_/SETN                            0.32    2.98   -2.66 (VIOLATED)
_46224_/SETN                            0.32    2.98   -2.66 (VIOLATED)
_46225_/SETN                            0.32    2.98   -2.66 (VIOLATED)
_46226_/SETN                            0.32    2.98   -2.66 (VIOLATED)
_46227_/SETN                            0.32    2.98   -2.66 (VIOLATED)
_46228_/SETN                            0.32    2.98   -2.66 (VIOLATED)
_46229_/SETN                            0.32    2.98   -2.66 (VIOLATED)
_46230_/SETN                            0.32    2.98   -2.66 (VIOLATED)
_46231_/SETN                            0.32    2.98   -2.66 (VIOLATED)
_46232_/SETN                            0.32    2.98   -2.66 (VIOLATED)
_46233_/SETN                            0.32    2.98   -2.66 (VIOLATED)
_46234_/SETN                            0.32    2.98   -2.66 (VIOLATED)
_46235_/SETN                            0.32    2.98   -2.66 (VIOLATED)
_46236_/SETN                            0.32    2.98   -2.66 (VIOLATED)
_46237_/SETN                            0.32    2.98   -2.66 (VIOLATED)
_46238_/SETN                            0.32    2.98   -2.66 (VIOLATED)
_46239_/SETN                            0.32    2.98   -2.66 (VIOLATED)
_46240_/SETN                            0.32    2.98   -2.66 (VIOLATED)
_46241_/SETN                            0.32    2.98   -2.66 (VIOLATED)
_46242_/SETN                            0.32    2.98   -2.66 (VIOLATED)
_46243_/SETN                            0.32    2.98   -2.66 (VIOLATED)
_46244_/SETN                            0.32    2.98   -2.66 (VIOLATED)
_46245_/SETN                            0.32    2.98   -2.66 (VIOLATED)
_46246_/SETN                            0.32    2.98   -2.66 (VIOLATED)
_46247_/SETN                            0.32    2.98   -2.66 (VIOLATED)
_46248_/SETN                            0.32    2.98   -2.66 (VIOLATED)
_46249_/SETN                            0.32    2.98   -2.66 (VIOLATED)
_46250_/SETN                            0.32    2.98   -2.66 (VIOLATED)
_46251_/SETN                            0.32    2.98   -2.66 (VIOLATED)
_46252_/SETN                            0.32    2.98   -2.66 (VIOLATED)
_46253_/SETN                            0.32    2.98   -2.66 (VIOLATED)
_46254_/SETN                            0.32    2.98   -2.66 (VIOLATED)
_46255_/SETN                            0.32    2.98   -2.66 (VIOLATED)
_46256_/SETN                            0.32    2.98   -2.66 (VIOLATED)
_46257_/SETN                            0.32    2.98   -2.66 (VIOLATED)
_46258_/SETN                            0.32    2.98   -2.66 (VIOLATED)
_46259_/SETN                            0.32    2.98   -2.66 (VIOLATED)
_46260_/SETN                            0.32    2.98   -2.66 (VIOLATED)
_46261_/SETN                            0.32    2.98   -2.66 (VIOLATED)
_46262_/SETN                            0.32    2.98   -2.66 (VIOLATED)
_46263_/SETN                            0.32    2.98   -2.66 (VIOLATED)
_46264_/SETN                            0.32    2.98   -2.66 (VIOLATED)
_46265_/SETN                            0.32    2.98   -2.66 (VIOLATED)
_46266_/SETN                            0.32    2.98   -2.66 (VIOLATED)
_46267_/SETN                            0.32    2.98   -2.66 (VIOLATED)
_46268_/SETN                            0.32    2.98   -2.66 (VIOLATED)
_46269_/SETN                            0.32    2.98   -2.66 (VIOLATED)
_46270_/SETN                            0.32    2.98   -2.66 (VIOLATED)
_46271_/SETN                            0.32    2.98   -2.66 (VIOLATED)
_46272_/SETN                            0.32    2.98   -2.66 (VIOLATED)
_46273_/SETN                            0.32    2.98   -2.66 (VIOLATED)
_46274_/SETN                            0.32    2.98   -2.66 (VIOLATED)
_46275_/SETN                            0.32    2.98   -2.66 (VIOLATED)
_46276_/SETN                            0.32    2.98   -2.66 (VIOLATED)
_46277_/SETN                            0.32    2.98   -2.66 (VIOLATED)
_46278_/SETN                            0.32    2.98   -2.66 (VIOLATED)
_46279_/SETN                            0.32    2.98   -2.66 (VIOLATED)
_46280_/SETN                            0.32    2.98   -2.66 (VIOLATED)
_46281_/SETN                            0.32    2.98   -2.66 (VIOLATED)
_46282_/SETN                            0.32    2.98   -2.66 (VIOLATED)
_46283_/SETN                            0.32    2.98   -2.66 (VIOLATED)
_46284_/SETN                            0.32    2.98   -2.66 (VIOLATED)
_46285_/SETN                            0.32    2.98   -2.66 (VIOLATED)
_46286_/SETN                            0.32    2.98   -2.66 (VIOLATED)
_46287_/SETN                            0.32    2.98   -2.66 (VIOLATED)
_46288_/SETN                            0.32    2.98   -2.66 (VIOLATED)
_46289_/SETN                            0.32    2.98   -2.66 (VIOLATED)
_46290_/SETN                            0.32    2.98   -2.66 (VIOLATED)
_46291_/SETN                            0.32    2.98   -2.66 (VIOLATED)
_46292_/SETN                            0.32    2.98   -2.66 (VIOLATED)
_46293_/SETN                            0.32    2.98   -2.66 (VIOLATED)
_46294_/SETN                            0.32    2.98   -2.66 (VIOLATED)
_46295_/SETN                            0.32    2.98   -2.66 (VIOLATED)
_46296_/SETN                            0.32    2.98   -2.66 (VIOLATED)
_46297_/SETN                            0.32    2.98   -2.66 (VIOLATED)
_46298_/SETN                            0.32    2.98   -2.66 (VIOLATED)
_46299_/SETN                            0.32    2.98   -2.66 (VIOLATED)
_46300_/SETN                            0.32    2.98   -2.66 (VIOLATED)
_46301_/SETN                            0.32    2.98   -2.66 (VIOLATED)
_46302_/SETN                            0.32    2.98   -2.66 (VIOLATED)
_46303_/SETN                            0.32    2.98   -2.66 (VIOLATED)
_46304_/SETN                            0.32    2.98   -2.66 (VIOLATED)
_46305_/SETN                            0.32    2.98   -2.66 (VIOLATED)
_46306_/SETN                            0.32    2.98   -2.66 (VIOLATED)
_46307_/SETN                            0.32    2.98   -2.66 (VIOLATED)
_46308_/SETN                            0.32    2.98   -2.66 (VIOLATED)
_46309_/SETN                            0.32    2.98   -2.66 (VIOLATED)
_46310_/SETN                            0.32    2.98   -2.66 (VIOLATED)
_46311_/SETN                            0.32    2.98   -2.66 (VIOLATED)
_46312_/SETN                            0.32    2.98   -2.66 (VIOLATED)
_46313_/SETN                            0.32    2.98   -2.66 (VIOLATED)
_46314_/SETN                            0.32    2.98   -2.66 (VIOLATED)
_46315_/SETN                            0.32    2.98   -2.66 (VIOLATED)
_46316_/SETN                            0.32    2.98   -2.66 (VIOLATED)
_46317_/SETN                            0.32    2.98   -2.66 (VIOLATED)
_46318_/SETN                            0.32    2.98   -2.66 (VIOLATED)
_46319_/SETN                            0.32    2.98   -2.66 (VIOLATED)
_46320_/SETN                            0.32    2.98   -2.66 (VIOLATED)
_46321_/SETN                            0.32    2.98   -2.66 (VIOLATED)
_46322_/SETN                            0.32    2.98   -2.66 (VIOLATED)
_46323_/SETN                            0.32    2.98   -2.66 (VIOLATED)
_46324_/SETN                            0.32    2.98   -2.66 (VIOLATED)
_46325_/SETN                            0.32    2.98   -2.66 (VIOLATED)
_46326_/SETN                            0.32    2.98   -2.66 (VIOLATED)
_46327_/SETN                            0.32    2.98   -2.66 (VIOLATED)
_46328_/SETN                            0.32    2.98   -2.66 (VIOLATED)
_46329_/SETN                            0.32    2.98   -2.66 (VIOLATED)
_46330_/SETN                            0.32    2.98   -2.66 (VIOLATED)
_46331_/SETN                            0.32    2.98   -2.66 (VIOLATED)
_46332_/SETN                            0.32    2.98   -2.66 (VIOLATED)
_46333_/SETN                            0.32    2.98   -2.66 (VIOLATED)
_46334_/SETN                            0.32    2.98   -2.66 (VIOLATED)
_46335_/SETN                            0.32    2.98   -2.66 (VIOLATED)
_46336_/SETN                            0.32    2.98   -2.66 (VIOLATED)
_46337_/SETN                            0.32    2.98   -2.66 (VIOLATED)
_46338_/SETN                            0.32    2.98   -2.66 (VIOLATED)
_46339_/SETN                            0.32    2.98   -2.66 (VIOLATED)
_46340_/SETN                            0.32    2.98   -2.66 (VIOLATED)
_46341_/SETN                            0.32    2.98   -2.66 (VIOLATED)
_46342_/SETN                            0.32    2.98   -2.66 (VIOLATED)
_46343_/SETN                            0.32    2.98   -2.66 (VIOLATED)
_46344_/SETN                            0.32    2.98   -2.66 (VIOLATED)
_46345_/SETN                            0.32    2.98   -2.66 (VIOLATED)
_46346_/SETN                            0.32    2.98   -2.66 (VIOLATED)
_46347_/SETN                            0.32    2.98   -2.66 (VIOLATED)
_46348_/SETN                            0.32    2.98   -2.66 (VIOLATED)
_46349_/SETN                            0.32    2.98   -2.66 (VIOLATED)
_46350_/SETN                            0.32    2.98   -2.66 (VIOLATED)
_46351_/SETN                            0.32    2.98   -2.66 (VIOLATED)
_46352_/SETN                            0.32    2.98   -2.66 (VIOLATED)
_46353_/SETN                            0.32    2.98   -2.66 (VIOLATED)
_46354_/SETN                            0.32    2.98   -2.66 (VIOLATED)
_46355_/SETN                            0.32    2.98   -2.66 (VIOLATED)
_46356_/SETN                            0.32    2.98   -2.66 (VIOLATED)
_46357_/SETN                            0.32    2.98   -2.66 (VIOLATED)
_46358_/SETN                            0.32    2.98   -2.66 (VIOLATED)
_46359_/SETN                            0.32    2.98   -2.66 (VIOLATED)
_46360_/SETN                            0.32    2.98   -2.66 (VIOLATED)
_46361_/SETN                            0.32    2.98   -2.66 (VIOLATED)
_46362_/SETN                            0.32    2.98   -2.66 (VIOLATED)
_46363_/SETN                            0.32    2.98   -2.66 (VIOLATED)
_46364_/SETN                            0.32    2.98   -2.66 (VIOLATED)
_46365_/SETN                            0.32    2.98   -2.66 (VIOLATED)
_46366_/SETN                            0.32    2.98   -2.66 (VIOLATED)
_46367_/SETN                            0.32    2.98   -2.66 (VIOLATED)
_46368_/SETN                            0.32    2.98   -2.66 (VIOLATED)
_46369_/SETN                            0.32    2.98   -2.66 (VIOLATED)
_46370_/SETN                            0.32    2.98   -2.66 (VIOLATED)
_46371_/SETN                            0.32    2.98   -2.66 (VIOLATED)
_46372_/SETN                            0.32    2.98   -2.66 (VIOLATED)
_46373_/SETN                            0.32    2.98   -2.66 (VIOLATED)
_46374_/SETN                            0.32    2.98   -2.66 (VIOLATED)
_46375_/SETN                            0.32    2.98   -2.66 (VIOLATED)
_46376_/SETN                            0.32    2.98   -2.66 (VIOLATED)
_46377_/SETN                            0.32    2.98   -2.66 (VIOLATED)
_46378_/SETN                            0.32    2.98   -2.66 (VIOLATED)
_46379_/SETN                            0.32    2.98   -2.66 (VIOLATED)
_46380_/SETN                            0.32    2.98   -2.66 (VIOLATED)
_46381_/SETN                            0.32    2.98   -2.66 (VIOLATED)
_46382_/SETN                            0.32    2.98   -2.66 (VIOLATED)
_46383_/SETN                            0.32    2.98   -2.66 (VIOLATED)
_46384_/SETN                            0.32    2.98   -2.66 (VIOLATED)
_46385_/SETN                            0.32    2.98   -2.66 (VIOLATED)
_46386_/SETN                            0.32    2.98   -2.66 (VIOLATED)
_46387_/SETN                            0.32    2.98   -2.66 (VIOLATED)
_46388_/SETN                            0.32    2.98   -2.66 (VIOLATED)
_46389_/SETN                            0.32    2.98   -2.66 (VIOLATED)
_46390_/SETN                            0.32    2.98   -2.66 (VIOLATED)
_46391_/SETN                            0.32    2.98   -2.66 (VIOLATED)
_46392_/SETN                            0.32    2.98   -2.66 (VIOLATED)
_46393_/SETN                            0.32    2.98   -2.66 (VIOLATED)
_46394_/SETN                            0.32    2.98   -2.66 (VIOLATED)
_46395_/SETN                            0.32    2.98   -2.66 (VIOLATED)
_46396_/SETN                            0.32    2.98   -2.66 (VIOLATED)
_46397_/SETN                            0.32    2.98   -2.66 (VIOLATED)
_46398_/SETN                            0.32    2.98   -2.66 (VIOLATED)
_46399_/SETN                            0.32    2.98   -2.66 (VIOLATED)
_46400_/SETN                            0.32    2.98   -2.66 (VIOLATED)
_46401_/SETN                            0.32    2.98   -2.66 (VIOLATED)
_46402_/SETN                            0.32    2.98   -2.66 (VIOLATED)
_46403_/SETN                            0.32    2.98   -2.66 (VIOLATED)
_46404_/SETN                            0.32    2.98   -2.66 (VIOLATED)
_46405_/SETN                            0.32    2.98   -2.66 (VIOLATED)
_46406_/SETN                            0.32    2.98   -2.66 (VIOLATED)
_46407_/SETN                            0.32    2.98   -2.66 (VIOLATED)
_46408_/SETN                            0.32    2.98   -2.66 (VIOLATED)
_46409_/SETN                            0.32    2.98   -2.66 (VIOLATED)
_46410_/SETN                            0.32    2.98   -2.66 (VIOLATED)
_46411_/SETN                            0.32    2.98   -2.66 (VIOLATED)
_46412_/SETN                            0.32    2.98   -2.66 (VIOLATED)
_46413_/SETN                            0.32    2.98   -2.66 (VIOLATED)
_46414_/SETN                            0.32    2.98   -2.66 (VIOLATED)
_46415_/SETN                            0.32    2.98   -2.66 (VIOLATED)
_46416_/SETN                            0.32    2.98   -2.66 (VIOLATED)
_46417_/SETN                            0.32    2.98   -2.66 (VIOLATED)
_46418_/SETN                            0.32    2.98   -2.66 (VIOLATED)
_46419_/SETN                            0.32    2.98   -2.66 (VIOLATED)
_46420_/SETN                            0.32    2.98   -2.66 (VIOLATED)
_46421_/SETN                            0.32    2.98   -2.66 (VIOLATED)
_46422_/SETN                            0.32    2.98   -2.66 (VIOLATED)
_46423_/SETN                            0.32    2.98   -2.66 (VIOLATED)
_46424_/SETN                            0.32    2.98   -2.66 (VIOLATED)
_46425_/SETN                            0.32    2.98   -2.66 (VIOLATED)
_46426_/SETN                            0.32    2.98   -2.66 (VIOLATED)
_46427_/SETN                            0.32    2.98   -2.66 (VIOLATED)
_46428_/SETN                            0.32    2.98   -2.66 (VIOLATED)
_46429_/SETN                            0.32    2.98   -2.66 (VIOLATED)
_46430_/SETN                            0.32    2.98   -2.66 (VIOLATED)
_46431_/SETN                            0.32    2.98   -2.66 (VIOLATED)
_46432_/SETN                            0.32    2.98   -2.66 (VIOLATED)
_46433_/SETN                            0.32    2.98   -2.66 (VIOLATED)
_46434_/SETN                            0.32    2.98   -2.66 (VIOLATED)
_46435_/SETN                            0.32    2.98   -2.66 (VIOLATED)
_46436_/SETN                            0.32    2.98   -2.66 (VIOLATED)
_46437_/SETN                            0.32    2.98   -2.66 (VIOLATED)
_46438_/SETN                            0.32    2.98   -2.66 (VIOLATED)
_46439_/SETN                            0.32    2.98   -2.66 (VIOLATED)
_46440_/SETN                            0.32    2.98   -2.66 (VIOLATED)
_46441_/SETN                            0.32    2.98   -2.66 (VIOLATED)
_46442_/SETN                            0.32    2.98   -2.66 (VIOLATED)
_46443_/SETN                            0.32    2.98   -2.66 (VIOLATED)
_46444_/SETN                            0.32    2.98   -2.66 (VIOLATED)
_46445_/SETN                            0.32    2.98   -2.66 (VIOLATED)
_46446_/SETN                            0.32    2.98   -2.66 (VIOLATED)
_46447_/SETN                            0.32    2.98   -2.66 (VIOLATED)
_46448_/SETN                            0.32    2.98   -2.66 (VIOLATED)
_46449_/SETN                            0.32    2.98   -2.66 (VIOLATED)
_46450_/SETN                            0.32    2.98   -2.66 (VIOLATED)
_46451_/SETN                            0.32    2.98   -2.66 (VIOLATED)
_46452_/SETN                            0.32    2.98   -2.66 (VIOLATED)
_46453_/SETN                            0.32    2.98   -2.66 (VIOLATED)
_46454_/SETN                            0.32    2.98   -2.66 (VIOLATED)
_46455_/SETN                            0.32    2.98   -2.66 (VIOLATED)
_46456_/SETN                            0.32    2.98   -2.66 (VIOLATED)
_46457_/SETN                            0.32    2.98   -2.66 (VIOLATED)
_46458_/SETN                            0.32    2.98   -2.66 (VIOLATED)
_46459_/SETN                            0.32    2.98   -2.66 (VIOLATED)
_46460_/SETN                            0.32    2.98   -2.66 (VIOLATED)
_46461_/SETN                            0.32    2.98   -2.66 (VIOLATED)
_46462_/SETN                            0.32    2.98   -2.66 (VIOLATED)
_46463_/SETN                            0.32    2.98   -2.66 (VIOLATED)
_46464_/SETN                            0.32    2.98   -2.66 (VIOLATED)
_46465_/SETN                            0.32    2.98   -2.66 (VIOLATED)
_46466_/SETN                            0.32    2.98   -2.66 (VIOLATED)
_46467_/SETN                            0.32    2.98   -2.66 (VIOLATED)
_46468_/SETN                            0.32    2.98   -2.66 (VIOLATED)
_46469_/SETN                            0.32    2.98   -2.66 (VIOLATED)
_46470_/SETN                            0.32    2.98   -2.66 (VIOLATED)
_46471_/SETN                            0.32    2.98   -2.66 (VIOLATED)
_46472_/SETN                            0.32    2.98   -2.66 (VIOLATED)
_46473_/SETN                            0.32    2.98   -2.66 (VIOLATED)
_46474_/SETN                            0.32    2.98   -2.66 (VIOLATED)
_46475_/SETN                            0.32    2.98   -2.66 (VIOLATED)
_46476_/SETN                            0.32    2.98   -2.66 (VIOLATED)
_46477_/SETN                            0.32    2.98   -2.66 (VIOLATED)
_46478_/SETN                            0.32    2.98   -2.66 (VIOLATED)
_46479_/SETN                            0.32    2.98   -2.66 (VIOLATED)
_46480_/SETN                            0.32    2.98   -2.66 (VIOLATED)
_46481_/SETN                            0.32    2.98   -2.66 (VIOLATED)
_46482_/SETN                            0.32    2.98   -2.66 (VIOLATED)
_46483_/SETN                            0.32    2.98   -2.66 (VIOLATED)
_46484_/SETN                            0.32    2.98   -2.66 (VIOLATED)
_46485_/SETN                            0.32    2.98   -2.66 (VIOLATED)
_46486_/SETN                            0.32    2.98   -2.66 (VIOLATED)
_46487_/SETN                            0.32    2.98   -2.66 (VIOLATED)
_46488_/SETN                            0.32    2.98   -2.66 (VIOLATED)
_46489_/SETN                            0.32    2.98   -2.66 (VIOLATED)
_46490_/SETN                            0.32    2.98   -2.66 (VIOLATED)
_46491_/SETN                            0.32    2.98   -2.66 (VIOLATED)
_46492_/SETN                            0.32    2.98   -2.66 (VIOLATED)
_46493_/SETN                            0.32    2.98   -2.66 (VIOLATED)
_46494_/SETN                            0.32    2.98   -2.66 (VIOLATED)
_46495_/SETN                            0.32    2.98   -2.66 (VIOLATED)
_46496_/SETN                            0.32    2.98   -2.66 (VIOLATED)
_46497_/SETN                            0.32    2.98   -2.66 (VIOLATED)
_46498_/SETN                            0.32    2.98   -2.66 (VIOLATED)
_46499_/SETN                            0.32    2.98   -2.66 (VIOLATED)
_46500_/SETN                            0.32    2.98   -2.66 (VIOLATED)
_46501_/SETN                            0.32    2.98   -2.66 (VIOLATED)
_46502_/SETN                            0.32    2.98   -2.66 (VIOLATED)
_46503_/SETN                            0.32    2.98   -2.66 (VIOLATED)
_46504_/SETN                            0.32    2.98   -2.66 (VIOLATED)
_46505_/SETN                            0.32    2.98   -2.66 (VIOLATED)
_46506_/SETN                            0.32    2.98   -2.66 (VIOLATED)
_46507_/SETN                            0.32    2.98   -2.66 (VIOLATED)
_46508_/SETN                            0.32    2.98   -2.66 (VIOLATED)
_46509_/SETN                            0.32    2.98   -2.66 (VIOLATED)
_46510_/SETN                            0.32    2.98   -2.66 (VIOLATED)
_46511_/SETN                            0.32    2.98   -2.66 (VIOLATED)
_46512_/SETN                            0.32    2.98   -2.66 (VIOLATED)
_46513_/SETN                            0.32    2.98   -2.66 (VIOLATED)
_46514_/SETN                            0.32    2.98   -2.66 (VIOLATED)
_46515_/SETN                            0.32    2.98   -2.66 (VIOLATED)
_46516_/SETN                            0.32    2.98   -2.66 (VIOLATED)
_46517_/SETN                            0.32    2.98   -2.66 (VIOLATED)
_46518_/SETN                            0.32    2.98   -2.66 (VIOLATED)
_46519_/SETN                            0.32    2.98   -2.66 (VIOLATED)
_46520_/SETN                            0.32    2.98   -2.66 (VIOLATED)
_46521_/SETN                            0.32    2.98   -2.66 (VIOLATED)
_46522_/SETN                            0.32    2.98   -2.66 (VIOLATED)
_46523_/SETN                            0.32    2.98   -2.66 (VIOLATED)
_46524_/SETN                            0.32    2.98   -2.66 (VIOLATED)
_46525_/SETN                            0.32    2.98   -2.66 (VIOLATED)
_46526_/SETN                            0.32    2.98   -2.66 (VIOLATED)
_46527_/SETN                            0.32    2.98   -2.66 (VIOLATED)
_46528_/SETN                            0.32    2.98   -2.66 (VIOLATED)
_46529_/SETN                            0.32    2.98   -2.66 (VIOLATED)
_46530_/SETN                            0.32    2.98   -2.66 (VIOLATED)
_46531_/SETN                            0.32    2.98   -2.66 (VIOLATED)
_46532_/SETN                            0.32    2.98   -2.66 (VIOLATED)
_46533_/SETN                            0.32    2.98   -2.66 (VIOLATED)
_46534_/SETN                            0.32    2.98   -2.66 (VIOLATED)
_46535_/SETN                            0.32    2.98   -2.66 (VIOLATED)
_46536_/SETN                            0.32    2.98   -2.66 (VIOLATED)
_46537_/SETN                            0.32    2.98   -2.66 (VIOLATED)
_46538_/SETN                            0.32    2.98   -2.66 (VIOLATED)
_46539_/SETN                            0.32    2.98   -2.66 (VIOLATED)
_46540_/SETN                            0.32    2.98   -2.66 (VIOLATED)
_46541_/SETN                            0.32    2.98   -2.66 (VIOLATED)
_46542_/SETN                            0.32    2.98   -2.66 (VIOLATED)
_46543_/SETN                            0.32    2.98   -2.66 (VIOLATED)
_46544_/SETN                            0.32    2.98   -2.66 (VIOLATED)
_46545_/SETN                            0.32    2.98   -2.66 (VIOLATED)
_46546_/SETN                            0.32    2.98   -2.66 (VIOLATED)
_46547_/SETN                            0.32    2.98   -2.66 (VIOLATED)
_46548_/SETN                            0.32    2.98   -2.66 (VIOLATED)
_46549_/SETN                            0.32    2.98   -2.66 (VIOLATED)
_46550_/SETN                            0.32    2.98   -2.66 (VIOLATED)
_46551_/SETN                            0.32    2.98   -2.66 (VIOLATED)
_46552_/SETN                            0.32    2.98   -2.66 (VIOLATED)
_46553_/SETN                            0.32    2.98   -2.66 (VIOLATED)
_46554_/SETN                            0.32    2.98   -2.66 (VIOLATED)
_46555_/SETN                            0.32    2.98   -2.66 (VIOLATED)
_46556_/SETN                            0.32    2.98   -2.66 (VIOLATED)
_46557_/SETN                            0.32    2.98   -2.66 (VIOLATED)
_46558_/SETN                            0.32    2.98   -2.66 (VIOLATED)
_46559_/SETN                            0.32    2.98   -2.66 (VIOLATED)
_46560_/SETN                            0.32    2.98   -2.66 (VIOLATED)
_46561_/SETN                            0.32    2.98   -2.66 (VIOLATED)
_46562_/SETN                            0.32    2.98   -2.66 (VIOLATED)
_46563_/SETN                            0.32    2.98   -2.66 (VIOLATED)
_46564_/SETN                            0.32    2.98   -2.66 (VIOLATED)
_46565_/SETN                            0.32    2.98   -2.66 (VIOLATED)
_46566_/SETN                            0.32    2.98   -2.66 (VIOLATED)
_46567_/SETN                            0.32    2.98   -2.66 (VIOLATED)
_46568_/SETN                            0.32    2.98   -2.66 (VIOLATED)
_46569_/SETN                            0.32    2.98   -2.66 (VIOLATED)
_46570_/SETN                            0.32    2.98   -2.66 (VIOLATED)
_46571_/SETN                            0.32    2.98   -2.66 (VIOLATED)
_46572_/SETN                            0.32    2.98   -2.66 (VIOLATED)
_46573_/SETN                            0.32    2.98   -2.66 (VIOLATED)
_46574_/SETN                            0.32    2.98   -2.66 (VIOLATED)
_46575_/SETN                            0.32    2.98   -2.66 (VIOLATED)
_46576_/SETN                            0.32    2.98   -2.66 (VIOLATED)
_46577_/SETN                            0.32    2.98   -2.66 (VIOLATED)
_46578_/SETN                            0.32    2.98   -2.66 (VIOLATED)
_46579_/SETN                            0.32    2.98   -2.66 (VIOLATED)
_46580_/SETN                            0.32    2.98   -2.66 (VIOLATED)
_46581_/SETN                            0.32    2.98   -2.66 (VIOLATED)
_46582_/SETN                            0.32    2.98   -2.66 (VIOLATED)
_46583_/SETN                            0.32    2.98   -2.66 (VIOLATED)
_46584_/SETN                            0.32    2.98   -2.66 (VIOLATED)
_46585_/SETN                            0.32    2.98   -2.66 (VIOLATED)
_46586_/SETN                            0.32    2.98   -2.66 (VIOLATED)
_46587_/SETN                            0.32    2.98   -2.66 (VIOLATED)
_46588_/SETN                            0.32    2.98   -2.66 (VIOLATED)
_46589_/SETN                            0.32    2.98   -2.66 (VIOLATED)
_46590_/SETN                            0.32    2.98   -2.66 (VIOLATED)
_46591_/SETN                            0.32    2.98   -2.66 (VIOLATED)
_46592_/SETN                            0.32    2.98   -2.66 (VIOLATED)
_46593_/SETN                            0.32    2.98   -2.66 (VIOLATED)
_46594_/SETN                            0.32    2.98   -2.66 (VIOLATED)
_46595_/SETN                            0.32    2.98   -2.66 (VIOLATED)
_46596_/SETN                            0.32    2.98   -2.66 (VIOLATED)
_46597_/SETN                            0.32    2.98   -2.66 (VIOLATED)
_46598_/SETN                            0.32    2.98   -2.66 (VIOLATED)
_46599_/SETN                            0.32    2.98   -2.66 (VIOLATED)
_46600_/SETN                            0.32    2.98   -2.66 (VIOLATED)
_46601_/SETN                            0.32    2.98   -2.66 (VIOLATED)
_46602_/SETN                            0.32    2.98   -2.66 (VIOLATED)
_46603_/SETN                            0.32    2.98   -2.66 (VIOLATED)
_46604_/SETN                            0.32    2.98   -2.66 (VIOLATED)
_46605_/SETN                            0.32    2.98   -2.66 (VIOLATED)
_46606_/SETN                            0.32    2.98   -2.66 (VIOLATED)
_46607_/SETN                            0.32    2.98   -2.66 (VIOLATED)
_46608_/SETN                            0.32    2.98   -2.66 (VIOLATED)
_46609_/SETN                            0.32    2.98   -2.66 (VIOLATED)
_46610_/SETN                            0.32    2.98   -2.66 (VIOLATED)
_46611_/SETN                            0.32    2.98   -2.66 (VIOLATED)
_46612_/SETN                            0.32    2.98   -2.66 (VIOLATED)
_46613_/SETN                            0.32    2.98   -2.66 (VIOLATED)
_46614_/SETN                            0.32    2.98   -2.66 (VIOLATED)
_46615_/SETN                            0.32    2.98   -2.66 (VIOLATED)
_46616_/SETN                            0.32    2.98   -2.66 (VIOLATED)
_46617_/SETN                            0.32    2.98   -2.66 (VIOLATED)
_46618_/SETN                            0.32    2.98   -2.66 (VIOLATED)
_46619_/SETN                            0.32    2.98   -2.66 (VIOLATED)
_46620_/SETN                            0.32    2.98   -2.66 (VIOLATED)
_46621_/SETN                            0.32    2.98   -2.66 (VIOLATED)
_46622_/SETN                            0.32    2.98   -2.66 (VIOLATED)
_46623_/SETN                            0.32    2.98   -2.66 (VIOLATED)
_46624_/SETN                            0.32    2.98   -2.66 (VIOLATED)
_46625_/SETN                            0.32    2.98   -2.66 (VIOLATED)
_46626_/SETN                            0.32    2.98   -2.66 (VIOLATED)
_46627_/SETN                            0.32    2.98   -2.66 (VIOLATED)
_46628_/SETN                            0.32    2.98   -2.66 (VIOLATED)
_46629_/SETN                            0.32    2.98   -2.66 (VIOLATED)
_46630_/SETN                            0.32    2.98   -2.66 (VIOLATED)
_46631_/SETN                            0.32    2.98   -2.66 (VIOLATED)
_46632_/SETN                            0.32    2.98   -2.66 (VIOLATED)
_46633_/SETN                            0.32    2.98   -2.66 (VIOLATED)
_46634_/SETN                            0.32    2.98   -2.66 (VIOLATED)
_46635_/SETN                            0.32    2.98   -2.66 (VIOLATED)
_46636_/SETN                            0.32    2.98   -2.66 (VIOLATED)
_46637_/SETN                            0.32    2.98   -2.66 (VIOLATED)
_46638_/SETN                            0.32    2.98   -2.66 (VIOLATED)
_46639_/SETN                            0.32    2.98   -2.66 (VIOLATED)
_46640_/SETN                            0.32    2.98   -2.66 (VIOLATED)
_46641_/SETN                            0.32    2.98   -2.66 (VIOLATED)
_46642_/SETN                            0.32    2.98   -2.66 (VIOLATED)
_46643_/SETN                            0.32    2.98   -2.66 (VIOLATED)
_46644_/SETN                            0.32    2.98   -2.66 (VIOLATED)
_46645_/SETN                            0.32    2.98   -2.66 (VIOLATED)
_46646_/SETN                            0.32    2.98   -2.66 (VIOLATED)
_46647_/SETN                            0.32    2.98   -2.66 (VIOLATED)
_46648_/SETN                            0.32    2.98   -2.66 (VIOLATED)
_46649_/SETN                            0.32    2.98   -2.66 (VIOLATED)
_46650_/SETN                            0.32    2.98   -2.66 (VIOLATED)
_46651_/SETN                            0.32    2.98   -2.66 (VIOLATED)
_46652_/SETN                            0.32    2.98   -2.66 (VIOLATED)
_46653_/SETN                            0.32    2.98   -2.66 (VIOLATED)
_46654_/SETN                            0.32    2.98   -2.66 (VIOLATED)
_46655_/SETN                            0.32    2.98   -2.66 (VIOLATED)
_46656_/SETN                            0.32    2.98   -2.66 (VIOLATED)
_46657_/SETN                            0.32    2.98   -2.66 (VIOLATED)
_46658_/SETN                            0.32    2.98   -2.66 (VIOLATED)
_46659_/SETN                            0.32    2.98   -2.66 (VIOLATED)
_46660_/SETN                            0.32    2.98   -2.66 (VIOLATED)
_46661_/SETN                            0.32    2.98   -2.66 (VIOLATED)
_46662_/SETN                            0.32    2.98   -2.66 (VIOLATED)
_46663_/SETN                            0.32    2.98   -2.66 (VIOLATED)
_46664_/SETN                            0.32    2.98   -2.66 (VIOLATED)
_46665_/SETN                            0.32    2.98   -2.66 (VIOLATED)
_46666_/SETN                            0.32    2.98   -2.66 (VIOLATED)
_46667_/SETN                            0.32    2.98   -2.66 (VIOLATED)
_46668_/SETN                            0.32    2.98   -2.66 (VIOLATED)
_46669_/SETN                            0.32    2.98   -2.66 (VIOLATED)
_46670_/SETN                            0.32    2.98   -2.66 (VIOLATED)
_46671_/SETN                            0.32    2.98   -2.66 (VIOLATED)
_46672_/SETN                            0.32    2.98   -2.66 (VIOLATED)
_46673_/SETN                            0.32    2.98   -2.66 (VIOLATED)
_46674_/SETN                            0.32    2.98   -2.66 (VIOLATED)
_46675_/SETN                            0.32    2.98   -2.66 (VIOLATED)
_46676_/SETN                            0.32    2.98   -2.66 (VIOLATED)
_46677_/SETN                            0.32    2.98   -2.66 (VIOLATED)
_46678_/SETN                            0.32    2.98   -2.66 (VIOLATED)
_46679_/SETN                            0.32    2.98   -2.66 (VIOLATED)
_46680_/SETN                            0.32    2.98   -2.66 (VIOLATED)
_46681_/SETN                            0.32    2.98   -2.66 (VIOLATED)
_46682_/SETN                            0.32    2.98   -2.66 (VIOLATED)
_46683_/SETN                            0.32    2.98   -2.66 (VIOLATED)
_46684_/SETN                            0.32    2.98   -2.66 (VIOLATED)
_46685_/SETN                            0.32    2.98   -2.66 (VIOLATED)
_46686_/SETN                            0.32    2.98   -2.66 (VIOLATED)
_46687_/SETN                            0.32    2.98   -2.66 (VIOLATED)
_46688_/SETN                            0.32    2.98   -2.66 (VIOLATED)
_46689_/SETN                            0.32    2.98   -2.66 (VIOLATED)
_46690_/SETN                            0.32    2.98   -2.66 (VIOLATED)
_46691_/SETN                            0.32    2.98   -2.66 (VIOLATED)
_46692_/SETN                            0.32    2.98   -2.66 (VIOLATED)
_46693_/SETN                            0.32    2.98   -2.66 (VIOLATED)
_46694_/SETN                            0.32    2.98   -2.66 (VIOLATED)
_46695_/SETN                            0.32    2.98   -2.66 (VIOLATED)
_46696_/SETN                            0.32    2.98   -2.66 (VIOLATED)
_46697_/SETN                            0.32    2.98   -2.66 (VIOLATED)
_46698_/SETN                            0.32    2.98   -2.66 (VIOLATED)
_46699_/SETN                            0.32    2.98   -2.66 (VIOLATED)
_46700_/SETN                            0.32    2.98   -2.66 (VIOLATED)
_46701_/SETN                            0.32    2.98   -2.66 (VIOLATED)
_46702_/SETN                            0.32    2.98   -2.66 (VIOLATED)
_46703_/SETN                            0.32    2.98   -2.66 (VIOLATED)
_46704_/SETN                            0.32    2.98   -2.66 (VIOLATED)
_46705_/SETN                            0.32    2.98   -2.66 (VIOLATED)
_46706_/SETN                            0.32    2.98   -2.66 (VIOLATED)
_46707_/SETN                            0.32    2.98   -2.66 (VIOLATED)
_46708_/SETN                            0.32    2.98   -2.66 (VIOLATED)
_46709_/SETN                            0.32    2.98   -2.66 (VIOLATED)
_46710_/SETN                            0.32    2.98   -2.66 (VIOLATED)
_46711_/SETN                            0.32    2.98   -2.66 (VIOLATED)
_46712_/SETN                            0.32    2.98   -2.66 (VIOLATED)
_46713_/SETN                            0.32    2.98   -2.66 (VIOLATED)
_46714_/SETN                            0.32    2.98   -2.66 (VIOLATED)
_46715_/SETN                            0.32    2.98   -2.66 (VIOLATED)
_46716_/SETN                            0.32    2.98   -2.66 (VIOLATED)
_46717_/SETN                            0.32    2.98   -2.66 (VIOLATED)
_46718_/SETN                            0.32    2.98   -2.66 (VIOLATED)
_46719_/SETN                            0.32    2.98   -2.66 (VIOLATED)
_46720_/SETN                            0.32    2.98   -2.66 (VIOLATED)
_46721_/SETN                            0.32    2.98   -2.66 (VIOLATED)
_46722_/SETN                            0.32    2.98   -2.66 (VIOLATED)
_46723_/SETN                            0.32    2.98   -2.66 (VIOLATED)
_46724_/SETN                            0.32    2.98   -2.66 (VIOLATED)
_46725_/SETN                            0.32    2.98   -2.66 (VIOLATED)
_46726_/SETN                            0.32    2.98   -2.66 (VIOLATED)
_46727_/SETN                            0.32    2.98   -2.66 (VIOLATED)
_46728_/SETN                            0.32    2.98   -2.66 (VIOLATED)
_46729_/SETN                            0.32    2.98   -2.66 (VIOLATED)
_46730_/SETN                            0.32    2.98   -2.66 (VIOLATED)
_46731_/SETN                            0.32    2.98   -2.66 (VIOLATED)
_46732_/SETN                            0.32    2.98   -2.66 (VIOLATED)
_46733_/SETN                            0.32    2.98   -2.66 (VIOLATED)
_46734_/SETN                            0.32    2.98   -2.66 (VIOLATED)
_46735_/SETN                            0.32    2.98   -2.66 (VIOLATED)
_46736_/SETN                            0.32    2.98   -2.66 (VIOLATED)
_46737_/SETN                            0.32    2.98   -2.66 (VIOLATED)
_46738_/SETN                            0.32    2.98   -2.66 (VIOLATED)
_46739_/SETN                            0.32    2.98   -2.66 (VIOLATED)
_46740_/SETN                            0.32    2.98   -2.66 (VIOLATED)
_46741_/SETN                            0.32    2.98   -2.66 (VIOLATED)
_46742_/SETN                            0.32    2.98   -2.66 (VIOLATED)
_46743_/SETN                            0.32    2.98   -2.66 (VIOLATED)
_46744_/SETN                            0.32    2.98   -2.66 (VIOLATED)
_46745_/SETN                            0.32    2.98   -2.66 (VIOLATED)
_46746_/SETN                            0.32    2.98   -2.66 (VIOLATED)
_46747_/SETN                            0.32    2.98   -2.66 (VIOLATED)
_46748_/SETN                            0.32    2.98   -2.66 (VIOLATED)
_46749_/SETN                            0.32    2.98   -2.66 (VIOLATED)
_46750_/SETN                            0.32    2.98   -2.66 (VIOLATED)
_46751_/SETN                            0.32    2.98   -2.66 (VIOLATED)
_46752_/SETN                            0.32    2.98   -2.66 (VIOLATED)
_46753_/SETN                            0.32    2.98   -2.66 (VIOLATED)
_46754_/SETN                            0.32    2.98   -2.66 (VIOLATED)
_46755_/SETN                            0.32    2.98   -2.66 (VIOLATED)
_46756_/SETN                            0.32    2.98   -2.66 (VIOLATED)
_46757_/SETN                            0.32    2.98   -2.66 (VIOLATED)
_46758_/SETN                            0.32    2.98   -2.66 (VIOLATED)
_46759_/SETN                            0.32    2.98   -2.66 (VIOLATED)
_46760_/SETN                            0.32    2.98   -2.66 (VIOLATED)
_46761_/SETN                            0.32    2.98   -2.66 (VIOLATED)
_46762_/SETN                            0.32    2.98   -2.66 (VIOLATED)
_46763_/SETN                            0.32    2.98   -2.66 (VIOLATED)
_46764_/SETN                            0.32    2.98   -2.66 (VIOLATED)
_46765_/SETN                            0.32    2.98   -2.66 (VIOLATED)
_46766_/SETN                            0.32    2.98   -2.66 (VIOLATED)
_46767_/SETN                            0.32    2.98   -2.66 (VIOLATED)
_46768_/SETN                            0.32    2.98   -2.66 (VIOLATED)
_46769_/SETN                            0.32    2.98   -2.66 (VIOLATED)
_46770_/SETN                            0.32    2.98   -2.66 (VIOLATED)
_46771_/SETN                            0.32    2.98   -2.66 (VIOLATED)
_46836_/SETN                            0.32    2.98   -2.66 (VIOLATED)
_46869_/SETN                            0.32    2.98   -2.66 (VIOLATED)
_46902_/SETN                            0.32    2.98   -2.66 (VIOLATED)
_46935_/SETN                            0.32    2.98   -2.66 (VIOLATED)
_46936_/SETN                            0.32    2.98   -2.66 (VIOLATED)
_46937_/SETN                            0.32    2.98   -2.66 (VIOLATED)
_46938_/SETN                            0.32    2.98   -2.66 (VIOLATED)
_46939_/SETN                            0.32    2.98   -2.66 (VIOLATED)
_46940_/SETN                            0.32    2.98   -2.66 (VIOLATED)
_46941_/SETN                            0.32    2.98   -2.66 (VIOLATED)
_46942_/SETN                            0.32    2.98   -2.66 (VIOLATED)
_46943_/SETN                            0.32    2.98   -2.66 (VIOLATED)
_46944_/SETN                            0.32    2.98   -2.66 (VIOLATED)
_46945_/SETN                            0.32    2.98   -2.66 (VIOLATED)
_46946_/SETN                            0.32    2.98   -2.66 (VIOLATED)
_46947_/SETN                            0.32    2.98   -2.66 (VIOLATED)
_46948_/SETN                            0.32    2.98   -2.66 (VIOLATED)
_46949_/SETN                            0.32    2.98   -2.66 (VIOLATED)
_46950_/SETN                            0.32    2.98   -2.66 (VIOLATED)
_46951_/SETN                            0.32    2.98   -2.66 (VIOLATED)
_46952_/SETN                            0.32    2.98   -2.66 (VIOLATED)
_46953_/SETN                            0.32    2.98   -2.66 (VIOLATED)
_46954_/SETN                            0.32    2.98   -2.66 (VIOLATED)
_46955_/SETN                            0.32    2.98   -2.66 (VIOLATED)
_46956_/SETN                            0.32    2.98   -2.66 (VIOLATED)
_46957_/SETN                            0.32    2.98   -2.66 (VIOLATED)
_46958_/SETN                            0.32    2.98   -2.66 (VIOLATED)
_46959_/SETN                            0.32    2.98   -2.66 (VIOLATED)
_46960_/SETN                            0.32    2.98   -2.66 (VIOLATED)
_46961_/SETN                            0.32    2.98   -2.66 (VIOLATED)
_46962_/SETN                            0.32    2.98   -2.66 (VIOLATED)
_46963_/SETN                            0.32    2.98   -2.66 (VIOLATED)
_46964_/SETN                            0.32    2.98   -2.66 (VIOLATED)
_46965_/SETN                            0.32    2.98   -2.66 (VIOLATED)
_46966_/SETN                            0.32    2.98   -2.66 (VIOLATED)
_46967_/SETN                            0.32    2.98   -2.66 (VIOLATED)
_46968_/SETN                            0.32    2.98   -2.66 (VIOLATED)
_46969_/SETN                            0.32    2.98   -2.66 (VIOLATED)
_46970_/SETN                            0.32    2.98   -2.66 (VIOLATED)
_46971_/SETN                            0.32    2.98   -2.66 (VIOLATED)
_46972_/SETN                            0.32    2.98   -2.66 (VIOLATED)
_46973_/SETN                            0.32    2.98   -2.66 (VIOLATED)
_46974_/SETN                            0.32    2.98   -2.66 (VIOLATED)
_46975_/SETN                            0.32    2.98   -2.66 (VIOLATED)
_46976_/SETN                            0.32    2.98   -2.66 (VIOLATED)
_46977_/SETN                            0.32    2.98   -2.66 (VIOLATED)
_46978_/SETN                            0.32    2.98   -2.66 (VIOLATED)
_47238_/SETN                            0.32    2.98   -2.66 (VIOLATED)
_47239_/SETN                            0.32    2.98   -2.66 (VIOLATED)
_47240_/SETN                            0.32    2.98   -2.66 (VIOLATED)
_47241_/SETN                            0.32    2.98   -2.66 (VIOLATED)
_47328_/SETN                            0.32    2.98   -2.66 (VIOLATED)
_47331_/SETN                            0.32    2.98   -2.66 (VIOLATED)
_47360_/SETN                            0.32    2.98   -2.66 (VIOLATED)
_47375_/SETN                            0.32    2.98   -2.66 (VIOLATED)
_47384_/SETN                            0.32    2.98   -2.66 (VIOLATED)
_47553_/SETN                            0.32    2.98   -2.66 (VIOLATED)
_47584_/SETN                            0.32    2.98   -2.66 (VIOLATED)
_47650_/SETN                            0.32    2.98   -2.66 (VIOLATED)
_47692_/SETN                            0.32    2.98   -2.66 (VIOLATED)
_47694_/RESETN                          0.32    2.98   -2.66 (VIOLATED)
_47695_/SETN                            0.32    2.98   -2.66 (VIOLATED)
_41476_/B                               0.32    0.57   -0.25 (VIOLATED)
_41582_/B                               0.32    0.57   -0.25 (VIOLATED)
_41730_/B                               0.32    0.57   -0.25 (VIOLATED)
_41874_/B                               0.32    0.57   -0.25 (VIOLATED)
_42014_/B                               0.32    0.57   -0.25 (VIOLATED)
_42154_/B                               0.32    0.57   -0.25 (VIOLATED)
_42298_/B                               0.32    0.57   -0.25 (VIOLATED)
_42438_/B                               0.32    0.57   -0.25 (VIOLATED)
_35524_/A                               0.32    0.54   -0.22 (VIOLATED)
_35528_/C                               0.32    0.54   -0.22 (VIOLATED)
_35761_/C                               0.32    0.54   -0.22 (VIOLATED)
_44648_/C                               0.32    0.54   -0.22 (VIOLATED)
_44651_/C                               0.32    0.54   -0.22 (VIOLATED)
_41138_/C                               0.32    0.48   -0.16 (VIOLATED)
_41480_/C                               0.32    0.48   -0.16 (VIOLATED)
_44783_/E                               0.32    0.48   -0.16 (VIOLATED)

max capacitance

Pin                                    Limit     Cap   Slack
------------------------------------------------------------
rst_n                                  92.16  681.39 -589.23 (VIOLATED)


---------- power ----------
Group                  Internal  Switching    Leakage      Total
                          Power      Power      Power      Power (Watts)
----------------------------------------------------------------
Sequential           1.9442e-03 0.0000e+00 3.6907e-07 1.9445e-03  95.3%
Combinational        3.4853e-05 5.8742e-05 1.5322e-06 9.5127e-05   4.7%
Clock                0.0000e+00 0.0000e+00 0.0000e+00 0.0000e+00   0.0%
Macro                0.0000e+00 0.0000e+00 0.0000e+00 0.0000e+00   0.0%
Pad                  0.0000e+00 0.0000e+00 0.0000e+00 0.0000e+00   0.0%
----------------------------------------------------------------
Total                1.9790e-03 5.8742e-05 1.9013e-06 2.0397e-03 100.0%
                          97.0%       2.9%       0.1%

RESULT: TIMING NOT MET (setup WNS -0.8676 ns)
