Warning 1212: /home/user/ATLAS-MICRO-2026/syn/lib/asap7_simple.lib line 71029, timing group from output port.
Warning 1212: /home/user/ATLAS-MICRO-2026/syn/lib/asap7_simple.lib line 71505, timing group from output port.
Warning 1212: /home/user/ATLAS-MICRO-2026/syn/lib/asap7_simple.lib line 71981, timing group from output port.
Warning 1212: /home/user/ATLAS-MICRO-2026/syn/lib/asap7_simple.lib line 72457, timing group from output port.
Warning 1212: /home/user/ATLAS-MICRO-2026/syn/lib/asap7_simple.lib line 72933, timing group from output port.
Warning 1212: /home/user/ATLAS-MICRO-2026/syn/lib/asap7_simple.lib line 73409, timing group from output port.
Warning 1212: /home/user/ATLAS-MICRO-2026/syn/lib/asap7_simple.lib line 73885, timing group from output port.
Warning 1212: /home/user/ATLAS-MICRO-2026/syn/lib/asap7_simple.lib line 81795, timing group from output port.
Warning 1212: /home/user/ATLAS-MICRO-2026/syn/lib/asap7_simple.lib line 82271, timing group from output port.
Warning 1212: /home/user/ATLAS-MICRO-2026/syn/lib/asap7_simple.lib line 82747, timing group from output port.
==========================================================
  ATLAS static timing analysis
==========================================================
 time 1ns
 capacitance 1fF
 resistance 1kohm
 voltage 1v
 current 1mA
 power 1pW
 distance 1um

---------- clocks ----------
Clock                   Period          Waveform
----------------------------------------------------
clk                       1.00        0.00      0.50

---------- setup (max) : critical path ----------
Warning 503: atlas_matrix_unit_asap7.tcl line 1, report_checks -group_count is deprecated. Use -group_path_count instead.
Startpoint: _204978_ (rising edge-triggered flip-flop clocked by clk)
Endpoint: _209717_ (rising edge-triggered flip-flop clocked by clk)
Path Group: clk
Path Type: max

    Delay      Time   Description
-------------------------------------------------------------
   0.0000    0.0000   clock clk (rise edge)
   0.0000    0.0000   clock network delay (ideal)
   0.0000    0.0000 ^ _204978_/CLK (DFFHQNx1_ASAP7_75t_R)
   0.0709    0.0709 v _204978_/QN (DFFHQNx1_ASAP7_75t_R)
   0.0150    0.0859 ^ _109787_/Y (INVx4_ASAP7_75t_R)
   0.0225    0.1084 ^ _109788_/Y (BUFx6f_ASAP7_75t_R)
   0.0091    0.1175 v _109954_/Y (NOR2x1_ASAP7_75t_R)
   0.0119    0.1294 ^ _109955_/Y (NOR2xp33_ASAP7_75t_R)
   0.0121    0.1415 v _109956_/Y (NOR2xp33_ASAP7_75t_R)
   0.0148    0.1563 ^ _109957_/Y (NOR2xp33_ASAP7_75t_R)
   0.0146    0.1709 v _109958_/Y (NOR2xp33_ASAP7_75t_R)
   0.0260    0.1968 v _109960_/Y (OR2x2_ASAP7_75t_R)
   0.0192    0.2160 ^ _109961_/Y (NAND2xp5_ASAP7_75t_R)
   0.0240    0.2399 v _109976_/Y (MAJIxp5_ASAP7_75t_R)
   0.0229    0.2628 ^ _109977_/Y (MAJIxp5_ASAP7_75t_R)
   0.0190    0.2818 v _109978_/Y (MAJIxp5_ASAP7_75t_R)
   0.0243    0.3061 ^ _109979_/Y (MAJIxp5_ASAP7_75t_R)
   0.0199    0.3260 v _109980_/Y (MAJIxp5_ASAP7_75t_R)
   0.0243    0.3503 ^ _109981_/Y (MAJIxp5_ASAP7_75t_R)
   0.0160    0.3663 v _109982_/Y (MAJIxp5_ASAP7_75t_R)
   0.0159    0.3822 ^ _110043_/Y (NAND4xp25_ASAP7_75t_R)
   0.0150    0.3972 v _110047_/Y (NAND3xp33_ASAP7_75t_R)
   0.0144    0.4116 ^ _110109_/Y (NAND4xp25_ASAP7_75t_R)
   0.0150    0.4267 v _110113_/Y (NAND3xp33_ASAP7_75t_R)
   0.0144    0.4410 ^ _110180_/Y (NAND4xp25_ASAP7_75t_R)
   0.0150    0.4561 v _110186_/Y (NAND3xp33_ASAP7_75t_R)
   0.0132    0.4693 ^ _110203_/Y (NAND3xp33_ASAP7_75t_R)
   0.0189    0.4882 v _110206_/Y (NAND4xp25_ASAP7_75t_R)
   0.0151    0.5033 ^ _110207_/Y (NAND2xp5_ASAP7_75t_R)
   0.0226    0.5259 v _110327_/Y (NAND4xp25_ASAP7_75t_R)
   0.0377    0.5636 v _110339_/Y (AND2x2_ASAP7_75t_R)
   0.0210    0.5846 ^ _110361_/Y (NAND2xp5_ASAP7_75t_R)
   0.0177    0.6023 v _110411_/Y (NAND3x1_ASAP7_75t_R)
   0.0129    0.6152 ^ _110412_/Y (NAND2xp5_ASAP7_75t_R)
   0.0204    0.6356 v _110413_/Y (NAND2xp5_ASAP7_75t_R)
   0.0154    0.6510 ^ _110414_/Y (NAND2xp5_ASAP7_75t_R)
   0.0299    0.6809 ^ _110419_/Y (AND3x1_ASAP7_75t_R)
   0.0206    0.7014 ^ _110425_/Y (OR2x2_ASAP7_75t_R)
   0.0143    0.7158 v _110428_/Y (NAND2xp5_ASAP7_75t_R)
   0.0171    0.7329 ^ _110429_/Y (NAND2xp5_ASAP7_75t_R)
   0.0152    0.7481 v _110430_/Y (NAND2x1_ASAP7_75t_R)
   0.0285    0.7766 v _110436_/Y (XNOR2x1_ASAP7_75t_R)
   0.0263    0.8029 ^ _110445_/Y (NOR3x2_ASAP7_75t_R)
   0.0145    0.8174 v _110459_/Y (INVx4_ASAP7_75t_R)
   0.0428    0.8601 v _110460_/Y (OR3x2_ASAP7_75t_R)
   0.0262    0.8863 v _110503_/Y (BUFx4f_ASAP7_75t_R)
   0.0213    0.9076 v _110504_/Y (BUFx4f_ASAP7_75t_R)
   0.0132    0.9208 ^ _110675_/Y (NOR2xp33_ASAP7_75t_R)
   0.0137    0.9344 v _110677_/Y (NOR3xp33_ASAP7_75t_R)
   0.0177    0.9521 ^ _110681_/Y (NOR3xp33_ASAP7_75t_R)
   0.0135    0.9656 v _110689_/Y (NOR3xp33_ASAP7_75t_R)
   0.0236    0.9891 ^ _110704_/Y (NOR3xp33_ASAP7_75t_R)
   0.0184    1.0075 v _110708_/Y (NOR2x1_ASAP7_75t_R)
   0.0244    1.0320 ^ _110709_/Y (XNOR2xp5_ASAP7_75t_R)
   0.0414    1.0733 ^ _110712_/Y (AND4x1_ASAP7_75t_R)
   0.0221    1.0954 v _110713_/Y (MAJIxp5_ASAP7_75t_R)
   0.0335    1.1289 ^ _110908_/Y (MAJIxp5_ASAP7_75t_R)
   0.0408    1.1697 ^ _110909_/Y (XOR2xp5_ASAP7_75t_R)
   0.0118    1.1815 v _110910_/Y (NAND2x1_ASAP7_75t_R)
   0.0274    1.2089 v _110912_/Y (AND2x2_ASAP7_75t_R)
   0.0384    1.2473 v _110947_/Y (OR4x1_ASAP7_75t_R)
   0.0195    1.2668 ^ _110963_/Y (NAND2xp5_ASAP7_75t_R)
   0.0349    1.3017 ^ _111050_/Y (AND3x2_ASAP7_75t_R)
   0.0214    1.3231 v _111052_/Y (NOR2x1p5_ASAP7_75t_R)
   0.0200    1.3432 ^ _111161_/Y (NOR2x1p5_ASAP7_75t_R)
   0.0201    1.3633 v _111162_/Y (NOR2x1p5_ASAP7_75t_R)
   0.0298    1.3931 v _111189_/Y (AND2x4_ASAP7_75t_R)
   0.0139    1.4070 ^ _111200_/Y (NOR2x1_ASAP7_75t_R)
   0.0224    1.4294 ^ _111201_/Y (XNOR2x1_ASAP7_75t_R)
   0.0000    1.4294 ^ _209717_/D (DFFHQNx1_ASAP7_75t_R)
             1.4294   data arrival time

   1.0000    1.0000   clock clk (rise edge)
   0.0000    1.0000   clock network delay (ideal)
  -0.0500    0.9500   clock uncertainty
   0.0000    0.9500   clock reconvergence pessimism
             0.9500 ^ _209717_/CLK (DFFHQNx1_ASAP7_75t_R)
  -0.0104    0.9396   library setup time
             0.9396   data required time
-------------------------------------------------------------
             0.9396   data required time
            -1.4294   data arrival time
-------------------------------------------------------------
            -0.4898   slack (VIOLATED)


Startpoint: _209455_ (rising edge-triggered flip-flop clocked by clk)
Endpoint: _213576_ (rising edge-triggered flip-flop clocked by clk)
Path Group: clk
Path Type: max

    Delay      Time   Description
-------------------------------------------------------------
   0.0000    0.0000   clock clk (rise edge)
   0.0000    0.0000   clock network delay (ideal)
   0.0000    0.0000 ^ _209455_/CLK (DFFHQNx1_ASAP7_75t_R)
   0.0608    0.0608 v _209455_/QN (DFFHQNx1_ASAP7_75t_R)
   0.0269    0.0878 v _106700_/Y (BUFx12f_ASAP7_75t_R)
   0.0271    0.1148 v _116381_/Y (XOR2x1_ASAP7_75t_R)
   0.0478    0.1626 v _116401_/Y (OR3x2_ASAP7_75t_R)
   0.0115    0.1741 ^ _116782_/Y (NOR2x1_ASAP7_75t_R)
   0.0184    0.1924 v _116783_/Y (NOR2xp33_ASAP7_75t_R)
   0.0198    0.2122 ^ _116784_/Y (NOR2x1_ASAP7_75t_R)
   0.0262    0.2384 ^ _116785_/Y (AND2x2_ASAP7_75t_R)
   0.0153    0.2537 v _116786_/Y (MAJIxp5_ASAP7_75t_R)
   0.0230    0.2767 ^ _116787_/Y (MAJIxp5_ASAP7_75t_R)
   0.0162    0.2928 v _116788_/Y (MAJIxp5_ASAP7_75t_R)
   0.0146    0.3074 ^ _116852_/Y (NAND2xp5_ASAP7_75t_R)
   0.0228    0.3302 ^ _116856_/Y (AND3x1_ASAP7_75t_R)
   0.0126    0.3428 v _116864_/Y (NOR2xp33_ASAP7_75t_R)
   0.0340    0.3768 ^ _116865_/Y (NOR5xp2_ASAP7_75t_R)
   0.0213    0.3981 v _116866_/Y (NOR4xp25_ASAP7_75t_R)
   0.0170    0.4150 ^ _116872_/Y (NOR3xp33_ASAP7_75t_R)
   0.0160    0.4311 v _116873_/Y (NOR2xp33_ASAP7_75t_R)
   0.0245    0.4556 v _116875_/Y (OR2x2_ASAP7_75t_R)
   0.0097    0.4653 ^ _116898_/Y (NAND3xp33_ASAP7_75t_R)
   0.0542    0.5195 v _116908_/Y (NAND5xp2_ASAP7_75t_R)
   0.0460    0.5655 ^ _116909_/Y (NAND2xp5_ASAP7_75t_R)
   0.0359    0.6014 ^ _116910_/Y (BUFx2_ASAP7_75t_R)
   0.0157    0.6171 v _116934_/Y (NAND2xp5_ASAP7_75t_R)
   0.0231    0.6402 ^ _116993_/Y (NAND3xp33_ASAP7_75t_R)
   0.0139    0.6541 v _116994_/Y (NAND2x1p5_ASAP7_75t_R)
   0.0199    0.6740 ^ _116995_/Y (NOR3xp33_ASAP7_75t_R)
   0.0237    0.6976 ^ _117001_/Y (OR3x2_ASAP7_75t_R)
   0.0086    0.7062 v _117005_/Y (INVx1_ASAP7_75t_R)
   0.0317    0.7380 v _117006_/Y (OR3x1_ASAP7_75t_R)
   0.0164    0.7544 ^ _117011_/Y (NAND3x1_ASAP7_75t_R)
   0.0261    0.7805 ^ _117026_/Y (XNOR2xp5_ASAP7_75t_R)
   0.0476    0.8281 v _117027_/Y (NAND4xp75_ASAP7_75t_R)
   0.0466    0.8747 v _117051_/Y (OR2x2_ASAP7_75t_R)
   0.0230    0.8977 v _117093_/Y (BUFx6f_ASAP7_75t_R)
   0.0135    0.9112 ^ _117170_/Y (NOR2xp33_ASAP7_75t_R)
   0.0256    0.9368 ^ _117175_/Y (OR2x2_ASAP7_75t_R)
   0.0108    0.9476 v _117278_/Y (NOR2xp33_ASAP7_75t_R)
   0.0189    0.9665 ^ _117280_/Y (NOR2xp33_ASAP7_75t_R)
   0.0154    0.9819 v _117378_/Y (NOR2xp33_ASAP7_75t_R)
   0.0174    0.9993 ^ _117379_/Y (NOR2xp33_ASAP7_75t_R)
   0.0222    1.0215 v _117380_/Y (NOR2xp33_ASAP7_75t_R)
   0.0189    1.0404 ^ _117381_/Y (NOR3xp33_ASAP7_75t_R)
   0.0216    1.0620 v _117382_/Y (NOR2xp33_ASAP7_75t_R)
   0.0272    1.0892 ^ _117383_/Y (XNOR2xp5_ASAP7_75t_R)
   0.0402    1.1294 ^ _117466_/Y (AND3x1_ASAP7_75t_R)
   0.0150    1.1443 v _117489_/Y (NAND3x1_ASAP7_75t_R)
   0.0300    1.1743 v _117490_/Y (OR2x2_ASAP7_75t_R)
   0.0153    1.1897 ^ _117491_/Y (NOR2x1p5_ASAP7_75t_R)
   0.0132    1.2028 v _117492_/Y (NAND2x1p5_ASAP7_75t_R)
   0.0226    1.2254 ^ _117495_/Y (NAND2x2_ASAP7_75t_R)
   0.0118    1.2372 v _117543_/Y (INVx3_ASAP7_75t_R)
   0.0125    1.2497 ^ _117545_/Y (NOR2x1p5_ASAP7_75t_R)
   0.0147    1.2643 v _117549_/Y (NOR2x1p5_ASAP7_75t_R)
   0.0149    1.2792 ^ _117635_/Y (NOR2x1p5_ASAP7_75t_R)
   0.0174    1.2966 v _117637_/Y (NOR2x1_ASAP7_75t_R)
   0.0284    1.3249 v _117638_/Y (BUFx4f_ASAP7_75t_R)
   0.0160    1.3410 ^ _117749_/Y (NAND2x1p5_ASAP7_75t_R)
   0.0194    1.3604 v _117750_/Y (NAND2x1p5_ASAP7_75t_R)
   0.0159    1.3763 ^ _117794_/Y (NAND2xp5_ASAP7_75t_R)
   0.0143    1.3906 v _117795_/Y (NAND2xp5_ASAP7_75t_R)
   0.0354    1.4260 ^ _117796_/Y (XOR2x2_ASAP7_75t_R)
   0.0000    1.4260 ^ _213576_/D (DFFHQNx1_ASAP7_75t_R)
             1.4260   data arrival time

   1.0000    1.0000   clock clk (rise edge)
   0.0000    1.0000   clock network delay (ideal)
  -0.0500    0.9500   clock uncertainty
   0.0000    0.9500   clock reconvergence pessimism
             0.9500 ^ _213576_/CLK (DFFHQNx1_ASAP7_75t_R)
  -0.0083    0.9417   library setup time
             0.9417   data required time
-------------------------------------------------------------
             0.9417   data required time
            -1.4260   data arrival time
-------------------------------------------------------------
            -0.4844   slack (VIOLATED)


Startpoint: _204978_ (rising edge-triggered flip-flop clocked by clk)
Endpoint: _209719_ (rising edge-triggered flip-flop clocked by clk)
Path Group: clk
Path Type: max

    Delay      Time   Description
-------------------------------------------------------------
   0.0000    0.0000   clock clk (rise edge)
   0.0000    0.0000   clock network delay (ideal)
   0.0000    0.0000 ^ _204978_/CLK (DFFHQNx1_ASAP7_75t_R)
   0.0709    0.0709 v _204978_/QN (DFFHQNx1_ASAP7_75t_R)
   0.0150    0.0859 ^ _109787_/Y (INVx4_ASAP7_75t_R)
   0.0225    0.1084 ^ _109788_/Y (BUFx6f_ASAP7_75t_R)
   0.0091    0.1175 v _109954_/Y (NOR2x1_ASAP7_75t_R)
   0.0119    0.1294 ^ _109955_/Y (NOR2xp33_ASAP7_75t_R)
   0.0121    0.1415 v _109956_/Y (NOR2xp33_ASAP7_75t_R)
   0.0148    0.1563 ^ _109957_/Y (NOR2xp33_ASAP7_75t_R)
   0.0146    0.1709 v _109958_/Y (NOR2xp33_ASAP7_75t_R)
   0.0260    0.1968 v _109960_/Y (OR2x2_ASAP7_75t_R)
   0.0192    0.2160 ^ _109961_/Y (NAND2xp5_ASAP7_75t_R)
   0.0240    0.2399 v _109976_/Y (MAJIxp5_ASAP7_75t_R)
   0.0229    0.2628 ^ _109977_/Y (MAJIxp5_ASAP7_75t_R)
   0.0190    0.2818 v _109978_/Y (MAJIxp5_ASAP7_75t_R)
   0.0243    0.3061 ^ _109979_/Y (MAJIxp5_ASAP7_75t_R)
   0.0199    0.3260 v _109980_/Y (MAJIxp5_ASAP7_75t_R)
   0.0243    0.3503 ^ _109981_/Y (MAJIxp5_ASAP7_75t_R)
   0.0160    0.3663 v _109982_/Y (MAJIxp5_ASAP7_75t_R)
   0.0159    0.3822 ^ _110043_/Y (NAND4xp25_ASAP7_75t_R)
   0.0150    0.3972 v _110047_/Y (NAND3xp33_ASAP7_75t_R)
   0.0144    0.4116 ^ _110109_/Y (NAND4xp25_ASAP7_75t_R)
   0.0150    0.4267 v _110113_/Y (NAND3xp33_ASAP7_75t_R)
   0.0144    0.4410 ^ _110180_/Y (NAND4xp25_ASAP7_75t_R)
   0.0150    0.4561 v _110186_/Y (NAND3xp33_ASAP7_75t_R)
   0.0132    0.4693 ^ _110203_/Y (NAND3xp33_ASAP7_75t_R)
   0.0189    0.4882 v _110206_/Y (NAND4xp25_ASAP7_75t_R)
   0.0151    0.5033 ^ _110207_/Y (NAND2xp5_ASAP7_75t_R)
   0.0226    0.5259 v _110327_/Y (NAND4xp25_ASAP7_75t_R)
   0.0377    0.5636 v _110339_/Y (AND2x2_ASAP7_75t_R)
   0.0210    0.5846 ^ _110361_/Y (NAND2xp5_ASAP7_75t_R)
   0.0177    0.6023 v _110411_/Y (NAND3x1_ASAP7_75t_R)
   0.0129    0.6152 ^ _110412_/Y (NAND2xp5_ASAP7_75t_R)
   0.0204    0.6356 v _110413_/Y (NAND2xp5_ASAP7_75t_R)
   0.0154    0.6510 ^ _110414_/Y (NAND2xp5_ASAP7_75t_R)
   0.0299    0.6809 ^ _110419_/Y (AND3x1_ASAP7_75t_R)
   0.0206    0.7014 ^ _110425_/Y (OR2x2_ASAP7_75t_R)
   0.0143    0.7158 v _110428_/Y (NAND2xp5_ASAP7_75t_R)
   0.0171    0.7329 ^ _110429_/Y (NAND2xp5_ASAP7_75t_R)
   0.0152    0.7481 v _110430_/Y (NAND2x1_ASAP7_75t_R)
   0.0285    0.7766 v _110436_/Y (XNOR2x1_ASAP7_75t_R)
   0.0263    0.8029 ^ _110445_/Y (NOR3x2_ASAP7_75t_R)
   0.0145    0.8174 v _110459_/Y (INVx4_ASAP7_75t_R)
   0.0428    0.8601 v _110460_/Y (OR3x2_ASAP7_75t_R)
   0.0262    0.8863 v _110503_/Y (BUFx4f_ASAP7_75t_R)
   0.0213    0.9076 v _110504_/Y (BUFx4f_ASAP7_75t_R)
   0.0132    0.9208 ^ _110675_/Y (NOR2xp33_ASAP7_75t_R)
   0.0137    0.9344 v _110677_/Y (NOR3xp33_ASAP7_75t_R)
   0.0177    0.9521 ^ _110681_/Y (NOR3xp33_ASAP7_75t_R)
   0.0135    0.9656 v _110689_/Y (NOR3xp33_ASAP7_75t_R)
   0.0236    0.9891 ^ _110704_/Y (NOR3xp33_ASAP7_75t_R)
   0.0184    1.0075 v _110708_/Y (NOR2x1_ASAP7_75t_R)
   0.0244    1.0320 ^ _110709_/Y (XNOR2xp5_ASAP7_75t_R)
   0.0414    1.0733 ^ _110712_/Y (AND4x1_ASAP7_75t_R)
   0.0221    1.0954 v _110713_/Y (MAJIxp5_ASAP7_75t_R)
   0.0335    1.1289 ^ _110908_/Y (MAJIxp5_ASAP7_75t_R)
   0.0408    1.1697 ^ _110909_/Y (XOR2xp5_ASAP7_75t_R)
   0.0118    1.1815 v _110910_/Y (NAND2x1_ASAP7_75t_R)
   0.0274    1.2089 v _110912_/Y (AND2x2_ASAP7_75t_R)
   0.0384    1.2473 v _110947_/Y (OR4x1_ASAP7_75t_R)
   0.0195    1.2668 ^ _110963_/Y (NAND2xp5_ASAP7_75t_R)
   0.0349    1.3017 ^ _111050_/Y (AND3x2_ASAP7_75t_R)
   0.0214    1.3231 v _111052_/Y (NOR2x1p5_ASAP7_75t_R)
   0.0200    1.3432 ^ _111161_/Y (NOR2x1p5_ASAP7_75t_R)
   0.0201    1.3633 v _111162_/Y (NOR2x1p5_ASAP7_75t_R)
   0.0229    1.3862 ^ _111235_/Y (NOR3xp33_ASAP7_75t_R)
   0.0240    1.4101 ^ _111236_/Y (OR2x2_ASAP7_75t_R)
   0.0152    1.4253 ^ _111237_/Y (BUFx3_ASAP7_75t_R)
   0.0000    1.4253 ^ _209719_/D (DFFHQNx1_ASAP7_75t_R)
             1.4253   data arrival time

   1.0000    1.0000   clock clk (rise edge)
   0.0000    1.0000   clock network delay (ideal)
  -0.0500    0.9500   clock uncertainty
   0.0000    0.9500   clock reconvergence pessimism
             0.9500 ^ _209719_/CLK (DFFHQNx1_ASAP7_75t_R)
  -0.0077    0.9423   library setup time
             0.9423   data required time
-------------------------------------------------------------
             0.9423   data required time
            -1.4253   data arrival time
-------------------------------------------------------------
            -0.4831   slack (VIOLATED)



---------- hold (min) : critical path ----------
Warning 503: atlas_matrix_unit_asap7.tcl line 1, report_checks -group_count is deprecated. Use -group_path_count instead.
Startpoint: _205527_ (rising edge-triggered flip-flop clocked by clk)
Endpoint: _206932_ (rising edge-triggered flip-flop clocked by clk)
Path Group: clk
Path Type: min

    Delay      Time   Description
-------------------------------------------------------------
   0.0000    0.0000   clock clk (rise edge)
   0.0000    0.0000   clock network delay (ideal)
   0.0000    0.0000 ^ _205527_/CLK (DFFHQNx1_ASAP7_75t_R)
   0.0501    0.0501 ^ _205527_/QN (DFFHQNx1_ASAP7_75t_R)
   0.0080    0.0581 v _150191_/Y (INVx1_ASAP7_75t_R)
   0.0000    0.0581 v _206932_/D (DFFASRHQNx1_ASAP7_75t_R)
             0.0581   data arrival time

   0.0000    0.0000   clock clk (rise edge)
   0.0000    0.0000   clock network delay (ideal)
   0.0500    0.0500   clock uncertainty
   0.0000    0.0500   clock reconvergence pessimism
             0.0500 ^ _206932_/CLK (DFFASRHQNx1_ASAP7_75t_R)
   0.0158    0.0658   library hold time
             0.0658   data required time
-------------------------------------------------------------
             0.0658   data required time
            -0.0581   data arrival time
-------------------------------------------------------------
            -0.0077   slack (VIOLATED)


Startpoint: _203368_ (rising edge-triggered flip-flop clocked by clk)
Endpoint: _203344_ (rising edge-triggered flip-flop clocked by clk)
Path Group: clk
Path Type: min

    Delay      Time   Description
-------------------------------------------------------------
   0.0000    0.0000   clock clk (rise edge)
   0.0000    0.0000   clock network delay (ideal)
   0.0000    0.0000 ^ _203368_/CLK (DFFHQNx1_ASAP7_75t_R)
   0.0501    0.0501 ^ _203368_/QN (DFFHQNx1_ASAP7_75t_R)
   0.0080    0.0581 v _104284_/Y (INVx1_ASAP7_75t_R)
   0.0000    0.0581 v _203344_/D (DFFHQNx1_ASAP7_75t_R)
             0.0581   data arrival time

   0.0000    0.0000   clock clk (rise edge)
   0.0000    0.0000   clock network delay (ideal)
   0.0500    0.0500   clock uncertainty
   0.0000    0.0500   clock reconvergence pessimism
             0.0500 ^ _203344_/CLK (DFFHQNx1_ASAP7_75t_R)
   0.0149    0.0649   library hold time
             0.0649   data required time
-------------------------------------------------------------
             0.0649   data required time
            -0.0581   data arrival time
-------------------------------------------------------------
            -0.0068   slack (VIOLATED)


Startpoint: _203438_ (rising edge-triggered flip-flop clocked by clk)
Endpoint: _203356_ (rising edge-triggered flip-flop clocked by clk)
Path Group: clk
Path Type: min

    Delay      Time   Description
-------------------------------------------------------------
   0.0000    0.0000   clock clk (rise edge)
   0.0000    0.0000   clock network delay (ideal)
   0.0000    0.0000 ^ _203438_/CLK (DFFHQNx1_ASAP7_75t_R)
   0.0501    0.0501 ^ _203438_/QN (DFFHQNx1_ASAP7_75t_R)
   0.0080    0.0581 v _149427_/Y (INVx1_ASAP7_75t_R)
   0.0000    0.0581 v _203356_/D (DFFHQNx1_ASAP7_75t_R)
             0.0581   data arrival time

   0.0000    0.0000   clock clk (rise edge)
   0.0000    0.0000   clock network delay (ideal)
   0.0500    0.0500   clock uncertainty
   0.0000    0.0500   clock reconvergence pessimism
             0.0500 ^ _203356_/CLK (DFFHQNx1_ASAP7_75t_R)
   0.0149    0.0649   library hold time
             0.0649   data required time
-------------------------------------------------------------
             0.0649   data required time
            -0.0581   data arrival time
-------------------------------------------------------------
            -0.0068   slack (VIOLATED)



---------- slack summary ----------
setup WNS : -0.4898 ns
hold  WNS : -0.0077 ns
tns max -206.81
wns max -0.49

---------- design rule checks ----------

---------- power ----------
Group                  Internal  Switching    Leakage      Total
                          Power      Power      Power      Power (Watts)
----------------------------------------------------------------
Sequential           1.7027e-02 1.1496e-03 2.3164e-06 1.8179e-02  29.6%
Combinational        1.9488e-02 2.3707e-02 4.8962e-06 4.3199e-02  70.4%
Clock                0.0000e+00 0.0000e+00 0.0000e+00 0.0000e+00   0.0%
Macro                0.0000e+00 0.0000e+00 0.0000e+00 0.0000e+00   0.0%
Pad                  0.0000e+00 0.0000e+00 0.0000e+00 0.0000e+00   0.0%
----------------------------------------------------------------
Total                3.6514e-02 2.4856e-02 7.2123e-06 6.1378e-02 100.0%
                          59.5%      40.5%       0.0%

RESULT: TIMING NOT MET (setup WNS -0.4898 ns)
