Warning 1212: /home/user/ATLAS-MICRO-2026/syn/lib/asap7_simple.lib line 71029, timing group from output port.
Warning 1212: /home/user/ATLAS-MICRO-2026/syn/lib/asap7_simple.lib line 71505, timing group from output port.
Warning 1212: /home/user/ATLAS-MICRO-2026/syn/lib/asap7_simple.lib line 71981, timing group from output port.
Warning 1212: /home/user/ATLAS-MICRO-2026/syn/lib/asap7_simple.lib line 72457, timing group from output port.
Warning 1212: /home/user/ATLAS-MICRO-2026/syn/lib/asap7_simple.lib line 72933, timing group from output port.
Warning 1212: /home/user/ATLAS-MICRO-2026/syn/lib/asap7_simple.lib line 73409, timing group from output port.
Warning 1212: /home/user/ATLAS-MICRO-2026/syn/lib/asap7_simple.lib line 73885, timing group from output port.
Warning 1212: /home/user/ATLAS-MICRO-2026/syn/lib/asap7_simple.lib line 81795, timing group from output port.
Warning 1212: /home/user/ATLAS-MICRO-2026/syn/lib/asap7_simple.lib line 82271, timing group from output port.
Warning 1212: /home/user/ATLAS-MICRO-2026/syn/lib/asap7_simple.lib line 82747, timing group from output port.
==========================================================
  ATLAS static timing analysis
==========================================================
 time 1ns
 capacitance 1fF
 resistance 1kohm
 voltage 1v
 current 1mA
 power 1pW
 distance 1um

---------- clocks ----------
Clock                   Period          Waveform
----------------------------------------------------
clk                       1.00        0.00      0.50

---------- setup (max) : critical path ----------
Warning 503: atlas_sfu_asap7.tcl line 1, report_checks -group_count is deprecated. Use -group_path_count instead.
Startpoint: _54082_ (rising edge-triggered flip-flop clocked by clk)
Endpoint: _54117_ (rising edge-triggered flip-flop clocked by clk)
Path Group: clk
Path Type: max

    Delay      Time   Description
-------------------------------------------------------------
   0.0000    0.0000   clock clk (rise edge)
   0.0000    0.0000   clock network delay (ideal)
   0.0000    0.0000 ^ _54082_/CLK (DFFHQNx1_ASAP7_75t_R)
   0.0799    0.0799 ^ _54082_/QN (DFFHQNx1_ASAP7_75t_R)
   0.0370    0.1168 ^ _28178_/Y (XNOR2x1_ASAP7_75t_R)
   0.0241    0.1410 ^ _28226_/Y (XNOR2xp5_ASAP7_75t_R)
   0.0450    0.1860 v _28227_/Y (XNOR2x2_ASAP7_75t_R)
   0.0287    0.2147 v _28917_/Y (XOR2x1_ASAP7_75t_R)
   0.0314    0.2461 v _28918_/Y (XNOR2x1_ASAP7_75t_R)
   0.0302    0.2762 v _28940_/Y (XOR2x1_ASAP7_75t_R)
   0.0253    0.3015 v _28941_/Y (XNOR2x1_ASAP7_75t_R)
   0.0283    0.3298 v _28944_/Y (XNOR2xp5_ASAP7_75t_R)
   0.0417    0.3715 ^ _28953_/Y (XOR2x2_ASAP7_75t_R)
   0.0213    0.3928 ^ _28979_/Y (XOR2x1_ASAP7_75t_R)
   0.0203    0.4132 ^ _28981_/Y (OR2x2_ASAP7_75t_R)
   0.0090    0.4222 v _28992_/Y (NAND2xp33_ASAP7_75t_R)
   0.0149    0.4371 ^ _28993_/Y (NAND2xp33_ASAP7_75t_R)
   0.0155    0.4526 v _29015_/Y (NAND3xp33_ASAP7_75t_R)
   0.0123    0.4649 ^ _29016_/Y (NAND2xp5_ASAP7_75t_R)
   0.0242    0.4891 v _29017_/Y (NAND5xp2_ASAP7_75t_R)
   0.0203    0.5094 ^ _29018_/Y (NAND2xp5_ASAP7_75t_R)
   0.0176    0.5270 v _29019_/Y (MAJIxp5_ASAP7_75t_R)
   0.0224    0.5495 ^ _29020_/Y (MAJIxp5_ASAP7_75t_R)
   0.0187    0.5682 v _29021_/Y (MAJIxp5_ASAP7_75t_R)
   0.0224    0.5906 ^ _29022_/Y (MAJIxp5_ASAP7_75t_R)
   0.0187    0.6093 v _29023_/Y (MAJIxp5_ASAP7_75t_R)
   0.0224    0.6316 ^ _29024_/Y (MAJIxp5_ASAP7_75t_R)
   0.0154    0.6470 v _29025_/Y (MAJIxp5_ASAP7_75t_R)
   0.0241    0.6711 ^ _29027_/Y (NOR3xp33_ASAP7_75t_R)
   0.0296    0.7007 ^ _29028_/Y (MAJx2_ASAP7_75t_R)
   0.0149    0.7157 v _29029_/Y (MAJIxp5_ASAP7_75t_R)
   0.0224    0.7381 ^ _29030_/Y (MAJIxp5_ASAP7_75t_R)
   0.0163    0.7543 v _29031_/Y (MAJIxp5_ASAP7_75t_R)
   0.0332    0.7875 v _29042_/Y (OR4x1_ASAP7_75t_R)
   0.0236    0.8112 v _29044_/Y (AND2x2_ASAP7_75t_R)
   0.0262    0.8374 ^ _29045_/Y (MAJIxp5_ASAP7_75t_R)
   0.0282    0.8656 v _29046_/Y (MAJIxp5_ASAP7_75t_R)
   0.0337    0.8993 ^ _29047_/Y (MAJIxp5_ASAP7_75t_R)
   0.0277    0.9271 v _29048_/Y (MAJIxp5_ASAP7_75t_R)
   0.0324    0.9594 ^ _29049_/Y (MAJIxp5_ASAP7_75t_R)
   0.0277    0.9872 v _29050_/Y (MAJIxp5_ASAP7_75t_R)
   0.0324    1.0195 ^ _29051_/Y (MAJIxp5_ASAP7_75t_R)
   0.0277    1.0472 v _29052_/Y (MAJIxp5_ASAP7_75t_R)
   0.0332    1.0805 ^ _29053_/Y (MAJIxp5_ASAP7_75t_R)
   0.0283    1.1088 v _29054_/Y (MAJIxp5_ASAP7_75t_R)
   0.0336    1.1424 ^ _29055_/Y (MAJIxp5_ASAP7_75t_R)
   0.0283    1.1707 v _29056_/Y (MAJIxp5_ASAP7_75t_R)
   0.0343    1.2051 ^ _29057_/Y (MAJIxp5_ASAP7_75t_R)
   0.0286    1.2337 v _29058_/Y (MAJIxp5_ASAP7_75t_R)
   0.0408    1.2745 ^ _29059_/Y (MAJIxp5_ASAP7_75t_R)
   0.0374    1.3119 v _29060_/Y (MAJIxp5_ASAP7_75t_R)
   0.0440    1.3558 ^ _29061_/Y (MAJIxp5_ASAP7_75t_R)
   0.0374    1.3933 v _29062_/Y (MAJIxp5_ASAP7_75t_R)
   0.0403    1.4336 ^ _29063_/Y (MAJIxp5_ASAP7_75t_R)
   0.0297    1.4633 v _39197_/Y (MAJIxp5_ASAP7_75t_R)
   0.0307    1.4940 ^ _39231_/Y (MAJIxp5_ASAP7_75t_R)
   0.0268    1.5208 v _39258_/Y (MAJIxp5_ASAP7_75t_R)
   0.0298    1.5506 ^ _39289_/Y (MAJIxp5_ASAP7_75t_R)
   0.0268    1.5774 v _39319_/Y (MAJIxp5_ASAP7_75t_R)
   0.0299    1.6073 ^ _39346_/Y (MAJIxp5_ASAP7_75t_R)
   0.0268    1.6342 v _39371_/Y (MAJIxp5_ASAP7_75t_R)
   0.0296    1.6638 ^ _39392_/Y (MAJIxp5_ASAP7_75t_R)
   0.0268    1.6906 v _39416_/Y (MAJIxp5_ASAP7_75t_R)
   0.0299    1.7205 ^ _39442_/Y (MAJIxp5_ASAP7_75t_R)
   0.0262    1.7467 v _39465_/Y (MAJIxp5_ASAP7_75t_R)
   0.0327    1.7794 v _39479_/Y (OR2x2_ASAP7_75t_R)
   0.0141    1.7935 ^ _39485_/Y (NAND3x2_ASAP7_75t_R)
   0.0000    1.7935 ^ _54117_/D (DFFHQNx1_ASAP7_75t_R)
             1.7935   data arrival time

   1.0000    1.0000   clock clk (rise edge)
   0.0000    1.0000   clock network delay (ideal)
  -0.0500    0.9500   clock uncertainty
   0.0000    0.9500   clock reconvergence pessimism
             0.9500 ^ _54117_/CLK (DFFHQNx1_ASAP7_75t_R)
  -0.0107    0.9393   library setup time
             0.9393   data required time
-------------------------------------------------------------
             0.9393   data required time
            -1.7935   data arrival time
-------------------------------------------------------------
            -0.8542   slack (VIOLATED)


Startpoint: _54082_ (rising edge-triggered flip-flop clocked by clk)
Endpoint: _54116_ (rising edge-triggered flip-flop clocked by clk)
Path Group: clk
Path Type: max

    Delay      Time   Description
-------------------------------------------------------------
   0.0000    0.0000   clock clk (rise edge)
   0.0000    0.0000   clock network delay (ideal)
   0.0000    0.0000 ^ _54082_/CLK (DFFHQNx1_ASAP7_75t_R)
   0.0799    0.0799 ^ _54082_/QN (DFFHQNx1_ASAP7_75t_R)
   0.0370    0.1168 ^ _28178_/Y (XNOR2x1_ASAP7_75t_R)
   0.0241    0.1410 ^ _28226_/Y (XNOR2xp5_ASAP7_75t_R)
   0.0450    0.1860 v _28227_/Y (XNOR2x2_ASAP7_75t_R)
   0.0287    0.2147 v _28917_/Y (XOR2x1_ASAP7_75t_R)
   0.0314    0.2461 v _28918_/Y (XNOR2x1_ASAP7_75t_R)
   0.0302    0.2762 v _28940_/Y (XOR2x1_ASAP7_75t_R)
   0.0253    0.3015 v _28941_/Y (XNOR2x1_ASAP7_75t_R)
   0.0283    0.3298 v _28944_/Y (XNOR2xp5_ASAP7_75t_R)
   0.0417    0.3715 ^ _28953_/Y (XOR2x2_ASAP7_75t_R)
   0.0213    0.3928 ^ _28979_/Y (XOR2x1_ASAP7_75t_R)
   0.0203    0.4132 ^ _28981_/Y (OR2x2_ASAP7_75t_R)
   0.0090    0.4222 v _28992_/Y (NAND2xp33_ASAP7_75t_R)
   0.0149    0.4371 ^ _28993_/Y (NAND2xp33_ASAP7_75t_R)
   0.0155    0.4526 v _29015_/Y (NAND3xp33_ASAP7_75t_R)
   0.0123    0.4649 ^ _29016_/Y (NAND2xp5_ASAP7_75t_R)
   0.0242    0.4891 v _29017_/Y (NAND5xp2_ASAP7_75t_R)
   0.0203    0.5094 ^ _29018_/Y (NAND2xp5_ASAP7_75t_R)
   0.0176    0.5270 v _29019_/Y (MAJIxp5_ASAP7_75t_R)
   0.0224    0.5495 ^ _29020_/Y (MAJIxp5_ASAP7_75t_R)
   0.0187    0.5682 v _29021_/Y (MAJIxp5_ASAP7_75t_R)
   0.0224    0.5906 ^ _29022_/Y (MAJIxp5_ASAP7_75t_R)
   0.0187    0.6093 v _29023_/Y (MAJIxp5_ASAP7_75t_R)
   0.0224    0.6316 ^ _29024_/Y (MAJIxp5_ASAP7_75t_R)
   0.0154    0.6470 v _29025_/Y (MAJIxp5_ASAP7_75t_R)
   0.0241    0.6711 ^ _29027_/Y (NOR3xp33_ASAP7_75t_R)
   0.0296    0.7007 ^ _29028_/Y (MAJx2_ASAP7_75t_R)
   0.0149    0.7157 v _29029_/Y (MAJIxp5_ASAP7_75t_R)
   0.0224    0.7381 ^ _29030_/Y (MAJIxp5_ASAP7_75t_R)
   0.0163    0.7543 v _29031_/Y (MAJIxp5_ASAP7_75t_R)
   0.0332    0.7875 v _29042_/Y (OR4x1_ASAP7_75t_R)
   0.0236    0.8112 v _29044_/Y (AND2x2_ASAP7_75t_R)
   0.0262    0.8374 ^ _29045_/Y (MAJIxp5_ASAP7_75t_R)
   0.0282    0.8656 v _29046_/Y (MAJIxp5_ASAP7_75t_R)
   0.0337    0.8993 ^ _29047_/Y (MAJIxp5_ASAP7_75t_R)
   0.0277    0.9271 v _29048_/Y (MAJIxp5_ASAP7_75t_R)
   0.0324    0.9594 ^ _29049_/Y (MAJIxp5_ASAP7_75t_R)
   0.0277    0.9872 v _29050_/Y (MAJIxp5_ASAP7_75t_R)
   0.0324    1.0195 ^ _29051_/Y (MAJIxp5_ASAP7_75t_R)
   0.0277    1.0472 v _29052_/Y (MAJIxp5_ASAP7_75t_R)
   0.0332    1.0805 ^ _29053_/Y (MAJIxp5_ASAP7_75t_R)
   0.0283    1.1088 v _29054_/Y (MAJIxp5_ASAP7_75t_R)
   0.0336    1.1424 ^ _29055_/Y (MAJIxp5_ASAP7_75t_R)
   0.0283    1.1707 v _29056_/Y (MAJIxp5_ASAP7_75t_R)
   0.0343    1.2051 ^ _29057_/Y (MAJIxp5_ASAP7_75t_R)
   0.0286    1.2337 v _29058_/Y (MAJIxp5_ASAP7_75t_R)
   0.0408    1.2745 ^ _29059_/Y (MAJIxp5_ASAP7_75t_R)
   0.0374    1.3119 v _29060_/Y (MAJIxp5_ASAP7_75t_R)
   0.0440    1.3558 ^ _29061_/Y (MAJIxp5_ASAP7_75t_R)
   0.0374    1.3933 v _29062_/Y (MAJIxp5_ASAP7_75t_R)
   0.0403    1.4336 ^ _29063_/Y (MAJIxp5_ASAP7_75t_R)
   0.0297    1.4633 v _39197_/Y (MAJIxp5_ASAP7_75t_R)
   0.0307    1.4940 ^ _39231_/Y (MAJIxp5_ASAP7_75t_R)
   0.0268    1.5208 v _39258_/Y (MAJIxp5_ASAP7_75t_R)
   0.0298    1.5506 ^ _39289_/Y (MAJIxp5_ASAP7_75t_R)
   0.0268    1.5774 v _39319_/Y (MAJIxp5_ASAP7_75t_R)
   0.0299    1.6073 ^ _39346_/Y (MAJIxp5_ASAP7_75t_R)
   0.0268    1.6342 v _39371_/Y (MAJIxp5_ASAP7_75t_R)
   0.0296    1.6638 ^ _39392_/Y (MAJIxp5_ASAP7_75t_R)
   0.0268    1.6906 v _39416_/Y (MAJIxp5_ASAP7_75t_R)
   0.0299    1.7205 ^ _39442_/Y (MAJIxp5_ASAP7_75t_R)
   0.0262    1.7467 v _39465_/Y (MAJIxp5_ASAP7_75t_R)
   0.0193    1.7661 ^ _39477_/Y (XOR2xp5_ASAP7_75t_R)
   0.0000    1.7661 ^ _54116_/D (DFFHQNx1_ASAP7_75t_R)
             1.7661   data arrival time

   1.0000    1.0000   clock clk (rise edge)
   0.0000    1.0000   clock network delay (ideal)
  -0.0500    0.9500   clock uncertainty
   0.0000    0.9500   clock reconvergence pessimism
             0.9500 ^ _54116_/CLK (DFFHQNx1_ASAP7_75t_R)
  -0.0104    0.9396   library setup time
             0.9396   data required time
-------------------------------------------------------------
             0.9396   data required time
            -1.7661   data arrival time
-------------------------------------------------------------
            -0.8265   slack (VIOLATED)


Startpoint: _54082_ (rising edge-triggered flip-flop clocked by clk)
Endpoint: _54115_ (rising edge-triggered flip-flop clocked by clk)
Path Group: clk
Path Type: max

    Delay      Time   Description
-------------------------------------------------------------
   0.0000    0.0000   clock clk (rise edge)
   0.0000    0.0000   clock network delay (ideal)
   0.0000    0.0000 ^ _54082_/CLK (DFFHQNx1_ASAP7_75t_R)
   0.0799    0.0799 ^ _54082_/QN (DFFHQNx1_ASAP7_75t_R)
   0.0370    0.1168 ^ _28178_/Y (XNOR2x1_ASAP7_75t_R)
   0.0241    0.1410 ^ _28226_/Y (XNOR2xp5_ASAP7_75t_R)
   0.0450    0.1860 v _28227_/Y (XNOR2x2_ASAP7_75t_R)
   0.0287    0.2147 v _28917_/Y (XOR2x1_ASAP7_75t_R)
   0.0314    0.2461 v _28918_/Y (XNOR2x1_ASAP7_75t_R)
   0.0302    0.2762 v _28940_/Y (XOR2x1_ASAP7_75t_R)
   0.0253    0.3015 v _28941_/Y (XNOR2x1_ASAP7_75t_R)
   0.0283    0.3298 v _28944_/Y (XNOR2xp5_ASAP7_75t_R)
   0.0417    0.3715 ^ _28953_/Y (XOR2x2_ASAP7_75t_R)
   0.0213    0.3928 ^ _28979_/Y (XOR2x1_ASAP7_75t_R)
   0.0203    0.4132 ^ _28981_/Y (OR2x2_ASAP7_75t_R)
   0.0090    0.4222 v _28992_/Y (NAND2xp33_ASAP7_75t_R)
   0.0149    0.4371 ^ _28993_/Y (NAND2xp33_ASAP7_75t_R)
   0.0155    0.4526 v _29015_/Y (NAND3xp33_ASAP7_75t_R)
   0.0123    0.4649 ^ _29016_/Y (NAND2xp5_ASAP7_75t_R)
   0.0242    0.4891 v _29017_/Y (NAND5xp2_ASAP7_75t_R)
   0.0203    0.5094 ^ _29018_/Y (NAND2xp5_ASAP7_75t_R)
   0.0176    0.5270 v _29019_/Y (MAJIxp5_ASAP7_75t_R)
   0.0224    0.5495 ^ _29020_/Y (MAJIxp5_ASAP7_75t_R)
   0.0187    0.5682 v _29021_/Y (MAJIxp5_ASAP7_75t_R)
   0.0224    0.5906 ^ _29022_/Y (MAJIxp5_ASAP7_75t_R)
   0.0187    0.6093 v _29023_/Y (MAJIxp5_ASAP7_75t_R)
   0.0224    0.6316 ^ _29024_/Y (MAJIxp5_ASAP7_75t_R)
   0.0154    0.6470 v _29025_/Y (MAJIxp5_ASAP7_75t_R)
   0.0241    0.6711 ^ _29027_/Y (NOR3xp33_ASAP7_75t_R)
   0.0296    0.7007 ^ _29028_/Y (MAJx2_ASAP7_75t_R)
   0.0149    0.7157 v _29029_/Y (MAJIxp5_ASAP7_75t_R)
   0.0224    0.7381 ^ _29030_/Y (MAJIxp5_ASAP7_75t_R)
   0.0163    0.7543 v _29031_/Y (MAJIxp5_ASAP7_75t_R)
   0.0332    0.7875 v _29042_/Y (OR4x1_ASAP7_75t_R)
   0.0236    0.8112 v _29044_/Y (AND2x2_ASAP7_75t_R)
   0.0262    0.8374 ^ _29045_/Y (MAJIxp5_ASAP7_75t_R)
   0.0282    0.8656 v _29046_/Y (MAJIxp5_ASAP7_75t_R)
   0.0337    0.8993 ^ _29047_/Y (MAJIxp5_ASAP7_75t_R)
   0.0277    0.9271 v _29048_/Y (MAJIxp5_ASAP7_75t_R)
   0.0324    0.9594 ^ _29049_/Y (MAJIxp5_ASAP7_75t_R)
   0.0277    0.9872 v _29050_/Y (MAJIxp5_ASAP7_75t_R)
   0.0324    1.0195 ^ _29051_/Y (MAJIxp5_ASAP7_75t_R)
   0.0277    1.0472 v _29052_/Y (MAJIxp5_ASAP7_75t_R)
   0.0332    1.0805 ^ _29053_/Y (MAJIxp5_ASAP7_75t_R)
   0.0283    1.1088 v _29054_/Y (MAJIxp5_ASAP7_75t_R)
   0.0336    1.1424 ^ _29055_/Y (MAJIxp5_ASAP7_75t_R)
   0.0283    1.1707 v _29056_/Y (MAJIxp5_ASAP7_75t_R)
   0.0343    1.2051 ^ _29057_/Y (MAJIxp5_ASAP7_75t_R)
   0.0286    1.2337 v _29058_/Y (MAJIxp5_ASAP7_75t_R)
   0.0408    1.2745 ^ _29059_/Y (MAJIxp5_ASAP7_75t_R)
   0.0374    1.3119 v _29060_/Y (MAJIxp5_ASAP7_75t_R)
   0.0440    1.3558 ^ _29061_/Y (MAJIxp5_ASAP7_75t_R)
   0.0374    1.3933 v _29062_/Y (MAJIxp5_ASAP7_75t_R)
   0.0403    1.4336 ^ _29063_/Y (MAJIxp5_ASAP7_75t_R)
   0.0297    1.4633 v _39197_/Y (MAJIxp5_ASAP7_75t_R)
   0.0307    1.4940 ^ _39231_/Y (MAJIxp5_ASAP7_75t_R)
   0.0268    1.5208 v _39258_/Y (MAJIxp5_ASAP7_75t_R)
   0.0298    1.5506 ^ _39289_/Y (MAJIxp5_ASAP7_75t_R)
   0.0268    1.5774 v _39319_/Y (MAJIxp5_ASAP7_75t_R)
   0.0299    1.6073 ^ _39346_/Y (MAJIxp5_ASAP7_75t_R)
   0.0268    1.6342 v _39371_/Y (MAJIxp5_ASAP7_75t_R)
   0.0296    1.6638 ^ _39392_/Y (MAJIxp5_ASAP7_75t_R)
   0.0268    1.6906 v _39416_/Y (MAJIxp5_ASAP7_75t_R)
   0.0299    1.7205 ^ _39442_/Y (MAJIxp5_ASAP7_75t_R)
   0.0230    1.7435 ^ _39464_/Y (XNOR2xp5_ASAP7_75t_R)
   0.0000    1.7435 ^ _54115_/D (DFFHQNx1_ASAP7_75t_R)
             1.7435   data arrival time

   1.0000    1.0000   clock clk (rise edge)
   0.0000    1.0000   clock network delay (ideal)
  -0.0500    0.9500   clock uncertainty
   0.0000    0.9500   clock reconvergence pessimism
             0.9500 ^ _54115_/CLK (DFFHQNx1_ASAP7_75t_R)
  -0.0104    0.9396   library setup time
             0.9396   data required time
-------------------------------------------------------------
             0.9396   data required time
            -1.7435   data arrival time
-------------------------------------------------------------
            -0.8039   slack (VIOLATED)



---------- hold (min) : critical path ----------
Warning 503: atlas_sfu_asap7.tcl line 1, report_checks -group_count is deprecated. Use -group_path_count instead.
Startpoint: _53987_ (rising edge-triggered flip-flop clocked by clk)
Endpoint: _53985_ (rising edge-triggered flip-flop clocked by clk)
Path Group: clk
Path Type: min

    Delay      Time   Description
-------------------------------------------------------------
   0.0000    0.0000   clock clk (rise edge)
   0.0000    0.0000   clock network delay (ideal)
   0.0000    0.0000 ^ _53987_/CLK (DFFHQNx1_ASAP7_75t_R)
   0.0501    0.0501 ^ _53987_/QN (DFFHQNx1_ASAP7_75t_R)
   0.0080    0.0581 v _48269_/Y (INVx1_ASAP7_75t_R)
   0.0000    0.0581 v _53985_/D (DFFHQNx1_ASAP7_75t_R)
             0.0581   data arrival time

   0.0000    0.0000   clock clk (rise edge)
   0.0000    0.0000   clock network delay (ideal)
   0.0500    0.0500   clock uncertainty
   0.0000    0.0500   clock reconvergence pessimism
             0.0500 ^ _53985_/CLK (DFFHQNx1_ASAP7_75t_R)
   0.0149    0.0649   library hold time
             0.0649   data required time
-------------------------------------------------------------
             0.0649   data required time
            -0.0581   data arrival time
-------------------------------------------------------------
            -0.0068   slack (VIOLATED)


Startpoint: _53988_ (rising edge-triggered flip-flop clocked by clk)
Endpoint: _53986_ (rising edge-triggered flip-flop clocked by clk)
Path Group: clk
Path Type: min

    Delay      Time   Description
-------------------------------------------------------------
   0.0000    0.0000   clock clk (rise edge)
   0.0000    0.0000   clock network delay (ideal)
   0.0000    0.0000 ^ _53988_/CLK (DFFHQNx1_ASAP7_75t_R)
   0.0501    0.0501 ^ _53988_/QN (DFFHQNx1_ASAP7_75t_R)
   0.0080    0.0581 v _48270_/Y (INVx1_ASAP7_75t_R)
   0.0000    0.0581 v _53986_/D (DFFHQNx1_ASAP7_75t_R)
             0.0581   data arrival time

   0.0000    0.0000   clock clk (rise edge)
   0.0000    0.0000   clock network delay (ideal)
   0.0500    0.0500   clock uncertainty
   0.0000    0.0500   clock reconvergence pessimism
             0.0500 ^ _53986_/CLK (DFFHQNx1_ASAP7_75t_R)
   0.0149    0.0649   library hold time
             0.0649   data required time
-------------------------------------------------------------
             0.0649   data required time
            -0.0581   data arrival time
-------------------------------------------------------------
            -0.0068   slack (VIOLATED)


Startpoint: _53989_ (rising edge-triggered flip-flop clocked by clk)
Endpoint: _53987_ (rising edge-triggered flip-flop clocked by clk)
Path Group: clk
Path Type: min

    Delay      Time   Description
-------------------------------------------------------------
   0.0000    0.0000   clock clk (rise edge)
   0.0000    0.0000   clock network delay (ideal)
   0.0000    0.0000 ^ _53989_/CLK (DFFHQNx1_ASAP7_75t_R)
   0.0501    0.0501 ^ _53989_/QN (DFFHQNx1_ASAP7_75t_R)
   0.0080    0.0581 v _48271_/Y (INVx1_ASAP7_75t_R)
   0.0000    0.0581 v _53987_/D (DFFHQNx1_ASAP7_75t_R)
             0.0581   data arrival time

   0.0000    0.0000   clock clk (rise edge)
   0.0000    0.0000   clock network delay (ideal)
   0.0500    0.0500   clock uncertainty
   0.0000    0.0500   clock reconvergence pessimism
             0.0500 ^ _53987_/CLK (DFFHQNx1_ASAP7_75t_R)
   0.0149    0.0649   library hold time
             0.0649   data required time
-------------------------------------------------------------
             0.0649   data required time
            -0.0581   data arrival time
-------------------------------------------------------------
            -0.0068   slack (VIOLATED)



---------- slack summary ----------
setup WNS : -0.8542 ns
hold  WNS : -0.0068 ns
tns max -131.59
wns max -0.85

---------- design rule checks ----------

---------- power ----------
Group                  Internal  Switching    Leakage      Total
                          Power      Power      Power      Power (Watts)
----------------------------------------------------------------
Sequential           3.7032e-03 1.5711e-04 2.3218e-07 3.8605e-03   4.2%
Combinational        3.7529e-02 4.9632e-02 1.1020e-06 8.7162e-02  95.8%
Clock                0.0000e+00 0.0000e+00 0.0000e+00 0.0000e+00   0.0%
Macro                0.0000e+00 0.0000e+00 0.0000e+00 0.0000e+00   0.0%
Pad                  0.0000e+00 0.0000e+00 0.0000e+00 0.0000e+00   0.0%
----------------------------------------------------------------
Total                4.1232e-02 4.9789e-02 1.3342e-06 9.1022e-02 100.0%
                          45.3%      54.7%       0.0%

RESULT: TIMING NOT MET (setup WNS -0.8542 ns)
