Warning 1212: /home/user/ATLAS-MICRO-2026/syn/lib/asap7_simple.lib line 71029, timing group from output port.
Warning 1212: /home/user/ATLAS-MICRO-2026/syn/lib/asap7_simple.lib line 71505, timing group from output port.
Warning 1212: /home/user/ATLAS-MICRO-2026/syn/lib/asap7_simple.lib line 71981, timing group from output port.
Warning 1212: /home/user/ATLAS-MICRO-2026/syn/lib/asap7_simple.lib line 72457, timing group from output port.
Warning 1212: /home/user/ATLAS-MICRO-2026/syn/lib/asap7_simple.lib line 72933, timing group from output port.
Warning 1212: /home/user/ATLAS-MICRO-2026/syn/lib/asap7_simple.lib line 73409, timing group from output port.
Warning 1212: /home/user/ATLAS-MICRO-2026/syn/lib/asap7_simple.lib line 73885, timing group from output port.
Warning 1212: /home/user/ATLAS-MICRO-2026/syn/lib/asap7_simple.lib line 81795, timing group from output port.
Warning 1212: /home/user/ATLAS-MICRO-2026/syn/lib/asap7_simple.lib line 82271, timing group from output port.
Warning 1212: /home/user/ATLAS-MICRO-2026/syn/lib/asap7_simple.lib line 82747, timing group from output port.
==========================================================
  ATLAS static timing analysis
==========================================================
 time 1ns
 capacitance 1fF
 resistance 1kohm
 voltage 1v
 current 1mA
 power 1pW
 distance 1um

---------- clocks ----------
Clock                   Period          Waveform
----------------------------------------------------
clk                       1.00        0.00      0.50

---------- setup (max) : critical path ----------
Warning 503: atlas_noc_router_asap7.tcl line 1, report_checks -group_count is deprecated. Use -group_path_count instead.
Startpoint: _47745_ (rising edge-triggered flip-flop clocked by clk)
Endpoint: _47788_ (rising edge-triggered flip-flop clocked by clk)
Path Group: clk
Path Type: max

    Delay      Time   Description
-------------------------------------------------------------
   0.0000    0.0000   clock clk (rise edge)
   0.0000    0.0000   clock network delay (ideal)
   0.0000    0.0000 ^ _47745_/CLK (DFFASRHQNx1_ASAP7_75t_R)
   0.0541    0.0541 v _47745_/QN (DFFASRHQNx1_ASAP7_75t_R)
   0.0449    0.0990 v _24924_/Y (HB1xp67_ASAP7_75t_R)
   0.0478    0.1468 ^ _31271_/Y (NAND2xp33_ASAP7_75t_R)
   0.0237    0.1705 v _31297_/Y (NOR2xp33_ASAP7_75t_R)
   0.0752    0.2458 ^ _31300_/Y (NOR4xp25_ASAP7_75t_R)
   0.0426    0.2884 ^ _31302_/Y (OR2x2_ASAP7_75t_R)
   0.0480    0.3363 v _31443_/Y (NAND4xp25_ASAP7_75t_R)
   0.0328    0.3692 ^ _31447_/Y (NOR2xp33_ASAP7_75t_R)
   0.0464    0.4155 v _31448_/Y (NOR2xp33_ASAP7_75t_R)
   0.0216    0.4372 ^ _32434_/Y (NOR2xp33_ASAP7_75t_R)
   0.0167    0.4539 v _32435_/Y (NOR2xp33_ASAP7_75t_R)
   0.0201    0.4739 ^ _32439_/Y (NOR4xp25_ASAP7_75t_R)
   0.0189    0.4928 v _32440_/Y (NOR2xp33_ASAP7_75t_R)
   0.0564    0.5492 ^ _32450_/Y (NOR3xp33_ASAP7_75t_R)
   0.0458    0.5950 v _32554_/Y (INVxp33_ASAP7_75t_R)
   0.0244    0.6195 ^ _32608_/Y (NAND5xp2_ASAP7_75t_R)
   0.0332    0.6527 ^ _32609_/Y (BUFx2_ASAP7_75t_R)
   0.0222    0.6748 ^ _32610_/Y (OR2x2_ASAP7_75t_R)
   0.0405    0.7153 ^ _32655_/Y (AND5x1_ASAP7_75t_R)
   0.0385    0.7538 ^ _32656_/Y (HB1xp67_ASAP7_75t_R)
   0.0293    0.7831 v _32702_/Y (NOR2xp33_ASAP7_75t_R)
   0.0475    0.8307 v _33238_/Y (HB1xp67_ASAP7_75t_R)
   0.0526    0.8833 v _33239_/Y (HB1xp67_ASAP7_75t_R)
   0.0326    0.9159 v _33247_/Y (AND2x2_ASAP7_75t_R)
   0.0297    0.9457 ^ _33248_/Y (NOR5xp2_ASAP7_75t_R)
   0.0210    0.9667 v _33249_/Y (NOR2xp33_ASAP7_75t_R)
   0.0260    0.9927 v _33250_/Y (OR2x2_ASAP7_75t_R)
   0.0189    1.0116 v _33251_/Y (HB1xp67_ASAP7_75t_R)
   0.0000    1.0116 v _47788_/D (DFFHQNx1_ASAP7_75t_R)
             1.0116   data arrival time

   1.0000    1.0000   clock clk (rise edge)
   0.0000    1.0000   clock network delay (ideal)
  -0.0500    0.9500   clock uncertainty
   0.0000    0.9500   clock reconvergence pessimism
             0.9500 ^ _47788_/CLK (DFFHQNx1_ASAP7_75t_R)
  -0.0006    0.9494   library setup time
             0.9494   data required time
-------------------------------------------------------------
             0.9494   data required time
            -1.0116   data arrival time
-------------------------------------------------------------
            -0.0622   slack (VIOLATED)


Startpoint: _47745_ (rising edge-triggered flip-flop clocked by clk)
Endpoint: _47789_ (rising edge-triggered flip-flop clocked by clk)
Path Group: clk
Path Type: max

    Delay      Time   Description
-------------------------------------------------------------
   0.0000    0.0000   clock clk (rise edge)
   0.0000    0.0000   clock network delay (ideal)
   0.0000    0.0000 ^ _47745_/CLK (DFFASRHQNx1_ASAP7_75t_R)
   0.0541    0.0541 v _47745_/QN (DFFASRHQNx1_ASAP7_75t_R)
   0.0449    0.0990 v _24924_/Y (HB1xp67_ASAP7_75t_R)
   0.0478    0.1468 ^ _31271_/Y (NAND2xp33_ASAP7_75t_R)
   0.0237    0.1705 v _31297_/Y (NOR2xp33_ASAP7_75t_R)
   0.0752    0.2458 ^ _31300_/Y (NOR4xp25_ASAP7_75t_R)
   0.0426    0.2884 ^ _31302_/Y (OR2x2_ASAP7_75t_R)
   0.0480    0.3363 v _31443_/Y (NAND4xp25_ASAP7_75t_R)
   0.0328    0.3692 ^ _31447_/Y (NOR2xp33_ASAP7_75t_R)
   0.0464    0.4155 v _31448_/Y (NOR2xp33_ASAP7_75t_R)
   0.0216    0.4372 ^ _32434_/Y (NOR2xp33_ASAP7_75t_R)
   0.0167    0.4539 v _32435_/Y (NOR2xp33_ASAP7_75t_R)
   0.0201    0.4739 ^ _32439_/Y (NOR4xp25_ASAP7_75t_R)
   0.0189    0.4928 v _32440_/Y (NOR2xp33_ASAP7_75t_R)
   0.0564    0.5492 ^ _32450_/Y (NOR3xp33_ASAP7_75t_R)
   0.0458    0.5950 v _32554_/Y (INVxp33_ASAP7_75t_R)
   0.0244    0.6195 ^ _32608_/Y (NAND5xp2_ASAP7_75t_R)
   0.0332    0.6527 ^ _32609_/Y (BUFx2_ASAP7_75t_R)
   0.0222    0.6748 ^ _32610_/Y (OR2x2_ASAP7_75t_R)
   0.0405    0.7153 ^ _32655_/Y (AND5x1_ASAP7_75t_R)
   0.0385    0.7538 ^ _32656_/Y (HB1xp67_ASAP7_75t_R)
   0.0293    0.7831 v _32702_/Y (NOR2xp33_ASAP7_75t_R)
   0.0475    0.8307 v _33238_/Y (HB1xp67_ASAP7_75t_R)
   0.0526    0.8833 v _33239_/Y (HB1xp67_ASAP7_75t_R)
   0.0326    0.9159 v _33299_/Y (AND2x2_ASAP7_75t_R)
   0.0297    0.9457 ^ _33300_/Y (NOR5xp2_ASAP7_75t_R)
   0.0210    0.9667 v _33301_/Y (NOR2xp33_ASAP7_75t_R)
   0.0260    0.9927 v _33302_/Y (OR2x2_ASAP7_75t_R)
   0.0189    1.0116 v _33303_/Y (HB1xp67_ASAP7_75t_R)
   0.0000    1.0116 v _47789_/D (DFFHQNx1_ASAP7_75t_R)
             1.0116   data arrival time

   1.0000    1.0000   clock clk (rise edge)
   0.0000    1.0000   clock network delay (ideal)
  -0.0500    0.9500   clock uncertainty
   0.0000    0.9500   clock reconvergence pessimism
             0.9500 ^ _47789_/CLK (DFFHQNx1_ASAP7_75t_R)
  -0.0006    0.9494   library setup time
             0.9494   data required time
-------------------------------------------------------------
             0.9494   data required time
            -1.0116   data arrival time
-------------------------------------------------------------
            -0.0622   slack (VIOLATED)


Startpoint: _47745_ (rising edge-triggered flip-flop clocked by clk)
Endpoint: _47790_ (rising edge-triggered flip-flop clocked by clk)
Path Group: clk
Path Type: max

    Delay      Time   Description
-------------------------------------------------------------
   0.0000    0.0000   clock clk (rise edge)
   0.0000    0.0000   clock network delay (ideal)
   0.0000    0.0000 ^ _47745_/CLK (DFFASRHQNx1_ASAP7_75t_R)
   0.0541    0.0541 v _47745_/QN (DFFASRHQNx1_ASAP7_75t_R)
   0.0449    0.0990 v _24924_/Y (HB1xp67_ASAP7_75t_R)
   0.0478    0.1468 ^ _31271_/Y (NAND2xp33_ASAP7_75t_R)
   0.0237    0.1705 v _31297_/Y (NOR2xp33_ASAP7_75t_R)
   0.0752    0.2458 ^ _31300_/Y (NOR4xp25_ASAP7_75t_R)
   0.0426    0.2884 ^ _31302_/Y (OR2x2_ASAP7_75t_R)
   0.0480    0.3363 v _31443_/Y (NAND4xp25_ASAP7_75t_R)
   0.0328    0.3692 ^ _31447_/Y (NOR2xp33_ASAP7_75t_R)
   0.0464    0.4155 v _31448_/Y (NOR2xp33_ASAP7_75t_R)
   0.0216    0.4372 ^ _32434_/Y (NOR2xp33_ASAP7_75t_R)
   0.0167    0.4539 v _32435_/Y (NOR2xp33_ASAP7_75t_R)
   0.0201    0.4739 ^ _32439_/Y (NOR4xp25_ASAP7_75t_R)
   0.0189    0.4928 v _32440_/Y (NOR2xp33_ASAP7_75t_R)
   0.0564    0.5492 ^ _32450_/Y (NOR3xp33_ASAP7_75t_R)
   0.0458    0.5950 v _32554_/Y (INVxp33_ASAP7_75t_R)
   0.0244    0.6195 ^ _32608_/Y (NAND5xp2_ASAP7_75t_R)
   0.0332    0.6527 ^ _32609_/Y (BUFx2_ASAP7_75t_R)
   0.0222    0.6748 ^ _32610_/Y (OR2x2_ASAP7_75t_R)
   0.0405    0.7153 ^ _32655_/Y (AND5x1_ASAP7_75t_R)
   0.0385    0.7538 ^ _32656_/Y (HB1xp67_ASAP7_75t_R)
   0.0293    0.7831 v _32702_/Y (NOR2xp33_ASAP7_75t_R)
   0.0475    0.8307 v _33238_/Y (HB1xp67_ASAP7_75t_R)
   0.0526    0.8833 v _33239_/Y (HB1xp67_ASAP7_75t_R)
   0.0326    0.9159 v _33334_/Y (AND2x2_ASAP7_75t_R)
   0.0297    0.9457 ^ _33335_/Y (NOR5xp2_ASAP7_75t_R)
   0.0210    0.9667 v _33336_/Y (NOR2xp33_ASAP7_75t_R)
   0.0260    0.9927 v _33337_/Y (OR2x2_ASAP7_75t_R)
   0.0189    1.0116 v _33338_/Y (HB1xp67_ASAP7_75t_R)
   0.0000    1.0116 v _47790_/D (DFFHQNx1_ASAP7_75t_R)
             1.0116   data arrival time

   1.0000    1.0000   clock clk (rise edge)
   0.0000    1.0000   clock network delay (ideal)
  -0.0500    0.9500   clock uncertainty
   0.0000    0.9500   clock reconvergence pessimism
             0.9500 ^ _47790_/CLK (DFFHQNx1_ASAP7_75t_R)
  -0.0006    0.9494   library setup time
             0.9494   data required time
-------------------------------------------------------------
             0.9494   data required time
            -1.0116   data arrival time
-------------------------------------------------------------
            -0.0622   slack (VIOLATED)



---------- hold (min) : critical path ----------
Warning 503: atlas_noc_router_asap7.tcl line 1, report_checks -group_count is deprecated. Use -group_path_count instead.
Startpoint: _47747_ (rising edge-triggered flip-flop clocked by clk)
Endpoint: _47747_ (rising edge-triggered flip-flop clocked by clk)
Path Group: clk
Path Type: min

    Delay      Time   Description
-------------------------------------------------------------
   0.0000    0.0000   clock clk (rise edge)
   0.0000    0.0000   clock network delay (ideal)
   0.0000    0.0000 ^ _47747_/CLK (DFFASRHQNx1_ASAP7_75t_R)
   0.0623    0.0623 ^ _47747_/QN (DFFASRHQNx1_ASAP7_75t_R)
   0.0136    0.0759 v _32699_/Y (XOR2xp5_ASAP7_75t_R)
   0.0000    0.0759 v _47747_/D (DFFASRHQNx1_ASAP7_75t_R)
             0.0759   data arrival time

   0.0000    0.0000   clock clk (rise edge)
   0.0000    0.0000   clock network delay (ideal)
   0.0500    0.0500   clock uncertainty
   0.0000    0.0500   clock reconvergence pessimism
             0.0500 ^ _47747_/CLK (DFFASRHQNx1_ASAP7_75t_R)
   0.0156    0.0656   library hold time
             0.0656   data required time
-------------------------------------------------------------
             0.0656   data required time
            -0.0759   data arrival time
-------------------------------------------------------------
             0.0103   slack (MET)


Startpoint: _47750_ (rising edge-triggered flip-flop clocked by clk)
Endpoint: _47750_ (rising edge-triggered flip-flop clocked by clk)
Path Group: clk
Path Type: min

    Delay      Time   Description
-------------------------------------------------------------
   0.0000    0.0000   clock clk (rise edge)
   0.0000    0.0000   clock network delay (ideal)
   0.0000    0.0000 ^ _47750_/CLK (DFFASRHQNx1_ASAP7_75t_R)
   0.0623    0.0623 ^ _47750_/QN (DFFASRHQNx1_ASAP7_75t_R)
   0.0138    0.0762 v _32712_/Y (XNOR2xp5_ASAP7_75t_R)
   0.0000    0.0762 v _47750_/D (DFFASRHQNx1_ASAP7_75t_R)
             0.0762   data arrival time

   0.0000    0.0000   clock clk (rise edge)
   0.0000    0.0000   clock network delay (ideal)
   0.0500    0.0500   clock uncertainty
   0.0000    0.0500   clock reconvergence pessimism
             0.0500 ^ _47750_/CLK (DFFASRHQNx1_ASAP7_75t_R)
   0.0150    0.0650   library hold time
             0.0650   data required time
-------------------------------------------------------------
             0.0650   data required time
            -0.0762   data arrival time
-------------------------------------------------------------
             0.0111   slack (MET)


Startpoint: _47753_ (rising edge-triggered flip-flop clocked by clk)
Endpoint: _47753_ (rising edge-triggered flip-flop clocked by clk)
Path Group: clk
Path Type: min

    Delay      Time   Description
-------------------------------------------------------------
   0.0000    0.0000   clock clk (rise edge)
   0.0000    0.0000   clock network delay (ideal)
   0.0000    0.0000 ^ _47753_/CLK (DFFASRHQNx1_ASAP7_75t_R)
   0.0623    0.0623 ^ _47753_/QN (DFFASRHQNx1_ASAP7_75t_R)
   0.0138    0.0762 v _32723_/Y (XNOR2xp5_ASAP7_75t_R)
   0.0000    0.0762 v _47753_/D (DFFASRHQNx1_ASAP7_75t_R)
             0.0762   data arrival time

   0.0000    0.0000   clock clk (rise edge)
   0.0000    0.0000   clock network delay (ideal)
   0.0500    0.0500   clock uncertainty
   0.0000    0.0500   clock reconvergence pessimism
             0.0500 ^ _47753_/CLK (DFFASRHQNx1_ASAP7_75t_R)
   0.0150    0.0650   library hold time
             0.0650   data required time
-------------------------------------------------------------
             0.0650   data required time
            -0.0762   data arrival time
-------------------------------------------------------------
             0.0111   slack (MET)



---------- slack summary ----------
setup WNS : -0.0622 ns
hold  WNS : 0.0103 ns
tns max -7.38
wns max -0.06

---------- design rule checks ----------

---------- power ----------
Group                  Internal  Switching    Leakage      Total
                          Power      Power      Power      Power (Watts)
----------------------------------------------------------------
Sequential           8.1009e-03 7.1920e-04 7.6722e-07 8.8209e-03  38.9%
Combinational        6.4515e-03 7.3820e-03 8.6400e-07 1.3834e-02  61.1%
Clock                0.0000e+00 0.0000e+00 0.0000e+00 0.0000e+00   0.0%
Macro                0.0000e+00 0.0000e+00 0.0000e+00 0.0000e+00   0.0%
Pad                  0.0000e+00 0.0000e+00 0.0000e+00 0.0000e+00   0.0%
----------------------------------------------------------------
Total                1.4553e-02 8.1014e-03 1.6312e-06 2.2656e-02 100.0%
                          64.2%      35.8%       0.0%

RESULT: TIMING NOT MET (setup WNS -0.0622 ns)
