Warning 1212: /home/user/ATLAS-MICRO-2026/syn/lib/asap7_simple.lib line 71029, timing group from output port.
Warning 1212: /home/user/ATLAS-MICRO-2026/syn/lib/asap7_simple.lib line 71505, timing group from output port.
Warning 1212: /home/user/ATLAS-MICRO-2026/syn/lib/asap7_simple.lib line 71981, timing group from output port.
Warning 1212: /home/user/ATLAS-MICRO-2026/syn/lib/asap7_simple.lib line 72457, timing group from output port.
Warning 1212: /home/user/ATLAS-MICRO-2026/syn/lib/asap7_simple.lib line 72933, timing group from output port.
Warning 1212: /home/user/ATLAS-MICRO-2026/syn/lib/asap7_simple.lib line 73409, timing group from output port.
Warning 1212: /home/user/ATLAS-MICRO-2026/syn/lib/asap7_simple.lib line 73885, timing group from output port.
Warning 1212: /home/user/ATLAS-MICRO-2026/syn/lib/asap7_simple.lib line 81795, timing group from output port.
Warning 1212: /home/user/ATLAS-MICRO-2026/syn/lib/asap7_simple.lib line 82271, timing group from output port.
Warning 1212: /home/user/ATLAS-MICRO-2026/syn/lib/asap7_simple.lib line 82747, timing group from output port.
==========================================================
  ATLAS static timing analysis
==========================================================
 time 1ns
 capacitance 1fF
 resistance 1kohm
 voltage 1v
 current 1mA
 power 1pW
 distance 1um

---------- clocks ----------
Clock                   Period          Waveform
----------------------------------------------------
clk                       1.00        0.00      0.50

---------- setup (max) : critical path ----------
Warning 503: atlas_pe_asap7.tcl line 1, report_checks -group_count is deprecated. Use -group_path_count instead.
Startpoint: _50305_ (rising edge-triggered flip-flop clocked by clk)
Endpoint: _52246_ (rising edge-triggered flip-flop clocked by clk)
Path Group: clk
Path Type: max

    Delay      Time   Description
-------------------------------------------------------------
   0.0000    0.0000   clock clk (rise edge)
   0.0000    0.0000   clock network delay (ideal)
   0.0000    0.0000 ^ _50305_/CLK (DFFHQNx1_ASAP7_75t_R)
   0.0657    0.0657 v _50305_/QN (DFFHQNx1_ASAP7_75t_R)
   0.0148    0.0805 ^ _25580_/Y (INVx2_ASAP7_75t_R)
   0.0198    0.1003 ^ _25581_/Y (BUFx6f_ASAP7_75t_R)
   0.0092    0.1095 v _25853_/Y (NOR2x1_ASAP7_75t_R)
   0.0100    0.1195 ^ _25854_/Y (NOR2xp67_ASAP7_75t_R)
   0.0109    0.1304 v _25855_/Y (NOR2xp33_ASAP7_75t_R)
   0.0145    0.1449 ^ _25856_/Y (NOR2xp33_ASAP7_75t_R)
   0.0126    0.1575 v _25857_/Y (NOR2xp33_ASAP7_75t_R)
   0.0176    0.1751 ^ _25859_/Y (NOR2xp33_ASAP7_75t_R)
   0.0236    0.1988 v _25860_/Y (NOR2xp67_ASAP7_75t_R)
   0.0165    0.2153 ^ _25861_/Y (NOR2x1_ASAP7_75t_R)
   0.0171    0.2324 v _25862_/Y (MAJIxp5_ASAP7_75t_R)
   0.0221    0.2546 ^ _25863_/Y (MAJIxp5_ASAP7_75t_R)
   0.0194    0.2739 v _25864_/Y (MAJIxp5_ASAP7_75t_R)
   0.0227    0.2966 ^ _25865_/Y (MAJIxp5_ASAP7_75t_R)
   0.0190    0.3156 v _25866_/Y (MAJIxp5_ASAP7_75t_R)
   0.0227    0.3383 ^ _25867_/Y (MAJIxp5_ASAP7_75t_R)
   0.0163    0.3547 v _25868_/Y (MAJIxp5_ASAP7_75t_R)
   0.0136    0.3683 ^ _25930_/Y (NAND4xp25_ASAP7_75t_R)
   0.0149    0.3832 v _25934_/Y (NAND3xp33_ASAP7_75t_R)
   0.0143    0.3975 ^ _25995_/Y (NAND4xp25_ASAP7_75t_R)
   0.0149    0.4124 v _25999_/Y (NAND3xp33_ASAP7_75t_R)
   0.0143    0.4268 ^ _26063_/Y (NAND4xp25_ASAP7_75t_R)
   0.0151    0.4418 v _26067_/Y (NAND3xp33_ASAP7_75t_R)
   0.0132    0.4550 ^ _26084_/Y (NAND3xp33_ASAP7_75t_R)
   0.0188    0.4738 v _26087_/Y (NAND4xp25_ASAP7_75t_R)
   0.0153    0.4891 ^ _26088_/Y (NAND2xp5_ASAP7_75t_R)
   0.0428    0.5320 ^ _26096_/Y (AND4x2_ASAP7_75t_R)
   0.0195    0.5515 v _26099_/Y (NOR2x1p5_ASAP7_75t_R)
   0.0322    0.5837 v _26105_/Y (OR2x2_ASAP7_75t_R)
   0.0201    0.6038 ^ _26107_/Y (NAND3x1_ASAP7_75t_R)
   0.0130    0.6168 v _26108_/Y (NAND2x1_ASAP7_75t_R)
   0.0220    0.6387 v _26109_/Y (AND2x4_ASAP7_75t_R)
   0.0157    0.6544 ^ _26110_/Y (NOR3x1_ASAP7_75t_R)
   0.0205    0.6749 v _26119_/Y (NOR3x1_ASAP7_75t_R)
   0.0228    0.6977 ^ _26122_/Y (NOR3xp33_ASAP7_75t_R)
   0.0236    0.7213 ^ _26132_/Y (OR3x1_ASAP7_75t_R)
   0.0404    0.7617 v _26142_/Y (XNOR2x2_ASAP7_75t_R)
   0.0250    0.7868 ^ _26153_/Y (NAND3x2_ASAP7_75t_R)
   0.0275    0.8143 v _26187_/Y (NOR3x2_ASAP7_75t_R)
   0.0317    0.8460 v _26188_/Y (BUFx2_ASAP7_75t_R)
   0.0191    0.8651 ^ _26196_/Y (NOR2xp33_ASAP7_75t_R)
   0.0178    0.8829 v _26202_/Y (NOR3xp33_ASAP7_75t_R)
   0.0252    0.9081 ^ _31577_/Y (NOR3xp33_ASAP7_75t_R)
   0.0172    0.9253 v _31658_/Y (NOR3xp33_ASAP7_75t_R)
   0.0171    0.9423 ^ _31659_/Y (NOR3xp33_ASAP7_75t_R)
   0.0227    0.9650 v _31662_/Y (NOR2xp33_ASAP7_75t_R)
   0.0311    0.9961 v _31663_/Y (XNOR2xp5_ASAP7_75t_R)
   0.0344    1.0305 v _31681_/Y (XOR2x2_ASAP7_75t_R)
   0.0157    1.0462 ^ _31682_/Y (NOR3x1_ASAP7_75t_R)
   0.0170    1.0632 v _31683_/Y (NOR2x1_ASAP7_75t_R)
   0.0268    1.0900 ^ _31702_/Y (MAJIxp5_ASAP7_75t_R)
   0.0440    1.1340 v _31703_/Y (XNOR2x2_ASAP7_75t_R)
   0.0196    1.1537 ^ _31704_/Y (NOR3x1_ASAP7_75t_R)
   0.0212    1.1748 v _31707_/Y (NOR2x1p5_ASAP7_75t_R)
   0.0154    1.1902 ^ _31716_/Y (NOR2x1p5_ASAP7_75t_R)
   0.0158    1.2060 v _31717_/Y (NOR2x1p5_ASAP7_75t_R)
   0.0192    1.2252 ^ _31718_/Y (NOR2x2_ASAP7_75t_R)
   0.0226    1.2478 v _31719_/Y (NOR3x1_ASAP7_75t_R)
   0.0347    1.2825 v _31720_/Y (BUFx3_ASAP7_75t_R)
   0.0143    1.2968 ^ _31759_/Y (NOR2x1_ASAP7_75t_R)
   0.0138    1.3106 v _31762_/Y (NOR2x1_ASAP7_75t_R)
   0.0307    1.3412 ^ _31763_/Y (XNOR2x2_ASAP7_75t_R)
   0.0000    1.3412 ^ _52246_/D (DFFHQNx1_ASAP7_75t_R)
             1.3412   data arrival time

   1.0000    1.0000   clock clk (rise edge)
   0.0000    1.0000   clock network delay (ideal)
  -0.0500    0.9500   clock uncertainty
   0.0000    0.9500   clock reconvergence pessimism
             0.9500 ^ _52246_/CLK (DFFHQNx1_ASAP7_75t_R)
  -0.0083    0.9417   library setup time
             0.9417   data required time
-------------------------------------------------------------
             0.9417   data required time
            -1.3412   data arrival time
-------------------------------------------------------------
            -0.3996   slack (VIOLATED)


Startpoint: _50305_ (rising edge-triggered flip-flop clocked by clk)
Endpoint: _52254_ (rising edge-triggered flip-flop clocked by clk)
Path Group: clk
Path Type: max

    Delay      Time   Description
-------------------------------------------------------------
   0.0000    0.0000   clock clk (rise edge)
   0.0000    0.0000   clock network delay (ideal)
   0.0000    0.0000 ^ _50305_/CLK (DFFHQNx1_ASAP7_75t_R)
   0.0657    0.0657 v _50305_/QN (DFFHQNx1_ASAP7_75t_R)
   0.0148    0.0805 ^ _25580_/Y (INVx2_ASAP7_75t_R)
   0.0198    0.1003 ^ _25581_/Y (BUFx6f_ASAP7_75t_R)
   0.0092    0.1095 v _25853_/Y (NOR2x1_ASAP7_75t_R)
   0.0100    0.1195 ^ _25854_/Y (NOR2xp67_ASAP7_75t_R)
   0.0109    0.1304 v _25855_/Y (NOR2xp33_ASAP7_75t_R)
   0.0145    0.1449 ^ _25856_/Y (NOR2xp33_ASAP7_75t_R)
   0.0126    0.1575 v _25857_/Y (NOR2xp33_ASAP7_75t_R)
   0.0176    0.1751 ^ _25859_/Y (NOR2xp33_ASAP7_75t_R)
   0.0236    0.1988 v _25860_/Y (NOR2xp67_ASAP7_75t_R)
   0.0165    0.2153 ^ _25861_/Y (NOR2x1_ASAP7_75t_R)
   0.0171    0.2324 v _25862_/Y (MAJIxp5_ASAP7_75t_R)
   0.0221    0.2546 ^ _25863_/Y (MAJIxp5_ASAP7_75t_R)
   0.0194    0.2739 v _25864_/Y (MAJIxp5_ASAP7_75t_R)
   0.0227    0.2966 ^ _25865_/Y (MAJIxp5_ASAP7_75t_R)
   0.0190    0.3156 v _25866_/Y (MAJIxp5_ASAP7_75t_R)
   0.0227    0.3383 ^ _25867_/Y (MAJIxp5_ASAP7_75t_R)
   0.0163    0.3547 v _25868_/Y (MAJIxp5_ASAP7_75t_R)
   0.0136    0.3683 ^ _25930_/Y (NAND4xp25_ASAP7_75t_R)
   0.0149    0.3832 v _25934_/Y (NAND3xp33_ASAP7_75t_R)
   0.0143    0.3975 ^ _25995_/Y (NAND4xp25_ASAP7_75t_R)
   0.0149    0.4124 v _25999_/Y (NAND3xp33_ASAP7_75t_R)
   0.0143    0.4268 ^ _26063_/Y (NAND4xp25_ASAP7_75t_R)
   0.0151    0.4418 v _26067_/Y (NAND3xp33_ASAP7_75t_R)
   0.0132    0.4550 ^ _26084_/Y (NAND3xp33_ASAP7_75t_R)
   0.0188    0.4738 v _26087_/Y (NAND4xp25_ASAP7_75t_R)
   0.0153    0.4891 ^ _26088_/Y (NAND2xp5_ASAP7_75t_R)
   0.0428    0.5320 ^ _26096_/Y (AND4x2_ASAP7_75t_R)
   0.0195    0.5515 v _26099_/Y (NOR2x1p5_ASAP7_75t_R)
   0.0322    0.5837 v _26105_/Y (OR2x2_ASAP7_75t_R)
   0.0201    0.6038 ^ _26107_/Y (NAND3x1_ASAP7_75t_R)
   0.0130    0.6168 v _26108_/Y (NAND2x1_ASAP7_75t_R)
   0.0220    0.6387 v _26109_/Y (AND2x4_ASAP7_75t_R)
   0.0157    0.6544 ^ _26110_/Y (NOR3x1_ASAP7_75t_R)
   0.0205    0.6749 v _26119_/Y (NOR3x1_ASAP7_75t_R)
   0.0228    0.6977 ^ _26122_/Y (NOR3xp33_ASAP7_75t_R)
   0.0236    0.7213 ^ _26132_/Y (OR3x1_ASAP7_75t_R)
   0.0404    0.7617 v _26142_/Y (XNOR2x2_ASAP7_75t_R)
   0.0250    0.7868 ^ _26153_/Y (NAND3x2_ASAP7_75t_R)
   0.0275    0.8143 v _26187_/Y (NOR3x2_ASAP7_75t_R)
   0.0317    0.8460 v _26188_/Y (BUFx2_ASAP7_75t_R)
   0.0191    0.8651 ^ _26196_/Y (NOR2xp33_ASAP7_75t_R)
   0.0178    0.8829 v _26202_/Y (NOR3xp33_ASAP7_75t_R)
   0.0252    0.9081 ^ _31577_/Y (NOR3xp33_ASAP7_75t_R)
   0.0172    0.9253 v _31658_/Y (NOR3xp33_ASAP7_75t_R)
   0.0171    0.9423 ^ _31659_/Y (NOR3xp33_ASAP7_75t_R)
   0.0227    0.9650 v _31662_/Y (NOR2xp33_ASAP7_75t_R)
   0.0311    0.9961 v _31663_/Y (XNOR2xp5_ASAP7_75t_R)
   0.0344    1.0305 v _31681_/Y (XOR2x2_ASAP7_75t_R)
   0.0157    1.0462 ^ _31682_/Y (NOR3x1_ASAP7_75t_R)
   0.0170    1.0632 v _31683_/Y (NOR2x1_ASAP7_75t_R)
   0.0268    1.0900 ^ _31702_/Y (MAJIxp5_ASAP7_75t_R)
   0.0440    1.1340 v _31703_/Y (XNOR2x2_ASAP7_75t_R)
   0.0196    1.1537 ^ _31704_/Y (NOR3x1_ASAP7_75t_R)
   0.0212    1.1748 v _31707_/Y (NOR2x1p5_ASAP7_75t_R)
   0.0154    1.1902 ^ _31716_/Y (NOR2x1p5_ASAP7_75t_R)
   0.0158    1.2060 v _31717_/Y (NOR2x1p5_ASAP7_75t_R)
   0.0192    1.2252 ^ _31718_/Y (NOR2x2_ASAP7_75t_R)
   0.0226    1.2478 v _31719_/Y (NOR3x1_ASAP7_75t_R)
   0.0231    1.2708 ^ _31837_/Y (NOR2x1_ASAP7_75t_R)
   0.0200    1.2909 v _31838_/Y (NOR2x1p5_ASAP7_75t_R)
   0.0341    1.3249 v _31903_/Y (OR3x1_ASAP7_75t_R)
   0.0129    1.3378 ^ _31910_/Y (NAND2x1_ASAP7_75t_R)
   0.0000    1.3378 ^ _52254_/D (DFFHQNx1_ASAP7_75t_R)
             1.3378   data arrival time

   1.0000    1.0000   clock clk (rise edge)
   0.0000    1.0000   clock network delay (ideal)
  -0.0500    0.9500   clock uncertainty
   0.0000    0.9500   clock reconvergence pessimism
             0.9500 ^ _52254_/CLK (DFFHQNx1_ASAP7_75t_R)
  -0.0092    0.9408   library setup time
             0.9408   data required time
-------------------------------------------------------------
             0.9408   data required time
            -1.3378   data arrival time
-------------------------------------------------------------
            -0.3969   slack (VIOLATED)


Startpoint: _50305_ (rising edge-triggered flip-flop clocked by clk)
Endpoint: _52247_ (rising edge-triggered flip-flop clocked by clk)
Path Group: clk
Path Type: max

    Delay      Time   Description
-------------------------------------------------------------
   0.0000    0.0000   clock clk (rise edge)
   0.0000    0.0000   clock network delay (ideal)
   0.0000    0.0000 ^ _50305_/CLK (DFFHQNx1_ASAP7_75t_R)
   0.0657    0.0657 v _50305_/QN (DFFHQNx1_ASAP7_75t_R)
   0.0148    0.0805 ^ _25580_/Y (INVx2_ASAP7_75t_R)
   0.0198    0.1003 ^ _25581_/Y (BUFx6f_ASAP7_75t_R)
   0.0092    0.1095 v _25853_/Y (NOR2x1_ASAP7_75t_R)
   0.0100    0.1195 ^ _25854_/Y (NOR2xp67_ASAP7_75t_R)
   0.0109    0.1304 v _25855_/Y (NOR2xp33_ASAP7_75t_R)
   0.0145    0.1449 ^ _25856_/Y (NOR2xp33_ASAP7_75t_R)
   0.0126    0.1575 v _25857_/Y (NOR2xp33_ASAP7_75t_R)
   0.0176    0.1751 ^ _25859_/Y (NOR2xp33_ASAP7_75t_R)
   0.0236    0.1988 v _25860_/Y (NOR2xp67_ASAP7_75t_R)
   0.0165    0.2153 ^ _25861_/Y (NOR2x1_ASAP7_75t_R)
   0.0171    0.2324 v _25862_/Y (MAJIxp5_ASAP7_75t_R)
   0.0221    0.2546 ^ _25863_/Y (MAJIxp5_ASAP7_75t_R)
   0.0194    0.2739 v _25864_/Y (MAJIxp5_ASAP7_75t_R)
   0.0227    0.2966 ^ _25865_/Y (MAJIxp5_ASAP7_75t_R)
   0.0190    0.3156 v _25866_/Y (MAJIxp5_ASAP7_75t_R)
   0.0227    0.3383 ^ _25867_/Y (MAJIxp5_ASAP7_75t_R)
   0.0163    0.3547 v _25868_/Y (MAJIxp5_ASAP7_75t_R)
   0.0136    0.3683 ^ _25930_/Y (NAND4xp25_ASAP7_75t_R)
   0.0149    0.3832 v _25934_/Y (NAND3xp33_ASAP7_75t_R)
   0.0143    0.3975 ^ _25995_/Y (NAND4xp25_ASAP7_75t_R)
   0.0149    0.4124 v _25999_/Y (NAND3xp33_ASAP7_75t_R)
   0.0143    0.4268 ^ _26063_/Y (NAND4xp25_ASAP7_75t_R)
   0.0151    0.4418 v _26067_/Y (NAND3xp33_ASAP7_75t_R)
   0.0132    0.4550 ^ _26084_/Y (NAND3xp33_ASAP7_75t_R)
   0.0188    0.4738 v _26087_/Y (NAND4xp25_ASAP7_75t_R)
   0.0153    0.4891 ^ _26088_/Y (NAND2xp5_ASAP7_75t_R)
   0.0428    0.5320 ^ _26096_/Y (AND4x2_ASAP7_75t_R)
   0.0195    0.5515 v _26099_/Y (NOR2x1p5_ASAP7_75t_R)
   0.0322    0.5837 v _26105_/Y (OR2x2_ASAP7_75t_R)
   0.0201    0.6038 ^ _26107_/Y (NAND3x1_ASAP7_75t_R)
   0.0130    0.6168 v _26108_/Y (NAND2x1_ASAP7_75t_R)
   0.0220    0.6387 v _26109_/Y (AND2x4_ASAP7_75t_R)
   0.0157    0.6544 ^ _26110_/Y (NOR3x1_ASAP7_75t_R)
   0.0205    0.6749 v _26119_/Y (NOR3x1_ASAP7_75t_R)
   0.0228    0.6977 ^ _26122_/Y (NOR3xp33_ASAP7_75t_R)
   0.0236    0.7213 ^ _26132_/Y (OR3x1_ASAP7_75t_R)
   0.0404    0.7617 v _26142_/Y (XNOR2x2_ASAP7_75t_R)
   0.0250    0.7868 ^ _26153_/Y (NAND3x2_ASAP7_75t_R)
   0.0275    0.8143 v _26187_/Y (NOR3x2_ASAP7_75t_R)
   0.0317    0.8460 v _26188_/Y (BUFx2_ASAP7_75t_R)
   0.0191    0.8651 ^ _26196_/Y (NOR2xp33_ASAP7_75t_R)
   0.0178    0.8829 v _26202_/Y (NOR3xp33_ASAP7_75t_R)
   0.0252    0.9081 ^ _31577_/Y (NOR3xp33_ASAP7_75t_R)
   0.0172    0.9253 v _31658_/Y (NOR3xp33_ASAP7_75t_R)
   0.0171    0.9423 ^ _31659_/Y (NOR3xp33_ASAP7_75t_R)
   0.0227    0.9650 v _31662_/Y (NOR2xp33_ASAP7_75t_R)
   0.0311    0.9961 v _31663_/Y (XNOR2xp5_ASAP7_75t_R)
   0.0344    1.0305 v _31681_/Y (XOR2x2_ASAP7_75t_R)
   0.0157    1.0462 ^ _31682_/Y (NOR3x1_ASAP7_75t_R)
   0.0170    1.0632 v _31683_/Y (NOR2x1_ASAP7_75t_R)
   0.0268    1.0900 ^ _31702_/Y (MAJIxp5_ASAP7_75t_R)
   0.0440    1.1340 v _31703_/Y (XNOR2x2_ASAP7_75t_R)
   0.0196    1.1537 ^ _31704_/Y (NOR3x1_ASAP7_75t_R)
   0.0212    1.1748 v _31707_/Y (NOR2x1p5_ASAP7_75t_R)
   0.0154    1.1902 ^ _31716_/Y (NOR2x1p5_ASAP7_75t_R)
   0.0158    1.2060 v _31717_/Y (NOR2x1p5_ASAP7_75t_R)
   0.0192    1.2252 ^ _31718_/Y (NOR2x2_ASAP7_75t_R)
   0.0226    1.2478 v _31719_/Y (NOR3x1_ASAP7_75t_R)
   0.0347    1.2825 v _31720_/Y (BUFx3_ASAP7_75t_R)
   0.0158    1.2983 ^ _31779_/Y (NOR2xp33_ASAP7_75t_R)
   0.0215    1.3198 ^ _31783_/Y (OR2x2_ASAP7_75t_R)
   0.0167    1.3365 ^ _31784_/Y (BUFx2_ASAP7_75t_R)
   0.0000    1.3365 ^ _52247_/D (DFFHQNx1_ASAP7_75t_R)
             1.3365   data arrival time

   1.0000    1.0000   clock clk (rise edge)
   0.0000    1.0000   clock network delay (ideal)
  -0.0500    0.9500   clock uncertainty
   0.0000    0.9500   clock reconvergence pessimism
             0.9500 ^ _52247_/CLK (DFFHQNx1_ASAP7_75t_R)
  -0.0078    0.9422   library setup time
             0.9422   data required time
-------------------------------------------------------------
             0.9422   data required time
            -1.3365   data arrival time
-------------------------------------------------------------
            -0.3943   slack (VIOLATED)



---------- hold (min) : critical path ----------
Warning 503: atlas_pe_asap7.tcl line 1, report_checks -group_count is deprecated. Use -group_path_count instead.
Startpoint: _50071_ (rising edge-triggered flip-flop clocked by clk)
Endpoint: _50070_ (rising edge-triggered flip-flop clocked by clk)
Path Group: clk
Path Type: min

    Delay      Time   Description
-------------------------------------------------------------
   0.0000    0.0000   clock clk (rise edge)
   0.0000    0.0000   clock network delay (ideal)
   0.0000    0.0000 ^ _50071_/CLK (DFFHQNx1_ASAP7_75t_R)
   0.0501    0.0501 ^ _50071_/QN (DFFHQNx1_ASAP7_75t_R)
   0.0080    0.0581 v _33760_/Y (INVx1_ASAP7_75t_R)
   0.0000    0.0581 v _50070_/D (DFFHQNx1_ASAP7_75t_R)
             0.0581   data arrival time

   0.0000    0.0000   clock clk (rise edge)
   0.0000    0.0000   clock network delay (ideal)
   0.0500    0.0500   clock uncertainty
   0.0000    0.0500   clock reconvergence pessimism
             0.0500 ^ _50070_/CLK (DFFHQNx1_ASAP7_75t_R)
   0.0149    0.0649   library hold time
             0.0649   data required time
-------------------------------------------------------------
             0.0649   data required time
            -0.0581   data arrival time
-------------------------------------------------------------
            -0.0068   slack (VIOLATED)


Startpoint: _50072_ (rising edge-triggered flip-flop clocked by clk)
Endpoint: _50071_ (rising edge-triggered flip-flop clocked by clk)
Path Group: clk
Path Type: min

    Delay      Time   Description
-------------------------------------------------------------
   0.0000    0.0000   clock clk (rise edge)
   0.0000    0.0000   clock network delay (ideal)
   0.0000    0.0000 ^ _50072_/CLK (DFFHQNx1_ASAP7_75t_R)
   0.0501    0.0501 ^ _50072_/QN (DFFHQNx1_ASAP7_75t_R)
   0.0080    0.0581 v _33761_/Y (INVx1_ASAP7_75t_R)
   0.0000    0.0581 v _50071_/D (DFFHQNx1_ASAP7_75t_R)
             0.0581   data arrival time

   0.0000    0.0000   clock clk (rise edge)
   0.0000    0.0000   clock network delay (ideal)
   0.0500    0.0500   clock uncertainty
   0.0000    0.0500   clock reconvergence pessimism
             0.0500 ^ _50071_/CLK (DFFHQNx1_ASAP7_75t_R)
   0.0149    0.0649   library hold time
             0.0649   data required time
-------------------------------------------------------------
             0.0649   data required time
            -0.0581   data arrival time
-------------------------------------------------------------
            -0.0068   slack (VIOLATED)


Startpoint: _50073_ (rising edge-triggered flip-flop clocked by clk)
Endpoint: _50072_ (rising edge-triggered flip-flop clocked by clk)
Path Group: clk
Path Type: min

    Delay      Time   Description
-------------------------------------------------------------
   0.0000    0.0000   clock clk (rise edge)
   0.0000    0.0000   clock network delay (ideal)
   0.0000    0.0000 ^ _50073_/CLK (DFFHQNx1_ASAP7_75t_R)
   0.0501    0.0501 ^ _50073_/QN (DFFHQNx1_ASAP7_75t_R)
   0.0080    0.0581 v _33762_/Y (INVx1_ASAP7_75t_R)
   0.0000    0.0581 v _50072_/D (DFFHQNx1_ASAP7_75t_R)
             0.0581   data arrival time

   0.0000    0.0000   clock clk (rise edge)
   0.0000    0.0000   clock network delay (ideal)
   0.0500    0.0500   clock uncertainty
   0.0000    0.0500   clock reconvergence pessimism
             0.0500 ^ _50072_/CLK (DFFHQNx1_ASAP7_75t_R)
   0.0149    0.0649   library hold time
             0.0649   data required time
-------------------------------------------------------------
             0.0649   data required time
            -0.0581   data arrival time
-------------------------------------------------------------
            -0.0068   slack (VIOLATED)



---------- slack summary ----------
setup WNS : -0.3996 ns
hold  WNS : -0.0068 ns
tns max -44.76
wns max -0.40

---------- design rule checks ----------

---------- power ----------
Group                  Internal  Switching    Leakage      Total
                          Power      Power      Power      Power (Watts)
----------------------------------------------------------------
Sequential           3.7850e-03 2.5643e-04 4.9585e-07 4.0419e-03  28.7%
Combinational        4.5113e-03 5.5485e-03 1.2306e-06 1.0061e-02  71.3%
Clock                0.0000e+00 0.0000e+00 0.0000e+00 0.0000e+00   0.0%
Macro                0.0000e+00 0.0000e+00 0.0000e+00 0.0000e+00   0.0%
Pad                  0.0000e+00 0.0000e+00 0.0000e+00 0.0000e+00   0.0%
----------------------------------------------------------------
Total                8.2963e-03 5.8050e-03 1.7264e-06 1.4103e-02 100.0%
                          58.8%      41.2%       0.0%

RESULT: TIMING NOT MET (setup WNS -0.3996 ns)
