Warning 1212: /home/user/ATLAS-MICRO-2026/syn/lib/asap7_simple.lib line 71029, timing group from output port.
Warning 1212: /home/user/ATLAS-MICRO-2026/syn/lib/asap7_simple.lib line 71505, timing group from output port.
Warning 1212: /home/user/ATLAS-MICRO-2026/syn/lib/asap7_simple.lib line 71981, timing group from output port.
Warning 1212: /home/user/ATLAS-MICRO-2026/syn/lib/asap7_simple.lib line 72457, timing group from output port.
Warning 1212: /home/user/ATLAS-MICRO-2026/syn/lib/asap7_simple.lib line 72933, timing group from output port.
Warning 1212: /home/user/ATLAS-MICRO-2026/syn/lib/asap7_simple.lib line 73409, timing group from output port.
Warning 1212: /home/user/ATLAS-MICRO-2026/syn/lib/asap7_simple.lib line 73885, timing group from output port.
Warning 1212: /home/user/ATLAS-MICRO-2026/syn/lib/asap7_simple.lib line 81795, timing group from output port.
Warning 1212: /home/user/ATLAS-MICRO-2026/syn/lib/asap7_simple.lib line 82271, timing group from output port.
Warning 1212: /home/user/ATLAS-MICRO-2026/syn/lib/asap7_simple.lib line 82747, timing group from output port.
==========================================================
  ATLAS static timing analysis
==========================================================
 time 1ns
 capacitance 1fF
 resistance 1kohm
 voltage 1v
 current 1mA
 power 1pW
 distance 1um

---------- clocks ----------
Clock                   Period          Waveform
----------------------------------------------------
clk                       1.00        0.00      0.50

---------- setup (max) : critical path ----------
Warning 503: atlas_dot_unit_asap7.tcl line 1, report_checks -group_count is deprecated. Use -group_path_count instead.
Startpoint: _46104_ (rising edge-triggered flip-flop clocked by clk)
Endpoint: _45985_ (rising edge-triggered flip-flop clocked by clk)
Path Group: clk
Path Type: max

    Delay      Time   Description
-------------------------------------------------------------
   0.0000    0.0000   clock clk (rise edge)
   0.0000    0.0000   clock network delay (ideal)
   0.0000    0.0000 ^ _46104_/CLK (DFFHQNx1_ASAP7_75t_R)
   0.0666    0.0666 ^ _46104_/QN (DFFHQNx1_ASAP7_75t_R)
   0.0361    0.1028 ^ _40526_/Y (AND4x1_ASAP7_75t_R)
   0.0100    0.1127 v _40535_/Y (NAND2xp5_ASAP7_75t_R)
   0.0146    0.1274 ^ _40536_/Y (NAND4xp25_ASAP7_75t_R)
   0.0195    0.1469 v _40538_/Y (NAND4xp25_ASAP7_75t_R)
   0.0183    0.1651 ^ _40539_/Y (NAND3xp33_ASAP7_75t_R)
   0.0143    0.1794 v _40540_/Y (NAND3xp33_ASAP7_75t_R)
   0.0168    0.1963 ^ _40541_/Y (NAND3xp33_ASAP7_75t_R)
   0.0281    0.2244 ^ _40542_/Y (AND3x1_ASAP7_75t_R)
   0.0198    0.2442 v _40543_/Y (NOR3x1_ASAP7_75t_R)
   0.0335    0.2777 ^ _40547_/Y (NOR3x1_ASAP7_75t_R)
   0.0347    0.3125 v _40554_/Y (NOR2x1_ASAP7_75t_R)
   0.0309    0.3434 v _40612_/Y (OR2x2_ASAP7_75t_R)
   0.0237    0.3670 v _40613_/Y (BUFx3_ASAP7_75t_R)
   0.0167    0.3838 ^ _40621_/Y (NOR3xp33_ASAP7_75t_R)
   0.0191    0.4029 v _40622_/Y (NOR3xp33_ASAP7_75t_R)
   0.0422    0.4451 ^ _40736_/Y (NOR5xp2_ASAP7_75t_R)
   0.0575    0.5027 ^ _40769_/Y (AND5x1_ASAP7_75t_R)
   0.0502    0.5529 v _40803_/Y (NAND5xp2_ASAP7_75t_R)
   0.0877    0.6406 ^ _40846_/Y (NOR5xp2_ASAP7_75t_R)
   0.0711    0.7116 ^ _40887_/Y (AND5x1_ASAP7_75t_R)
   0.0453    0.7569 ^ _40943_/Y (AND5x2_ASAP7_75t_R)
   0.0239    0.7809 v _40978_/Y (NAND4xp75_ASAP7_75t_R)
   0.0281    0.8090 ^ _41002_/Y (NOR4xp75_ASAP7_75t_R)
   0.0326    0.8416 ^ _41003_/Y (MAJx2_ASAP7_75t_R)
   0.0216    0.8632 v _41004_/Y (MAJIxp5_ASAP7_75t_R)
   0.0338    0.8970 ^ _41005_/Y (MAJIxp5_ASAP7_75t_R)
   0.0284    0.9253 v _41006_/Y (MAJIxp5_ASAP7_75t_R)
   0.0337    0.9590 ^ _41007_/Y (MAJIxp5_ASAP7_75t_R)
   0.0283    0.9874 v _41008_/Y (MAJIxp5_ASAP7_75t_R)
   0.0345    1.0218 v _41017_/Y (XNOR2xp5_ASAP7_75t_R)
   0.0430    1.0648 ^ _41035_/Y (NOR5xp2_ASAP7_75t_R)
   0.0270    1.0919 v _41036_/Y (NAND3x1_ASAP7_75t_R)
   0.0325    1.1244 v _41037_/Y (AND2x2_ASAP7_75t_R)
   0.0377    1.1620 ^ _41042_/Y (NAND3x2_ASAP7_75t_R)
   0.0354    1.1975 ^ _41062_/Y (BUFx12f_ASAP7_75t_R)
   0.0151    1.2126 v _41090_/Y (NOR3x1_ASAP7_75t_R)
   0.0000    1.2126 v _45985_/D (DFFHQNx1_ASAP7_75t_R)
             1.2126   data arrival time

   1.0000    1.0000   clock clk (rise edge)
   0.0000    1.0000   clock network delay (ideal)
  -0.0500    0.9500   clock uncertainty
   0.0000    0.9500   clock reconvergence pessimism
             0.9500 ^ _45985_/CLK (DFFHQNx1_ASAP7_75t_R)
  -0.0036    0.9464   library setup time
             0.9464   data required time
-------------------------------------------------------------
             0.9464   data required time
            -1.2126   data arrival time
-------------------------------------------------------------
            -0.2662   slack (VIOLATED)


Startpoint: _46104_ (rising edge-triggered flip-flop clocked by clk)
Endpoint: _45979_ (rising edge-triggered flip-flop clocked by clk)
Path Group: clk
Path Type: max

    Delay      Time   Description
-------------------------------------------------------------
   0.0000    0.0000   clock clk (rise edge)
   0.0000    0.0000   clock network delay (ideal)
   0.0000    0.0000 ^ _46104_/CLK (DFFHQNx1_ASAP7_75t_R)
   0.0666    0.0666 ^ _46104_/QN (DFFHQNx1_ASAP7_75t_R)
   0.0361    0.1028 ^ _40526_/Y (AND4x1_ASAP7_75t_R)
   0.0100    0.1127 v _40535_/Y (NAND2xp5_ASAP7_75t_R)
   0.0146    0.1274 ^ _40536_/Y (NAND4xp25_ASAP7_75t_R)
   0.0195    0.1469 v _40538_/Y (NAND4xp25_ASAP7_75t_R)
   0.0183    0.1651 ^ _40539_/Y (NAND3xp33_ASAP7_75t_R)
   0.0143    0.1794 v _40540_/Y (NAND3xp33_ASAP7_75t_R)
   0.0168    0.1963 ^ _40541_/Y (NAND3xp33_ASAP7_75t_R)
   0.0281    0.2244 ^ _40542_/Y (AND3x1_ASAP7_75t_R)
   0.0198    0.2442 v _40543_/Y (NOR3x1_ASAP7_75t_R)
   0.0335    0.2777 ^ _40547_/Y (NOR3x1_ASAP7_75t_R)
   0.0347    0.3125 v _40554_/Y (NOR2x1_ASAP7_75t_R)
   0.0309    0.3434 v _40612_/Y (OR2x2_ASAP7_75t_R)
   0.0237    0.3670 v _40613_/Y (BUFx3_ASAP7_75t_R)
   0.0167    0.3838 ^ _40621_/Y (NOR3xp33_ASAP7_75t_R)
   0.0191    0.4029 v _40622_/Y (NOR3xp33_ASAP7_75t_R)
   0.0422    0.4451 ^ _40736_/Y (NOR5xp2_ASAP7_75t_R)
   0.0575    0.5027 ^ _40769_/Y (AND5x1_ASAP7_75t_R)
   0.0502    0.5529 v _40803_/Y (NAND5xp2_ASAP7_75t_R)
   0.0877    0.6406 ^ _40846_/Y (NOR5xp2_ASAP7_75t_R)
   0.0711    0.7116 ^ _40887_/Y (AND5x1_ASAP7_75t_R)
   0.0453    0.7569 ^ _40943_/Y (AND5x2_ASAP7_75t_R)
   0.0239    0.7809 v _40978_/Y (NAND4xp75_ASAP7_75t_R)
   0.0281    0.8090 ^ _41002_/Y (NOR4xp75_ASAP7_75t_R)
   0.0326    0.8416 ^ _41003_/Y (MAJx2_ASAP7_75t_R)
   0.0216    0.8632 v _41004_/Y (MAJIxp5_ASAP7_75t_R)
   0.0338    0.8970 ^ _41005_/Y (MAJIxp5_ASAP7_75t_R)
   0.0284    0.9253 v _41006_/Y (MAJIxp5_ASAP7_75t_R)
   0.0337    0.9590 ^ _41007_/Y (MAJIxp5_ASAP7_75t_R)
   0.0283    0.9874 v _41008_/Y (MAJIxp5_ASAP7_75t_R)
   0.0345    1.0218 v _41017_/Y (XNOR2xp5_ASAP7_75t_R)
   0.0430    1.0648 ^ _41035_/Y (NOR5xp2_ASAP7_75t_R)
   0.0270    1.0919 v _41036_/Y (NAND3x1_ASAP7_75t_R)
   0.0325    1.1244 v _41037_/Y (AND2x2_ASAP7_75t_R)
   0.0377    1.1620 ^ _41042_/Y (NAND3x2_ASAP7_75t_R)
   0.0354    1.1975 ^ _41062_/Y (BUFx12f_ASAP7_75t_R)
   0.0151    1.2126 v _41070_/Y (NOR3x1_ASAP7_75t_R)
   0.0000    1.2126 v _45979_/D (DFFHQNx1_ASAP7_75t_R)
             1.2126   data arrival time

   1.0000    1.0000   clock clk (rise edge)
   0.0000    1.0000   clock network delay (ideal)
  -0.0500    0.9500   clock uncertainty
   0.0000    0.9500   clock reconvergence pessimism
             0.9500 ^ _45979_/CLK (DFFHQNx1_ASAP7_75t_R)
  -0.0031    0.9469   library setup time
             0.9469   data required time
-------------------------------------------------------------
             0.9469   data required time
            -1.2126   data arrival time
-------------------------------------------------------------
            -0.2657   slack (VIOLATED)


Startpoint: _46104_ (rising edge-triggered flip-flop clocked by clk)
Endpoint: _45978_ (rising edge-triggered flip-flop clocked by clk)
Path Group: clk
Path Type: max

    Delay      Time   Description
-------------------------------------------------------------
   0.0000    0.0000   clock clk (rise edge)
   0.0000    0.0000   clock network delay (ideal)
   0.0000    0.0000 ^ _46104_/CLK (DFFHQNx1_ASAP7_75t_R)
   0.0666    0.0666 ^ _46104_/QN (DFFHQNx1_ASAP7_75t_R)
   0.0361    0.1028 ^ _40526_/Y (AND4x1_ASAP7_75t_R)
   0.0100    0.1127 v _40535_/Y (NAND2xp5_ASAP7_75t_R)
   0.0146    0.1274 ^ _40536_/Y (NAND4xp25_ASAP7_75t_R)
   0.0195    0.1469 v _40538_/Y (NAND4xp25_ASAP7_75t_R)
   0.0183    0.1651 ^ _40539_/Y (NAND3xp33_ASAP7_75t_R)
   0.0143    0.1794 v _40540_/Y (NAND3xp33_ASAP7_75t_R)
   0.0168    0.1963 ^ _40541_/Y (NAND3xp33_ASAP7_75t_R)
   0.0281    0.2244 ^ _40542_/Y (AND3x1_ASAP7_75t_R)
   0.0198    0.2442 v _40543_/Y (NOR3x1_ASAP7_75t_R)
   0.0335    0.2777 ^ _40547_/Y (NOR3x1_ASAP7_75t_R)
   0.0347    0.3125 v _40554_/Y (NOR2x1_ASAP7_75t_R)
   0.0309    0.3434 v _40612_/Y (OR2x2_ASAP7_75t_R)
   0.0237    0.3670 v _40613_/Y (BUFx3_ASAP7_75t_R)
   0.0167    0.3838 ^ _40621_/Y (NOR3xp33_ASAP7_75t_R)
   0.0191    0.4029 v _40622_/Y (NOR3xp33_ASAP7_75t_R)
   0.0422    0.4451 ^ _40736_/Y (NOR5xp2_ASAP7_75t_R)
   0.0575    0.5027 ^ _40769_/Y (AND5x1_ASAP7_75t_R)
   0.0502    0.5529 v _40803_/Y (NAND5xp2_ASAP7_75t_R)
   0.0877    0.6406 ^ _40846_/Y (NOR5xp2_ASAP7_75t_R)
   0.0711    0.7116 ^ _40887_/Y (AND5x1_ASAP7_75t_R)
   0.0453    0.7569 ^ _40943_/Y (AND5x2_ASAP7_75t_R)
   0.0239    0.7809 v _40978_/Y (NAND4xp75_ASAP7_75t_R)
   0.0281    0.8090 ^ _41002_/Y (NOR4xp75_ASAP7_75t_R)
   0.0326    0.8416 ^ _41003_/Y (MAJx2_ASAP7_75t_R)
   0.0216    0.8632 v _41004_/Y (MAJIxp5_ASAP7_75t_R)
   0.0338    0.8970 ^ _41005_/Y (MAJIxp5_ASAP7_75t_R)
   0.0284    0.9253 v _41006_/Y (MAJIxp5_ASAP7_75t_R)
   0.0337    0.9590 ^ _41007_/Y (MAJIxp5_ASAP7_75t_R)
   0.0283    0.9874 v _41008_/Y (MAJIxp5_ASAP7_75t_R)
   0.0345    1.0218 v _41017_/Y (XNOR2xp5_ASAP7_75t_R)
   0.0430    1.0648 ^ _41035_/Y (NOR5xp2_ASAP7_75t_R)
   0.0270    1.0919 v _41036_/Y (NAND3x1_ASAP7_75t_R)
   0.0325    1.1244 v _41037_/Y (AND2x2_ASAP7_75t_R)
   0.0377    1.1620 ^ _41042_/Y (NAND3x2_ASAP7_75t_R)
   0.0354    1.1975 ^ _41062_/Y (BUFx12f_ASAP7_75t_R)
   0.0151    1.2126 v _41066_/Y (NOR3x1_ASAP7_75t_R)
   0.0000    1.2126 v _45978_/D (DFFHQNx1_ASAP7_75t_R)
             1.2126   data arrival time

   1.0000    1.0000   clock clk (rise edge)
   0.0000    1.0000   clock network delay (ideal)
  -0.0500    0.9500   clock uncertainty
   0.0000    0.9500   clock reconvergence pessimism
             0.9500 ^ _45978_/CLK (DFFHQNx1_ASAP7_75t_R)
  -0.0031    0.9469   library setup time
             0.9469   data required time
-------------------------------------------------------------
             0.9469   data required time
            -1.2126   data arrival time
-------------------------------------------------------------
            -0.2657   slack (VIOLATED)



---------- hold (min) : critical path ----------
Warning 503: atlas_dot_unit_asap7.tcl line 1, report_checks -group_count is deprecated. Use -group_path_count instead.
Startpoint: _44364_ (rising edge-triggered flip-flop clocked by clk)
Endpoint: _44734_ (rising edge-triggered flip-flop clocked by clk)
Path Group: clk
Path Type: min

    Delay      Time   Description
-------------------------------------------------------------
   0.0000    0.0000   clock clk (rise edge)
   0.0000    0.0000   clock network delay (ideal)
   0.0000    0.0000 ^ _44364_/CLK (DFFHQNx1_ASAP7_75t_R)
   0.0501    0.0501 ^ _44364_/QN (DFFHQNx1_ASAP7_75t_R)
   0.0080    0.0581 v _29247_/Y (INVx1_ASAP7_75t_R)
   0.0000    0.0581 v _44734_/D (DFFHQNx1_ASAP7_75t_R)
             0.0581   data arrival time

   0.0000    0.0000   clock clk (rise edge)
   0.0000    0.0000   clock network delay (ideal)
   0.0500    0.0500   clock uncertainty
   0.0000    0.0500   clock reconvergence pessimism
             0.0500 ^ _44734_/CLK (DFFHQNx1_ASAP7_75t_R)
   0.0149    0.0649   library hold time
             0.0649   data required time
-------------------------------------------------------------
             0.0649   data required time
            -0.0581   data arrival time
-------------------------------------------------------------
            -0.0068   slack (VIOLATED)


Startpoint: _44365_ (rising edge-triggered flip-flop clocked by clk)
Endpoint: _44735_ (rising edge-triggered flip-flop clocked by clk)
Path Group: clk
Path Type: min

    Delay      Time   Description
-------------------------------------------------------------
   0.0000    0.0000   clock clk (rise edge)
   0.0000    0.0000   clock network delay (ideal)
   0.0000    0.0000 ^ _44365_/CLK (DFFHQNx1_ASAP7_75t_R)
   0.0501    0.0501 ^ _44365_/QN (DFFHQNx1_ASAP7_75t_R)
   0.0080    0.0581 v _29248_/Y (INVx1_ASAP7_75t_R)
   0.0000    0.0581 v _44735_/D (DFFHQNx1_ASAP7_75t_R)
             0.0581   data arrival time

   0.0000    0.0000   clock clk (rise edge)
   0.0000    0.0000   clock network delay (ideal)
   0.0500    0.0500   clock uncertainty
   0.0000    0.0500   clock reconvergence pessimism
             0.0500 ^ _44735_/CLK (DFFHQNx1_ASAP7_75t_R)
   0.0149    0.0649   library hold time
             0.0649   data required time
-------------------------------------------------------------
             0.0649   data required time
            -0.0581   data arrival time
-------------------------------------------------------------
            -0.0068   slack (VIOLATED)


Startpoint: _44366_ (rising edge-triggered flip-flop clocked by clk)
Endpoint: _44736_ (rising edge-triggered flip-flop clocked by clk)
Path Group: clk
Path Type: min

    Delay      Time   Description
-------------------------------------------------------------
   0.0000    0.0000   clock clk (rise edge)
   0.0000    0.0000   clock network delay (ideal)
   0.0000    0.0000 ^ _44366_/CLK (DFFHQNx1_ASAP7_75t_R)
   0.0501    0.0501 ^ _44366_/QN (DFFHQNx1_ASAP7_75t_R)
   0.0080    0.0581 v _29249_/Y (INVx1_ASAP7_75t_R)
   0.0000    0.0581 v _44736_/D (DFFHQNx1_ASAP7_75t_R)
             0.0581   data arrival time

   0.0000    0.0000   clock clk (rise edge)
   0.0000    0.0000   clock network delay (ideal)
   0.0500    0.0500   clock uncertainty
   0.0000    0.0500   clock reconvergence pessimism
             0.0500 ^ _44736_/CLK (DFFHQNx1_ASAP7_75t_R)
   0.0149    0.0649   library hold time
             0.0649   data required time
-------------------------------------------------------------
             0.0649   data required time
            -0.0581   data arrival time
-------------------------------------------------------------
            -0.0068   slack (VIOLATED)



---------- slack summary ----------
setup WNS : -0.2662 ns
hold  WNS : -0.0068 ns
tns max -18.86
wns max -0.27

---------- design rule checks ----------

---------- power ----------
Group                  Internal  Switching    Leakage      Total
                          Power      Power      Power      Power (Watts)
----------------------------------------------------------------
Sequential           3.5866e-03 2.4611e-04 4.3757e-07 3.8331e-03  24.8%
Combinational        5.1269e-03 6.5183e-03 1.0825e-06 1.1646e-02  75.2%
Clock                0.0000e+00 0.0000e+00 0.0000e+00 0.0000e+00   0.0%
Macro                0.0000e+00 0.0000e+00 0.0000e+00 0.0000e+00   0.0%
Pad                  0.0000e+00 0.0000e+00 0.0000e+00 0.0000e+00   0.0%
----------------------------------------------------------------
Total                8.7134e-03 6.7644e-03 1.5201e-06 1.5479e-02 100.0%
                          56.3%      43.7%       0.0%

RESULT: TIMING NOT MET (setup WNS -0.2662 ns)
